 TSCSync

 Timestamp is 65a1f4ce (Sat Jan 13 03:26:22 2024)

 Preferred load address is 0000000180000000

 Start         Length     Name                   Class
 0001:00000000 00000020H .text$di                CODE
 0001:00000020 0004ae40H .text$mn                CODE
 0002:00000000 00000008H .CRT$XCA                DATA
 0002:00000008 00000008H .CRT$XCU                DATA
 0002:00000010 00000008H .CRT$XCZ                DATA
 0002:00000018 00000008H .CRT$XIA                DATA
 0002:00000020 00000008H .CRT$XIZ                DATA
 0002:00000028 00000008H .CRT$XPA                DATA
 0002:00000030 00000008H .CRT$XPZ                DATA
 0002:00000038 00000008H .CRT$XTA                DATA
 0002:00000040 00000010H .CRT$XTZ                DATA
 0002:00000050 00010becH .rdata                  DATA
 0002:00010c3c 00000048H .rdata$voltmd           DATA
 0002:00010c84 00000160H .rdata$zzzdbg           DATA
 0002:00010de4 00002c94H .xdata                  DATA
 0002:00013a78 00000000H .edata                  DATA
 0003:00000000 00003450H .data                   DATA
 0003:00003450 00046eecH .bss                    DATA
 0004:00000000 0000393cH .pdata                  DATA

  Address         Publics by Value              Rva+Base               Lib:Object

 0000:00000000       __AbsoluteZero             0000000000000000     <absolute>
 0000:00000000       ___safe_se_handler_count   0000000000000000     <absolute>
 0000:00000000       ___safe_se_handler_table   0000000000000000     <absolute>
 0000:00000000       __arm64x_extra_rfe_table   0000000000000000     <absolute>
 0000:00000000       __arm64x_extra_rfe_table_size 0000000000000000     <absolute>
 0000:00000000       __arm64x_native_entrypoint 0000000000000000     <absolute>
 0000:00000000       __arm64x_redirection_metadata 0000000000000000     <absolute>
 0000:00000000       __arm64x_redirection_metadata_count 0000000000000000     <absolute>
 0000:00000000       __dynamic_value_reloc_table 0000000000000000     <absolute>
 0000:00000000       __enclave_config           0000000000000000     <absolute>
 0000:00000000       __guard_check_icall_a64n_fptr 0000000000000000     <absolute>
 0000:00000000       __guard_eh_cont_count      0000000000000000     <absolute>
 0000:00000000       __guard_eh_cont_table      0000000000000000     <absolute>
 0000:00000000       __guard_fids_count         0000000000000000     <absolute>
 0000:00000000       __guard_fids_table         0000000000000000     <absolute>
 0000:00000000       __guard_flags              0000000000000000     <absolute>
 0000:00000000       __guard_iat_count          0000000000000000     <absolute>
 0000:00000000       __guard_iat_table          0000000000000000     <absolute>
 0000:00000000       __guard_longjmp_count      0000000000000000     <absolute>
 0000:00000000       __guard_longjmp_table      0000000000000000     <absolute>
 0000:00000000       __hybrid_auxiliary_delayload_iat 0000000000000000     <absolute>
 0000:00000000       __hybrid_auxiliary_delayload_iat_copy 0000000000000000     <absolute>
 0000:00000000       __hybrid_auxiliary_iat     0000000000000000     <absolute>
 0000:00000000       __hybrid_auxiliary_iat_copy 0000000000000000     <absolute>
 0000:00000000       __hybrid_code_map          0000000000000000     <absolute>
 0000:00000000       __hybrid_code_map_count    0000000000000000     <absolute>
 0000:00000000       __hybrid_image_info_bitfield 0000000000000000     <absolute>
 0000:00000000       __x64_code_ranges_to_entry_points 0000000000000000     <absolute>
 0000:00000000       __x64_code_ranges_to_entry_points_count 0000000000000000     <absolute>
 0000:00000000       __ImageBase                0000000180000000     <linker-defined>
 0001:00000020       AcpiClkWait                0000000180001020 f   AcpiClkWait.obj
 0001:000000f0       GetACPICount               00000001800010f0 f   AcpiClkWait.obj
 0001:000000f8       InternalAcpiDelay          00000001800010f8 f   AcpiClkWait.obj
 0001:000001ac       PCIReset                   00000001800011ac f   AcpiClkWait.obj
 0001:000001b8       ?fnMnuItm_About_0@@YAHPEAVCTextWindow@@PEAX1@Z 00000001800011b8 f   main.obj
 0001:000005a4       ?fnMnuItm_About_1@@YAHPEAVCTextWindow@@PEAX1@Z 00000001800015a4 f   main.obj
 0001:00000644       ?fnMnuItm_Config_ACPIDelaySelect1@@YAHPEAVCTextWindow@@PEAX1@Z 0000000180001644 f   main.obj
 0001:000006d8       ?fnMnuItm_Config_ACPIDelaySelect2@@YAHPEAVCTextWindow@@PEAX1@Z 00000001800016d8 f   main.obj
 0001:0000076c       ?fnMnuItm_Config_ACPIDelaySelect3@@YAHPEAVCTextWindow@@PEAX1@Z 000000018000176c f   main.obj
 0001:00000800       ?fnMnuItm_Config_ACPIDelaySelect4@@YAHPEAVCTextWindow@@PEAX1@Z 0000000180001800 f   main.obj
 0001:00000894       ?fnMnuItm_Config_ACPIDelaySelect5@@YAHPEAVCTextWindow@@PEAX1@Z 0000000180001894 f   main.obj
 0001:00000928       ?fnMnuItm_Config_CalibMethodSelectTIANOACPI@@YAHPEAVCTextWindow@@PEAX1@Z 0000000180001928 f   main.obj
 0001:00000a50       ?fnMnuItm_Config_CalibMethodSelectTSCSYNCACPI@@YAHPEAVCTextWindow@@PEAX1@Z 0000000180001a50 f   main.obj
 0001:00000b78       ?fnMnuItm_Config_CalibMethodSelectTSCSYNCPIT@@YAHPEAVCTextWindow@@PEAX1@Z 0000000180001b78 f   main.obj
 0001:00000cb0       ?fnMnuItm_Config_ErrorCorrection@@YAHPEAVCTextWindow@@PEAX1@Z 0000000180001cb0 f   main.obj
 0001:00000d58       ?fnMnuItm_File_Exit@@YAHPEAVCTextWindow@@PEAX1@Z 0000000180001d58 f   main.obj
 0001:00000da4       ?fnMnuItm_File_SaveAs@@YAHPEAVCTextWindow@@PEAX1@Z 0000000180001da4 f   main.obj
 0001:00002228       ?fnMnuItm_File_SaveExit@@YAHPEAVCTextWindow@@PEAX1@Z 0000000180003228 f   main.obj
 0001:00002254       ?fnMnuItm_NumSamples@@YAHPEAVCTextWindow@@PEAX1@Z 0000000180003254 f   main.obj
 0001:000025f0       ?fnMnuItm_RunConfig_0@@YAHPEAVCTextWindow@@PEAX1@Z 00000001800035f0 f   main.obj
 0001:00002618       ?fnMnuItm_View_Calendar@@YAHPEAVCTextWindow@@PEAX1@Z 0000000180003618 f   main.obj
 0001:0000266c       ?fnMnuItm_View_Clock@@YAHPEAVCTextWindow@@PEAX1@Z 000000018000366c f   main.obj
 0001:000026c0       ?fnMnuItm_View_SysInfo@@YAHPEAVCTextWindow@@PEAX1@Z 00000001800036c0 f   main.obj
 0001:00002a9c       ?resetconsole@@YAXXZ       0000000180003a9c f   main.obj
 0001:00002ad0       ?swprintf@@YAHQEAGQEBGZZ   0000000180003ad0 f i main.obj
 0001:00002afc       main                       0000000180003afc f   main.obj
 0001:00005c0c       PITClkWait                 0000000180006c0c f   PITClkWait.obj
 0001:00005d10       ??0CTextWindow@@QEAA@PEAV0@H@Z 0000000180006d10 f   TextWindow.obj
 0001:00005e9c       ??0CTextWindow@@QEAA@PEAV0@U_WINPOS@@U_WINDIM@@H@Z 0000000180006e9c f   TextWindow.obj
 0001:0000600c       ??1CTextWindow@@QEAA@XZ    000000018000700c f   TextWindow.obj
 0001:000060b4       ?TextBlockClear@CTextWindow@@QEAAXXZ 00000001800070b4 f   TextWindow.obj
 0001:00006160       ?TextBlockDraw@CTextWindow@@QEAAXU_WINPOS@@H@Z 0000000180007160 f   TextWindow.obj
 0001:00006204       ?TextBlockDraw@CTextWindow@@QEAAXU_WINPOS@@HPEBDZZ 0000000180007204 f   TextWindow.obj
 0001:000062cc       ?TextBlockDraw@CTextWindow@@QEAAXU_WINPOS@@HPEBGZZ 00000001800072cc f   TextWindow.obj
 0001:00006388       ?TextBlockRfrsh@CTextWindow@@QEAAXXZ 0000000180007388 f   TextWindow.obj
 0001:0000640c       ?TextBorder@CTextWindow@@QEAAHU_WINPOS@@U_WINDIM@@GGGGGGPEAG@Z 000000018000740c f   TextWindow.obj
 0001:00006688       ?TextClearWindow@CTextWindow@@QEAAXH@Z 0000000180007688 f   TextWindow.obj
 0001:000066f4       ?TextGetKey@CTextWindow@@QEAA?AW4TEXT_KEY@@XZ 00000001800076f4 f   TextWindow.obj
 0001:000067f8       ?TextPrint@CTextWindow@@QEAAHPEBGZZ 00000001800077f8 f   TextWindow.obj
 0001:0000681c       ?TextPrint@CTextWindow@@QEAAHU_WINPOS@@HPEBDZZ 000000018000781c f   TextWindow.obj
 0001:00006890       ?TextPrint@CTextWindow@@QEAAHU_WINPOS@@HPEBGZZ 0000000180007890 f   TextWindow.obj
 0001:000068fc       ?TextPrint@CTextWindow@@QEAAHU_WINPOS@@PEBDZZ 00000001800078fc f   TextWindow.obj
 0001:0000695c       ?TextPrint@CTextWindow@@QEAAHU_WINPOS@@PEBGZZ 000000018000795c f   TextWindow.obj
 0001:000069b4       ?TextVPrint@CTextWindow@@QEAAHPEBGPEAD@Z 00000001800079b4 f   TextWindow.obj
 0001:00006a50       ?TextWindowGetRoot@CTextWindow@@QEAAPEAV1@XZ 0000000180007a50 f   TextWindow.obj
 0001:00006a68       ?TextWindowUpdateProgress@CTextWindow@@QEAAXXZ 0000000180007a68 f   TextWindow.obj
 0001:00006c24       ??0CUefiBase@@QEAA@XZ      0000000180007c24 f   UefiBase.obj
 0001:00006cb8       ?ClrScr@CUefiBase@@QEAA_KH@Z 0000000180007cb8 f   UefiBase.obj
 0001:00006d20       ?ClrScr@CUefiBase@@QEAA_KXZ 0000000180007d20 f   UefiBase.obj
 0001:00006d50       ?GotoXY@CUefiBase@@QEAA_KU_WINPOS@@@Z 0000000180007d50 f   UefiBase.obj
 0001:00006d70       ?QueryMode@CUefiBase@@QEAA?AU_WINDIM@@H@Z 0000000180007d70 f   UefiBase.obj
 0001:00006dc4       ?ReadKeyStrokeEx@CUefiBase@@QEAA?AUEFI_KEY_DATA@@XZ 0000000180007dc4 f   UefiBase.obj
 0001:00006e78       __cdeGetAppIf              0000000180007e78 f   toroC64:osifUefiShellEntryPoint.obj
 0001:00006efc       _MainEntryPointShell       0000000180007efc f   toroC64:osifUefiShellEntryPoint.obj
 0001:0000758c       _cdeCRT0UefiShell          000000018000858c f   toroC64:osifUefiShellEntryPoint.obj
 0001:000075f0       printf                     00000001800085f0 f   toroC64:Printf.obj
 0001:0000762c       ??2@YAPEAX_K@Z             000000018000862c f   toroC64:new.obj
 0001:00007648       ??3@YAXPEAX_K@Z            0000000180008648 f   toroC64:delete.obj
 0001:00007650       ??_U@YAPEAX_K@Z            0000000180008650 f   toroC64:newa.obj
 0001:0000766c       atexit                     000000018000866c f   toroC64:atexit.obj
 0001:000076b8       __acrt_iob_func            00000001800086b8 f   toroC64:__acrt_iob_func.obj
 0001:000076f4       vswprintf                  00000001800086f4 f   toroC64:Vswprintf.obj
 0001:00007794       swprintf                   0000000180008794 f   toroC64:Swprintf.obj
 0001:000077b4       fclose                     00000001800087b4 f   toroC64:Fclose.obj
 0001:00007880       fopen                      0000000180008880 f   toroC64:Fopen.obj
 0001:00007aac       remove                     0000000180008aac f   toroC64:Remove.obj
 0001:00007b24       fprintf                    0000000180008b24 f   toroC64:Fprintf.obj
 0001:00007b48       fscanf                     0000000180008b48 f   toroC64:Fscanf.obj
 0001:00007b6c       sprintf                    0000000180008b6c f   toroC64:Sprintf.obj
 0001:00007b98       snprintf                   0000000180008b98 f   toroC64:Snprintf.obj
 0001:00007bb8       sscanf                     0000000180008bb8 f   toroC64:Sscanf.obj
 0001:00007c20       malloc                     0000000180008c20 f   toroC64:Malloc.obj
 0001:00007c2c       _errno                     0000000180008c2c f   toroC64:errno.obj
 0001:00007c50       exit                       0000000180008c50 f   toroC64:exit.obj
 0001:00007c74       strerror                   0000000180008c74 f   toroC64:StrError.obj
 0001:00007c90       _stricmp                   0000000180008c90 f   toroC64:_StrICmp.obj
 0001:00007ccc       strncmp                    0000000180008ccc f   toroC64:StrNCmp.obj
 0001:00007d14       _strnicmp                  0000000180008d14 f   toroC64:_StrNICmp.obj
 0001:00007d5c       clock                      0000000180008d5c f   toroC64:clock.obj
 0001:00007db0       _strefierror               0000000180008db0 f   toroC64:_StrEfiError.obj
 0001:00007dd0       memset                     0000000180008dd0 f   toroC64:MemSetCDEINTRINABI.obj
 0001:00007df4       strcmp                     0000000180008df4 f   toroC64:StrCmp.obj
 0001:00007e30       _vsnwprintf                0000000180008e30 f   toroC64:Vsnwprintf.obj
 0001:00007f0c       vfprintf                   0000000180008f0c f   toroC64:Vfprintf.obj
 0001:0000802c       vsprintf                   000000018000902c f   toroC64:Vsprintf.obj
 0001:0000803c       mbstowcs                   000000018000903c f   toroC64:mbstowcs.obj
 0001:00008064       wcstok                     0000000180009064 f   toroC64:WcsTok.obj
 0001:000080b4       _localtime64               00000001800090b4 f   toroC64:localtime.obj
 0001:000080dc       localtime                  00000001800090dc f   toroC64:localtime.obj
 0001:000080e4       strftime                   00000001800090e4 f   toroC64:strftime.obj
 0001:00008650       FirstYday                  0000000180009650 f   toroC64:strftime.obj
 0001:000086ac       _time64                    00000001800096ac f   toroC64:time.obj
 0001:000086f8       time                       00000001800096f8 f   toroC64:time.obj
 0001:00008700       memcpy                     0000000180009700 f   toroC64:MemCpy.obj
 0001:00008720       _CdeDbgPutChar             0000000180009720 f   toroC64:_CdeDbgPutChar.obj
 0001:000088b4       _cdeCoreVwxPrintf          00000001800098b4 f   toroC64:_cdeCoreVwxPrintf.obj
 0001:00009c20       ComputeFieldSize           000000018000ac20 f   toroC64:_cdeCoreVwxPrintf.obj
 0001:00009c5c       ydes                       000000018000ac5c f   toroC64:_cdeCoreVwxPrintf.obj
 0001:0000a630       _cdeCoreVwxScanf           000000018000b630 f   toroC64:_cdeCoreVwxScanf.obj
 0001:0000ba38       _cdeCoreWcsStrTok          000000018000ca38 f   toroC64:_cdeCoreWcsStrTok.obj
 0001:0000bb34       _cdeWcsStrPbrkSpn          000000018000cb34 f   toroC64:_cdeWcsStrPbrkSpn.obj
 0001:0000bc74       _cdeCoreMemRealloc         000000018000cc74 f   toroC64:_cdeCoreMemRealloc.obj
 0001:0000c044       _cdeMemStrxCpy             000000018000d044 f   toroC64:_cdeMemStrxCpy.obj
 0001:0000c138       _cdeMemStrxCmp             000000018000d138 f   toroC64:_cdeMemStrxCmp.obj
 0001:0000c278       _osifIbmAtGetTime          000000018000d278 f   toroC64:osifIbmAtGetTime.obj
 0001:0000c430       _osifUefiShellGetTscPerSec 000000018000d430 f   toroC64:osifUefiShellGetTscPerSec.obj
 0001:0000c4d0       _osifIbmAtGetTsc           000000018000d4d0 f   toroC64:osifIbmAtGetTsc.obj
 0001:0000c4dc       _osifUefiShellMemAlloc     000000018000d4dc f   toroC64:osifUefiShellMemAlloc.obj
 0001:0000c520       _osifUefiShellMemFree      000000018000d520 f   toroC64:osifUefiShellMemFree.obj
 0001:0000c538       _osifUefiShellFileWrite    000000018000d538 f   toroC64:osifUefiShellFileWrite.obj
 0001:0000c6c0       _osifUefiShellFileRead     000000018000d6c0 f   toroC64:osifUefiShellFileRead.obj
 0001:0000c8ec       _osifUefiShellFileSetPos   000000018000d8ec f   toroC64:osifUefiShellFileSetPos.obj
 0001:0000c9f8       _osifUefiShellFileOpen     000000018000d9f8 f   toroC64:osifUefiShellFileOpen.obj
 0001:0000d0f0       _osifUefiShellFileClose    000000018000e0f0 f   toroC64:osifUefiShellFileClose.obj
 0001:0000d150       _osifUefiShellFileDelete   000000018000e150 f   toroC64:osifUefiShellFileDelete.obj
 0001:0000d178       _osifUefiShellFileRename   000000018000e178 f   toroC64:osifUefiShellFileRename.obj
 0001:0000d2d8       _osifUefiShellFileFindAll  000000018000e2d8 f   toroC64:osifUefiShellFileFindAll.obj
 0001:0000d708       _osifUefiShellFileGetStatus 000000018000e708 f   toroC64:osifUefiShellFileGetStatus.obj
 0001:0000d858       _osifUefiShellDirectoryCreate 000000018000e858 f   toroC64:osifUefiShellDirectoryCreate.obj
 0001:0000dafc       _osifUefiShellCmdExec      000000018000eafc f   toroC64:osifUefiShellCmdExec.obj
 0001:0000dbf0       _osifUefiShellGetEnv       000000018000ebf0 f   toroC64:osifUefiShellGetEnv.obj
 0001:0000dca0       _osifUefiShellGetDrvCwd    000000018000eca0 f   toroC64:osifUefiShellGetDrvCwd.obj
 0001:0000dcec       _cdeCoreFread              000000018000ecec f   toroC64:_cdeCoreFread.obj
 0001:0000dfc4       _cdeCoreFwrite             000000018000efc4 f   toroC64:_cdeCoreFwrite.obj
 0001:0000e240       _cdeCoreFsetpos            000000018000f240 f   toroC64:_cdeCoreFsetpos.obj
 0001:0000e3b8       _cdeCoreFflush             000000018000f3b8 f   toroC64:_cdeCoreFflush.obj
 0001:0000e440       _cdeSigDflt                000000018000f440 f   toroC64:_cdeSigDfl.obj
 0001:0000e448       __cdeGetIOBuffer           000000018000f448 f   toroC64:__cdsGetIOBuffer.obj
 0001:0000e450       _setjmp                    000000018000f450 f   toroC64:setjmp64CDEINTRINABI.obj
 0001:0000e4f5       __imp_setjmp               000000018000f4f5     toroC64:setjmp64CDEINTRINABI.obj
 0001:0000e4fd       __cdeSETJMPCDEINTRINABIAnchor 000000018000f4fd     toroC64:setjmp64CDEINTRINABI.obj
 0001:0000e500       _CdeLocateProtocol         000000018000f500 f   toroC64:_CdeLocateProtocol.obj
 0001:0000e530       _cdeStr2Argcv              000000018000f530 f   toroC64:_cdeStr2Argcv.obj
 0001:0000e760       __cdeGetCurrentPrivilegeLevel 000000018000f760 f   toroC64:CdeGetCurrentPrivilegeLevel64.obj
 0001:0000e770       memcmp                     000000018000f770 f   toroC64:MemCmpCDEINTRINABI.obj
 0001:0000e9e4       abort                      000000018000f9e4 f   toroC64:abort.obj
 0001:0000ea4c       free                       000000018000fa4c f   toroC64:Free.obj
 0001:0000ea64       _CdeMemPutWChar            000000018000fa64 f   toroC64:_CdeMemPutWChar.obj
 0001:0000ea74       _CdeMemPutNada             000000018000fa74 f   toroC64:_CdeMemPutNada.obj
 0001:0000ea78       fflush                     000000018000fa78 f   toroC64:Fflush.obj
 0001:0000ea9c       __cdeIsFilePointer         000000018000fa9c f   toroC64:__cdeIsFilePointer.obj
 0001:0000eb0c       strcpy                     000000018000fb0c f   toroC64:StrCpy.obj
 0001:0000eb44       strlen                     000000018000fb44 f   toroC64:StrLen.obj
 0001:0000eb58       strncpy                    000000018000fb58 f   toroC64:StrNCpy.obj
 0001:0000eb9c       strtok                     000000018000fb9c f   toroC64:StrTok.obj
 0001:0000ebe0       vfscanf                    000000018000fbe0 f   toroC64:Vfscanf.obj
 0001:0000ec94       vsnprintf                  000000018000fc94 f   toroC64:Vsnprintf.obj
 0001:0000ed60       _cdeMemGetChar             000000018000fd60 f   toroC64:_cdeMemGetChar.obj
 0001:0000ed70       _cdeMemUngetChar           000000018000fd70 f   toroC64:_cdeMemUngetChar.obj
 0001:0000ed78       realloc                    000000018000fd78 f   toroC64:Realloc.obj
 0001:0000edb0       longjmp                    000000018000fdb0 f   toroC64:longjmp64CDEINTRINABI.obj
 0001:0000ee59       __imp_longjmp              000000018000fe59     toroC64:longjmp64CDEINTRINABI.obj
 0001:0000ee61       __cdeLONGJMPCDEINTRINABIAnchor 000000018000fe61     toroC64:longjmp64CDEINTRINABI.obj
 0001:0000ee64       fputc                      000000018000fe64 f   toroC64:Fputc.obj
 0001:0000ee9c       _cdeGmltime                000000018000fe9c f   toroC64:_cdeGmltime.obj
 0001:0000efb8       _mktime64                  000000018000ffb8 f   toroC64:mktime.obj
 0001:0000f048       mktime                     0000000180010048 f   toroC64:mktime.obj
 0001:0000f050       _CdeDbgCOMInit             0000000180010050 f   toroC64:_CdeDbgCOMInit.obj
 0001:0000f16c       _CdeDbgCOMReady2Send       000000018001016c f   toroC64:_CdeDbgCOMReady2Send.obj
 0001:0000f19c       _CdeDbgCOMSend             000000018001019c f   toroC64:_CdeDbgCOMSend.obj
 0001:0000f1ec       _cdeCoreSprintf            00000001800101ec f   toroC64:_cdeCoreSprintf.obj
 0001:0000f294       _cdeUMUL128                0000000180010294 f   toroC64:_cdeUMUL128.obj
 0001:0000f398       __cdeOnErrSet_status       0000000180010398 f   toroC64:__cdeOnErrSet_status.obj
 0001:0000f3b8       __cdeOffsetCdeFposType     00000001800103b8 f   toroC64:__cdeGetOffsetCdeFposType.obj
 0001:0000f3f8       __cdeBiasCdeFposType       00000001800103f8 f   toroC64:__cdeGetBiasCdeFposType.obj
 0001:0000f65c       _CdeLocateHandleBuffer     000000018001065c f   toroC64:_CdeLocateHandleBuffer.obj
 0001:0000f6e8       _cdeConvertDevicePathToText 00000001800106e8 f   toroC64:_cdeConvertDevicePathToText.obj
 0001:0000f704       _CdeGetMapFromDevicePath   0000000180010704 f   toroC64:_CdeGetMapFromDevicePath.obj
 0001:0000f724       _CdeGetCurDir              0000000180010724 f   toroC64:_CdeGetCurDir.obj
 0001:0000fd40       _cdeEfiTime2TimeT          0000000180010d40 f   toroC64:_cdeEfiTime2TimeT.obj
 0001:0000fddc       __cdeIsFilePointerCORE     0000000180010ddc f   toroC64:__cdeIsFilePointerCORE.obj
 0001:0000fe60       __cdereallocCORE           0000000180010e60 f   toroC64:__cdereallocCORE.obj
 0001:0000fe70       __cderewindCORE            0000000180010e70 f   toroC64:__cderewindCORE.obj
 0001:0000fe8c       __cdeGetIOBufferCORE       0000000180010e8c f   toroC64:__cdsGetIOBufferCORE.obj
 0001:0000fe94       _cdeAbort                  0000000180010e94 f   toroC64:_cdeAbort.obj
 0001:000100d8       _cdeSig2idx                00000001800110d8 f   toroC64:_cdeSig2idx.obj
 0001:00010100       _cdeSigIgn                 0000000180011100 f   toroC64:_cdeSigIgn.obj
 0001:00010104       raise                      0000000180011104 f   toroC64:raise.obj
 0001:00010194       __cdeOnErrSet_errno        0000000180011194 f   toroC64:__cdeOnErrSet_errno.obj
 0001:000101b4       fgetc                      00000001800111b4 f   toroC64:Fgetc.obj
 0001:00010200       ungetc                     0000000180011200 f   toroC64:Ungetc.obj
 0001:00010294       _CdeMemPutChar             0000000180011294 f   toroC64:_CdeMemPutChar.obj
 0001:000102a0       fwrite                     00000001800112a0 f   toroC64:Fwrite.obj
 0001:000102f8       _cdeGreg2Day               00000001800112f8 f   toroC64:_cdeGreg2Day.obj
 0001:00010374       _cdeDay2Greg               0000000180011374 f   toroC64:_cdeDay2Greg.obj
 0001:00010478       _efierrno                  0000000180011478 f   toroC64:_efierrno.obj
 0001:0001049c       __cdeIsCdeFposType         000000018001149c f   toroC64:__cdeIsCdeFposType.obj
 0001:00010514       _cdePoolWcs2AppWcs         0000000180011514 f   toroC64:_CdePoolWcs2AppWcs.obj
 0001:000105cc       _fseeki64                  00000001800115cc f   toroC64:_Fseeki64.obj
 0001:000106c4       _cdeSscanf                 00000001800116c4 f   toroC64:_cdeSscanf.obj
 0001:00010734       __cdeOnErrSet_errnoCORE    0000000180011734 f   toroC64:__cdeOnErrSet_errnoCORE.obj
 0001:00010754       __acrt_iob_funcCORE        0000000180011754 f   toroC64:__acrt_iob_funcCORE.obj
 0001:000108a4       fread                      00000001800118a4 f   toroC64:Fread.obj
 0001:000108fc       fsetposCDEABI              00000001800118fc f   toroC64:FsetposCDEABI.obj
 0001:00010930       _errnoCORE                 0000000180011930 f   toroC64:errnoCORE.obj
 0001:00010aa0       GetSystemFirmwareTable4UEFI 0000000180011aa0 f   LibWin324UEFI:GetSystemFirmwareTable.obj
 0001:00010bec       _w4uGetSystemFirmwareTable 0000000180011bec f   LibWin324UEFI:GetSystemFirmwareTable.obj
 0001:00010c08       Sleep4UEFI                 0000000180011c08 f   LibWin324UEFI:Sleep.obj
 0001:00010c38       _w4uSleep                  0000000180011c38 f   LibWin324UEFI:Sleep.obj
 0001:00010c40       lxw_format_new             0000000180011c40 f   libxlsxwriter:format.obj
 0001:00010d74       lxw_format_free            0000000180011d74 f   libxlsxwriter:format.obj
 0001:00010d90       lxw_format_get_xf_index    0000000180011d90 f   libxlsxwriter:format.obj
 0001:00010e24       lxw_format_get_dxf_index   0000000180011e24 f   libxlsxwriter:format.obj
 0001:00010eb8       lxw_format_get_font_key    0000000180011eb8 f   libxlsxwriter:format.obj
 0001:00010fe0       lxw_format_get_border_key  0000000180011fe0 f   libxlsxwriter:format.obj
 0001:00011098       lxw_format_get_fill_key    0000000180012098 f   libxlsxwriter:format.obj
 0001:00011108       format_set_font_name       0000000180012108 f   libxlsxwriter:format.obj
 0001:00011138       format_set_font_size       0000000180012138 f   libxlsxwriter:format.obj
 0001:00011160       format_set_font_color      0000000180012160 f   libxlsxwriter:format.obj
 0001:00011170       format_set_bold            0000000180012170 f   libxlsxwriter:format.obj
 0001:00011180       format_set_italic          0000000180012180 f   libxlsxwriter:format.obj
 0001:00011190       format_set_underline       0000000180012190 f   libxlsxwriter:format.obj
 0001:000111a4       format_set_font_strikeout  00000001800121a4 f   libxlsxwriter:format.obj
 0001:000111b4       format_set_font_script     00000001800121b4 f   libxlsxwriter:format.obj
 0001:000111c8       format_set_num_format      00000001800121c8 f   libxlsxwriter:format.obj
 0001:000111f4       format_set_num_format_index 00000001800121f4 f   libxlsxwriter:format.obj
 0001:00011208       format_set_unlocked        0000000180012208 f   libxlsxwriter:format.obj
 0001:00011218       format_set_hidden          0000000180012218 f   libxlsxwriter:format.obj
 0001:00011228       format_set_align           0000000180012228 f   libxlsxwriter:format.obj
 0001:0001124c       format_set_text_wrap       000000018001224c f   libxlsxwriter:format.obj
 0001:0001125c       format_set_rotation        000000018001225c f   libxlsxwriter:format.obj
 0001:000112c4       format_set_indent          00000001800122c4 f   libxlsxwriter:format.obj
 0001:000112d4       format_set_shrink          00000001800122d4 f   libxlsxwriter:format.obj
 0001:000112e4       format_set_pattern         00000001800122e4 f   libxlsxwriter:format.obj
 0001:000112f4       format_set_bg_color        00000001800122f4 f   libxlsxwriter:format.obj
 0001:00011304       format_set_fg_color        0000000180012304 f   libxlsxwriter:format.obj
 0001:00011314       format_set_border          0000000180012314 f   libxlsxwriter:format.obj
 0001:0001134c       format_set_bottom          000000018001234c f   libxlsxwriter:format.obj
 0001:0001136c       format_set_top             000000018001236c f   libxlsxwriter:format.obj
 0001:0001138c       format_set_left            000000018001238c f   libxlsxwriter:format.obj
 0001:000113ac       format_set_right           00000001800123ac f   libxlsxwriter:format.obj
 0001:000113cc       format_set_border_color    00000001800123cc f   libxlsxwriter:format.obj
 0001:000113ec       format_set_bottom_color    00000001800123ec f   libxlsxwriter:format.obj
 0001:000113fc       format_set_top_color       00000001800123fc f   libxlsxwriter:format.obj
 0001:0001140c       format_set_left_color      000000018001240c f   libxlsxwriter:format.obj
 0001:0001141c       format_set_right_color     000000018001241c f   libxlsxwriter:format.obj
 0001:0001142c       format_set_diag_type       000000018001242c f   libxlsxwriter:format.obj
 0001:00011440       format_set_diag_border     0000000180012440 f   libxlsxwriter:format.obj
 0001:00011450       format_set_diag_color      0000000180012450 f   libxlsxwriter:format.obj
 0001:00011460       format_set_font_outline    0000000180012460 f   libxlsxwriter:format.obj
 0001:00011470       format_set_font_shadow     0000000180012470 f   libxlsxwriter:format.obj
 0001:00011480       format_set_font_family     0000000180012480 f   libxlsxwriter:format.obj
 0001:00011490       format_set_font_charset    0000000180012490 f   libxlsxwriter:format.obj
 0001:000114a0       format_set_font_scheme     00000001800124a0 f   libxlsxwriter:format.obj
 0001:000114d0       format_set_font_condense   00000001800124d0 f   libxlsxwriter:format.obj
 0001:000114e0       format_set_font_extend     00000001800124e0 f   libxlsxwriter:format.obj
 0001:000114f0       format_set_reading_order   00000001800124f0 f   libxlsxwriter:format.obj
 0001:00011500       format_set_theme           0000000180012500 f   libxlsxwriter:format.obj
 0001:00011510       format_set_hyperlink       0000000180012510 f   libxlsxwriter:format.obj
 0001:00011530       format_set_color_indexed   0000000180012530 f   libxlsxwriter:format.obj
 0001:00011540       format_set_font_only       0000000180012540 f   libxlsxwriter:format.obj
 0001:00011550       format_set_text_justlast   0000000180012550 f   libxlsxwriter:format.obj
 0001:00011560       format_set_valign          0000000180012560 f   libxlsxwriter:format.obj
 0001:000115fc       lxw_chart_new              00000001800125fc f   libxlsxwriter:chart.obj
 0001:00011858       lxw_chart_free             0000000180012858 f   libxlsxwriter:chart.obj
 0001:00011afc       lxw_chart_assemble_xml_file 0000000180012afc f   libxlsxwriter:chart.obj
 0001:00011b94       chart_add_series           0000000180012b94 f   libxlsxwriter:chart.obj
 0001:00011e04       chart_series_set_categories 0000000180012e04 f   libxlsxwriter:chart.obj
 0001:00011e44       chart_series_set_values    0000000180012e44 f   libxlsxwriter:chart.obj
 0001:00011e88       chart_series_set_name      0000000180012e88 f   libxlsxwriter:chart.obj
 0001:00011ec4       chart_series_set_name_range 0000000180012ec4 f   libxlsxwriter:chart.obj
 0001:00011f08       chart_series_set_line      0000000180012f08 f   libxlsxwriter:chart.obj
 0001:00011f44       chart_series_set_fill      0000000180012f44 f   libxlsxwriter:chart.obj
 0001:00011f80       chart_series_set_invert_if_negative 0000000180012f80 f   libxlsxwriter:chart.obj
 0001:00011f90       chart_series_set_pattern   0000000180012f90 f   libxlsxwriter:chart.obj
 0001:00011fcc       chart_series_set_marker_type 0000000180012fcc f   libxlsxwriter:chart.obj
 0001:00012034       chart_series_set_marker_size 0000000180013034 f   libxlsxwriter:chart.obj
 0001:0001209c       chart_series_set_marker_line 000000018001309c f   libxlsxwriter:chart.obj
 0001:00012120       chart_series_set_marker_fill 0000000180013120 f   libxlsxwriter:chart.obj
 0001:000121a4       chart_series_set_marker_pattern 00000001800131a4 f   libxlsxwriter:chart.obj
 0001:00012228       chart_series_set_points    0000000180013228 f   libxlsxwriter:chart.obj
 0001:0001233c       chart_series_set_smooth    000000018001333c f   libxlsxwriter:chart.obj
 0001:0001234c       chart_series_set_labels    000000018001334c f   libxlsxwriter:chart.obj
 0001:0001235c       chart_series_set_labels_options 000000018001335c f   libxlsxwriter:chart.obj
 0001:00012380       chart_series_set_labels_custom 0000000180013380 f   libxlsxwriter:chart.obj
 0001:0001256c       chart_series_set_labels_separator 000000018001356c f   libxlsxwriter:chart.obj
 0001:00012580       chart_series_set_labels_position 0000000180013580 f   libxlsxwriter:chart.obj
 0001:000125a0       chart_series_set_labels_leader_line 00000001800135a0 f   libxlsxwriter:chart.obj
 0001:000125b8       chart_series_set_labels_legend 00000001800135b8 f   libxlsxwriter:chart.obj
 0001:000125d0       chart_series_set_labels_percentage 00000001800135d0 f   libxlsxwriter:chart.obj
 0001:000125e8       chart_series_set_labels_num_format 00000001800135e8 f   libxlsxwriter:chart.obj
 0001:0001262c       chart_series_set_labels_font 000000018001362c f   libxlsxwriter:chart.obj
 0001:00012670       chart_series_set_labels_line 0000000180013670 f   libxlsxwriter:chart.obj
 0001:000126b4       chart_series_set_labels_fill 00000001800136b4 f   libxlsxwriter:chart.obj
 0001:000126f8       chart_series_set_labels_pattern 00000001800136f8 f   libxlsxwriter:chart.obj
 0001:0001273c       chart_series_set_trendline 000000018001373c f   libxlsxwriter:chart.obj
 0001:00012794       chart_series_set_trendline_forecast 0000000180013794 f   libxlsxwriter:chart.obj
 0001:000127fc       chart_series_set_trendline_equation 00000001800137fc f   libxlsxwriter:chart.obj
 0001:00012854       chart_series_set_trendline_r_squared 0000000180013854 f   libxlsxwriter:chart.obj
 0001:000128ac       chart_series_set_trendline_intercept 00000001800138ac f   libxlsxwriter:chart.obj
 0001:00012914       chart_series_set_trendline_name 0000000180013914 f   libxlsxwriter:chart.obj
 0001:00012958       chart_series_set_trendline_line 0000000180013958 f   libxlsxwriter:chart.obj
 0001:0001299c       chart_series_get_error_bars 000000018001399c f   libxlsxwriter:chart.obj
 0001:000129c4       chart_series_set_error_bars 00000001800139c4 f   libxlsxwriter:chart.obj
 0001:00012a1c       chart_series_set_error_bars_direction 0000000180013a1c f   libxlsxwriter:chart.obj
 0001:00012a54       chart_series_set_error_bars_endcap 0000000180013a54 f   libxlsxwriter:chart.obj
 0001:00012a8c       chart_series_set_error_bars_line 0000000180013a8c f   libxlsxwriter:chart.obj
 0001:00012ad8       chart_axis_get             0000000180013ad8 f   libxlsxwriter:chart.obj
 0001:00012afc       chart_axis_set_name        0000000180013afc f   libxlsxwriter:chart.obj
 0001:00012b38       chart_axis_set_name_range  0000000180013b38 f   libxlsxwriter:chart.obj
 0001:00012b7c       chart_axis_set_name_font   0000000180013b7c f   libxlsxwriter:chart.obj
 0001:00012bb8       chart_axis_set_num_font    0000000180013bb8 f   libxlsxwriter:chart.obj
 0001:00012bfc       chart_axis_set_num_format  0000000180013bfc f   libxlsxwriter:chart.obj
 0001:00012c38       chart_axis_set_line        0000000180013c38 f   libxlsxwriter:chart.obj
 0001:00012c7c       chart_axis_set_fill        0000000180013c7c f   libxlsxwriter:chart.obj
 0001:00012cc0       chart_axis_set_pattern     0000000180013cc0 f   libxlsxwriter:chart.obj
 0001:00012d04       chart_axis_set_reverse     0000000180013d04 f   libxlsxwriter:chart.obj
 0001:00012d14       chart_axis_set_crossing    0000000180013d14 f   libxlsxwriter:chart.obj
 0001:00012d2c       chart_axis_set_crossing_max 0000000180013d2c f   libxlsxwriter:chart.obj
 0001:00012d44       chart_axis_set_crossing_min 0000000180013d44 f   libxlsxwriter:chart.obj
 0001:00012d54       chart_axis_off             0000000180013d54 f   libxlsxwriter:chart.obj
 0001:00012d64       chart_axis_set_position    0000000180013d64 f   libxlsxwriter:chart.obj
 0001:00012da8       chart_axis_set_label_position 0000000180013da8 f   libxlsxwriter:chart.obj
 0001:00012db8       chart_axis_set_label_align 0000000180013db8 f   libxlsxwriter:chart.obj
 0001:00012dc8       chart_axis_set_min         0000000180013dc8 f   libxlsxwriter:chart.obj
 0001:00012e18       chart_axis_set_max         0000000180013e18 f   libxlsxwriter:chart.obj
 0001:00012e68       chart_axis_set_log_base    0000000180013e68 f   libxlsxwriter:chart.obj
 0001:00012eb4       chart_axis_set_major_tick_mark 0000000180013eb4 f   libxlsxwriter:chart.obj
 0001:00012ec0       chart_axis_set_minor_tick_mark 0000000180013ec0 f   libxlsxwriter:chart.obj
 0001:00012ecc       chart_axis_set_interval_unit 0000000180013ecc f   libxlsxwriter:chart.obj
 0001:00012f14       chart_axis_set_interval_tick 0000000180013f14 f   libxlsxwriter:chart.obj
 0001:00012f5c       chart_axis_set_major_unit  0000000180013f5c f   libxlsxwriter:chart.obj
 0001:00012fac       chart_axis_set_minor_unit  0000000180013fac f   libxlsxwriter:chart.obj
 0001:00012ffc       chart_axis_set_display_units 0000000180013ffc f   libxlsxwriter:chart.obj
 0001:00013040       chart_axis_set_display_units_visible 0000000180014040 f   libxlsxwriter:chart.obj
 0001:0001307c       chart_axis_major_gridlines_set_visible 000000018001407c f   libxlsxwriter:chart.obj
 0001:00013088       chart_axis_minor_gridlines_set_visible 0000000180014088 f   libxlsxwriter:chart.obj
 0001:00013094       chart_axis_major_gridlines_set_line 0000000180014094 f   libxlsxwriter:chart.obj
 0001:000130d8       chart_axis_minor_gridlines_set_line 00000001800140d8 f   libxlsxwriter:chart.obj
 0001:00013124       chart_title_set_name       0000000180014124 f   libxlsxwriter:chart.obj
 0001:00013160       chart_title_set_name_range 0000000180014160 f   libxlsxwriter:chart.obj
 0001:000131a4       chart_title_set_name_font  00000001800141a4 f   libxlsxwriter:chart.obj
 0001:000131dc       chart_title_off            00000001800141dc f   libxlsxwriter:chart.obj
 0001:000131e8       chart_legend_set_position  00000001800141e8 f   libxlsxwriter:chart.obj
 0001:000131f8       chart_legend_set_font      00000001800141f8 f   libxlsxwriter:chart.obj
 0001:00013234       chart_legend_delete_series 0000000180014234 f   libxlsxwriter:chart.obj
 0001:00013314       chart_chartarea_set_line   0000000180014314 f   libxlsxwriter:chart.obj
 0001:00013358       chart_chartarea_set_fill   0000000180014358 f   libxlsxwriter:chart.obj
 0001:0001339c       chart_chartarea_set_pattern 000000018001439c f   libxlsxwriter:chart.obj
 0001:000133e0       chart_plotarea_set_line    00000001800143e0 f   libxlsxwriter:chart.obj
 0001:00013424       chart_plotarea_set_fill    0000000180014424 f   libxlsxwriter:chart.obj
 0001:00013468       chart_plotarea_set_pattern 0000000180014468 f   libxlsxwriter:chart.obj
 0001:000134ac       chart_set_style            00000001800144ac f   libxlsxwriter:chart.obj
 0001:000134cc       chart_set_table            00000001800144cc f   libxlsxwriter:chart.obj
 0001:000134e4       chart_set_table_grid       00000001800144e4 f   libxlsxwriter:chart.obj
 0001:00013510       chart_set_table_font       0000000180014510 f   libxlsxwriter:chart.obj
 0001:00013554       chart_set_up_down_bars     0000000180014554 f   libxlsxwriter:chart.obj
 0001:00013564       chart_set_up_down_bars_format 0000000180014564 f   libxlsxwriter:chart.obj
 0001:00013614       chart_set_drop_lines       0000000180014614 f   libxlsxwriter:chart.obj
 0001:00013658       chart_set_high_low_lines   0000000180014658 f   libxlsxwriter:chart.obj
 0001:0001369c       chart_set_series_overlap   000000018001469c f   libxlsxwriter:chart.obj
 0001:000136e0       chart_set_series_gap       00000001800146e0 f   libxlsxwriter:chart.obj
 0001:00013728       chart_show_blanks_as       0000000180014728 f   libxlsxwriter:chart.obj
 0001:00013738       chart_show_hidden_data     0000000180014738 f   libxlsxwriter:chart.obj
 0001:00013748       chart_set_rotation         0000000180014748 f   libxlsxwriter:chart.obj
 0001:00013790       chart_set_hole_size        0000000180014790 f   libxlsxwriter:chart.obj
 0001:000137d8       lxw_chart_add_data_cache   00000001800147d8 f   libxlsxwriter:chart.obj
 0001:000138cc       _chart_check_error_bars    00000001800148cc f   libxlsxwriter:chart.obj
 0001:0001aff4       lxw_version                000000018001bff4 f   libxlsxwriter:utility.obj
 0001:0001b004       lxw_version_id             000000018001c004 f   libxlsxwriter:utility.obj
 0001:0001b010       lxw_strerror               000000018001c010 f   libxlsxwriter:utility.obj
 0001:0001b030       lxw_quote_sheetname        000000018001c030 f   libxlsxwriter:utility.obj
 0001:0001b158       lxw_col_to_name            000000018001c158 f   libxlsxwriter:utility.obj
 0001:0001b210       lxw_rowcol_to_cell         000000018001c210 f   libxlsxwriter:utility.obj
 0001:0001b260       lxw_rowcol_to_cell_abs     000000018001c260 f   libxlsxwriter:utility.obj
 0001:0001b2cc       lxw_rowcol_to_range        000000018001c2cc f   libxlsxwriter:utility.obj
 0001:0001b338       lxw_rowcol_to_range_abs    000000018001c338 f   libxlsxwriter:utility.obj
 0001:0001b3b4       lxw_rowcol_to_formula_abs  000000018001c3b4 f   libxlsxwriter:utility.obj
 0001:0001b470       lxw_name_to_row            000000018001c470 f   libxlsxwriter:utility.obj
 0001:0001b4b4       lxw_name_to_col            000000018001c4b4 f   libxlsxwriter:utility.obj
 0001:0001b528       lxw_name_to_row_2          000000018001c528 f   libxlsxwriter:utility.obj
 0001:0001b550       lxw_name_to_col_2          000000018001c550 f   libxlsxwriter:utility.obj
 0001:0001b578       lxw_datetime_to_excel_datetime 000000018001c578 f   libxlsxwriter:utility.obj
 0001:0001b588       lxw_datetime_to_excel_date_epoch 000000018001c588 f   libxlsxwriter:utility.obj
 0001:0001b7a8       lxw_unixtime_to_excel_date 000000018001c7a8 f   libxlsxwriter:utility.obj
 0001:0001b7b8       lxw_unixtime_to_excel_date_epoch 000000018001c7b8 f   libxlsxwriter:utility.obj
 0001:0001b800       lxw_strdup                 000000018001c800 f   libxlsxwriter:utility.obj
 0001:0001b85c       lxw_strdup_formula         000000018001c85c f   libxlsxwriter:utility.obj
 0001:0001b878       lxw_utf8_strlen            000000018001c878 f   libxlsxwriter:utility.obj
 0001:0001b8a4       lxw_str_tolower            000000018001c8a4 f   libxlsxwriter:utility.obj
 0001:0001b8d0       lxw_tmpfile                000000018001c8d0 f   libxlsxwriter:utility.obj
 0001:0001b8e4       lxw_fopen                  000000018001c8e4 f   libxlsxwriter:utility.obj
 0001:0001ba04       lxw_hash_password          000000018001ca04 f   libxlsxwriter:utility.obj
 0001:0001ba64       worksheet_write_number     000000018001ca64 f   libxlsxwriter:worksheet.obj
 0001:0001bac8       worksheet_write_string     000000018001cac8 f   libxlsxwriter:worksheet.obj
 0001:0001bbdc       worksheet_write_formula    000000018001cbdc f   libxlsxwriter:worksheet.obj
 0001:0001bc04       worksheet_write_array_formula 000000018001cc04 f   libxlsxwriter:worksheet.obj
 0001:0001bc50       worksheet_write_dynamic_array_formula 000000018001cc50 f   libxlsxwriter:worksheet.obj
 0001:0001bc9c       worksheet_write_dynamic_formula 000000018001cc9c f   libxlsxwriter:worksheet.obj
 0001:0001bcdc       worksheet_write_array_formula_num 000000018001ccdc f   libxlsxwriter:worksheet.obj
 0001:0001bd2c       worksheet_write_dynamic_array_formula_num 000000018001cd2c f   libxlsxwriter:worksheet.obj
 0001:0001bd7c       worksheet_write_dynamic_formula_num 000000018001cd7c f   libxlsxwriter:worksheet.obj
 0001:0001bdc0       worksheet_write_datetime   000000018001cdc0 f   libxlsxwriter:worksheet.obj
 0001:0001be34       worksheet_write_unixtime   000000018001ce34 f   libxlsxwriter:worksheet.obj
 0001:0001bea8       worksheet_write_url        000000018001cea8 f   libxlsxwriter:worksheet.obj
 0001:0001bed4       worksheet_write_url_opt    000000018001ced4 f   libxlsxwriter:worksheet.obj
 0001:0001c3f0       worksheet_write_boolean    000000018001d3f0 f   libxlsxwriter:worksheet.obj
 0001:0001c458       worksheet_write_blank      000000018001d458 f   libxlsxwriter:worksheet.obj
 0001:0001c4c0       worksheet_write_formula_num 000000018001d4c0 f   libxlsxwriter:worksheet.obj
 0001:0001c550       worksheet_write_formula_str 000000018001d550 f   libxlsxwriter:worksheet.obj
 0001:0001c5f0       worksheet_write_rich_string 000000018001d5f0 f   libxlsxwriter:worksheet.obj
 0001:0001c8d4       worksheet_write_comment    000000018001d8d4 f   libxlsxwriter:worksheet.obj
 0001:0001c8f0       worksheet_write_comment_opt 000000018001d8f0 f   libxlsxwriter:worksheet.obj
 0001:0001ca38       worksheet_set_row          000000018001da38 f   libxlsxwriter:worksheet.obj
 0001:0001ca54       worksheet_set_row_opt      000000018001da54 f   libxlsxwriter:worksheet.obj
 0001:0001cb50       worksheet_set_row_pixels   000000018001db50 f   libxlsxwriter:worksheet.obj
 0001:0001cb80       worksheet_set_row_pixels_opt 000000018001db80 f   libxlsxwriter:worksheet.obj
 0001:0001cba8       worksheet_set_column       000000018001dba8 f   libxlsxwriter:worksheet.obj
 0001:0001cbcc       worksheet_set_column_opt   000000018001dbcc f   libxlsxwriter:worksheet.obj
 0001:0001ce58       worksheet_set_column_pixels 000000018001de58 f   libxlsxwriter:worksheet.obj
 0001:0001ce90       worksheet_set_column_pixels_opt 000000018001de90 f   libxlsxwriter:worksheet.obj
 0001:0001ceb8       worksheet_insert_image     000000018001deb8 f   libxlsxwriter:worksheet.obj
 0001:0001ced4       worksheet_insert_image_opt 000000018001ded4 f   libxlsxwriter:worksheet.obj
 0001:0001d0c0       worksheet_insert_image_buffer 000000018001e0c0 f   libxlsxwriter:worksheet.obj
 0001:0001d0e4       worksheet_insert_image_buffer_opt 000000018001e0e4 f   libxlsxwriter:worksheet.obj
 0001:0001d2dc       worksheet_set_background   000000018001e2dc f   libxlsxwriter:worksheet.obj
 0001:0001d3e8       worksheet_set_background_buffer 000000018001e3e8 f   libxlsxwriter:worksheet.obj
 0001:0001d53c       worksheet_insert_chart     000000018001e53c f   libxlsxwriter:worksheet.obj
 0001:0001d558       worksheet_insert_chart_opt 000000018001e558 f   libxlsxwriter:worksheet.obj
 0001:0001d758       worksheet_merge_range      000000018001e758 f   libxlsxwriter:worksheet.obj
 0001:0001d8d4       worksheet_autofilter       000000018001e8d4 f   libxlsxwriter:worksheet.obj
 0001:0001d9f4       worksheet_filter_column    000000018001e9f4 f   libxlsxwriter:worksheet.obj
 0001:0001db80       worksheet_filter_column2   000000018001eb80 f   libxlsxwriter:worksheet.obj
 0001:0001dd58       worksheet_filter_list      000000018001ed58 f   libxlsxwriter:worksheet.obj
 0001:0001dff0       worksheet_data_validation_cell 000000018001eff0 f   libxlsxwriter:worksheet.obj
 0001:0001e014       worksheet_data_validation_range 000000018001f014 f   libxlsxwriter:worksheet.obj
 0001:0001e53c       worksheet_conditional_format_cell 000000018001f53c f   libxlsxwriter:worksheet.obj
 0001:0001e560       worksheet_conditional_format_range 000000018001f560 f   libxlsxwriter:worksheet.obj
 0001:0001e938       worksheet_insert_button    000000018001f938 f   libxlsxwriter:worksheet.obj
 0001:0001ea44       worksheet_add_table        000000018001fa44 f   libxlsxwriter:worksheet.obj
 0001:0001ed0c       worksheet_activate         000000018001fd0c f   libxlsxwriter:worksheet.obj
 0001:0001ed34       worksheet_select           000000018001fd34 f   libxlsxwriter:worksheet.obj
 0001:0001ed44       worksheet_hide             000000018001fd44 f   libxlsxwriter:worksheet.obj
 0001:0001ed88       worksheet_set_first_sheet  000000018001fd88 f   libxlsxwriter:worksheet.obj
 0001:0001eda8       worksheet_freeze_panes     000000018001fda8 f   libxlsxwriter:worksheet.obj
 0001:0001edcc       worksheet_split_panes      000000018001fdcc f   libxlsxwriter:worksheet.obj
 0001:0001edec       worksheet_freeze_panes_opt 000000018001fdec f   libxlsxwriter:worksheet.obj
 0001:0001ee34       worksheet_split_panes_opt  000000018001fe34 f   libxlsxwriter:worksheet.obj
 0001:0001ee74       worksheet_set_selection    000000018001fe74 f   libxlsxwriter:worksheet.obj
 0001:0001efe4       worksheet_set_top_left_cell 000000018001ffe4 f   libxlsxwriter:worksheet.obj
 0001:0001f00c       worksheet_set_landscape    000000018002000c f   libxlsxwriter:worksheet.obj
 0001:0001f024       worksheet_set_portrait     0000000180020024 f   libxlsxwriter:worksheet.obj
 0001:0001f03c       worksheet_set_page_view    000000018002003c f   libxlsxwriter:worksheet.obj
 0001:0001f04c       worksheet_set_paper        000000018002004c f   libxlsxwriter:worksheet.obj
 0001:0001f060       worksheet_set_margins      0000000180020060 f   libxlsxwriter:worksheet.obj
 0001:0001f0a8       worksheet_set_header       00000001800200a8 f   libxlsxwriter:worksheet.obj
 0001:0001f0b8       worksheet_set_footer       00000001800200b8 f   libxlsxwriter:worksheet.obj
 0001:0001f0c8       worksheet_set_header_opt   00000001800200c8 f   libxlsxwriter:worksheet.obj
 0001:0001f324       worksheet_set_footer_opt   0000000180020324 f   libxlsxwriter:worksheet.obj
 0001:0001f580       worksheet_set_h_pagebreaks 0000000180020580 f   libxlsxwriter:worksheet.obj
 0001:0001f658       worksheet_set_v_pagebreaks 0000000180020658 f   libxlsxwriter:worksheet.obj
 0001:0001f72c       worksheet_print_across     000000018002072c f   libxlsxwriter:worksheet.obj
 0001:0001f73c       worksheet_set_zoom         000000018002073c f   libxlsxwriter:worksheet.obj
 0001:0001f780       worksheet_gridlines        0000000180020780 f   libxlsxwriter:worksheet.obj
 0001:0001f7b8       worksheet_center_horizontally 00000001800207b8 f   libxlsxwriter:worksheet.obj
 0001:0001f7d0       worksheet_center_vertically 00000001800207d0 f   libxlsxwriter:worksheet.obj
 0001:0001f7e8       worksheet_print_row_col_headers 00000001800207e8 f   libxlsxwriter:worksheet.obj
 0001:0001f7f8       worksheet_repeat_rows      00000001800207f8 f   libxlsxwriter:worksheet.obj
 0001:0001f848       worksheet_repeat_columns   0000000180020848 f   libxlsxwriter:worksheet.obj
 0001:0001f8a4       worksheet_print_area       00000001800208a4 f   libxlsxwriter:worksheet.obj
 0001:0001f930       worksheet_fit_to_pages     0000000180020930 f   libxlsxwriter:worksheet.obj
 0001:0001f954       worksheet_set_start_page   0000000180020954 f   libxlsxwriter:worksheet.obj
 0001:0001f964       worksheet_set_print_scale  0000000180020964 f   libxlsxwriter:worksheet.obj
 0001:0001f990       worksheet_print_black_and_white 0000000180020990 f   libxlsxwriter:worksheet.obj
 0001:0001f9a8       worksheet_right_to_left    00000001800209a8 f   libxlsxwriter:worksheet.obj
 0001:0001f9b8       worksheet_hide_zero        00000001800209b8 f   libxlsxwriter:worksheet.obj
 0001:0001f9c8       worksheet_set_tab_color    00000001800209c8 f   libxlsxwriter:worksheet.obj
 0001:0001f9d8       worksheet_protect          00000001800209d8 f   libxlsxwriter:worksheet.obj
 0001:0001fac4       worksheet_outline_settings 0000000180020ac4 f   libxlsxwriter:worksheet.obj
 0001:0001faf0       worksheet_set_default_row  0000000180020af0 f   libxlsxwriter:worksheet.obj
 0001:0001fb34       worksheet_set_vba_name     0000000180020b34 f   libxlsxwriter:worksheet.obj
 0001:0001fb80       worksheet_show_comments    0000000180020b80 f   libxlsxwriter:worksheet.obj
 0001:0001fb90       worksheet_set_comments_author 0000000180020b90 f   libxlsxwriter:worksheet.obj
 0001:0001fbb4       worksheet_ignore_errors    0000000180020bb4 f   libxlsxwriter:worksheet.obj
 0001:0001fd64       lxw_worksheet_new          0000000180020d64 f   libxlsxwriter:worksheet.obj
 0001:000203b0       lxw_worksheet_free         00000001800213b0 f   libxlsxwriter:worksheet.obj
 0001:00020ac4       lxw_worksheet_assemble_xml_file 0000000180021ac4 f   libxlsxwriter:worksheet.obj
 0001:00020bd4       lxw_worksheet_write_single_row 0000000180021bd4 f   libxlsxwriter:worksheet.obj
 0001:00020cac       lxw_worksheet_prepare_image 0000000180021cac f   libxlsxwriter:worksheet.obj
 0001:000212a8       lxw_worksheet_prepare_header_image 00000001800222a8 f   libxlsxwriter:worksheet.obj
 0001:000214d4       lxw_worksheet_prepare_background 00000001800224d4 f   libxlsxwriter:worksheet.obj
 0001:00021614       lxw_worksheet_prepare_chart 0000000180022614 f   libxlsxwriter:worksheet.obj
 0001:00021924       lxw_worksheet_prepare_vml_objects 0000000180022924 f   libxlsxwriter:worksheet.obj
 0001:00021be0       lxw_worksheet_prepare_header_vml_objects 0000000180022be0 f   libxlsxwriter:worksheet.obj
 0001:00021d2c       lxw_worksheet_prepare_tables 0000000180022d2c f   libxlsxwriter:worksheet.obj
 0001:00021ea0       lxw_worksheet_find_row     0000000180022ea0 f   libxlsxwriter:worksheet.obj
 0001:00021ec4       lxw_worksheet_find_cell_in_row 0000000180022ec4 f   libxlsxwriter:worksheet.obj
 0001:00021ef8       lxw_worksheet_write_sheet_views 0000000180022ef8 f   libxlsxwriter:worksheet.obj
 0001:00021f04       lxw_worksheet_write_page_margins 0000000180022f04 f   libxlsxwriter:worksheet.obj
 0001:00021f10       lxw_worksheet_write_drawings 0000000180022f10 f   libxlsxwriter:worksheet.obj
 0001:00021f1c       lxw_worksheet_write_sheet_protection 0000000180022f1c f   libxlsxwriter:worksheet.obj
 0001:00021f28       lxw_worksheet_write_sheet_pr 0000000180022f28 f   libxlsxwriter:worksheet.obj
 0001:00021f34       lxw_worksheet_write_page_setup 0000000180022f34 f   libxlsxwriter:worksheet.obj
 0001:00021f40       lxw_worksheet_write_header_footer 0000000180022f40 f   libxlsxwriter:worksheet.obj
 0001:00021fa0       lxw_basename               0000000180022fa0 f   libxlsxwriter:worksheet.obj
 0001:00022000       _validation_list_length    0000000180023000 f   libxlsxwriter:worksheet.obj
 0001:0002206c       _validation_list_to_csv    000000018002306c f   libxlsxwriter:worksheet.obj
 0001:00022114       _set_custom_filter         0000000180023114 f   libxlsxwriter:worksheet.obj
 0001:00022194       _check_and_copy_table_style 0000000180023194 f   libxlsxwriter:worksheet.obj
 0001:000222a8       _set_default_table_columns 00000001800232a8 f   libxlsxwriter:worksheet.obj
 0001:000223a4       _expand_table_formula      00000001800233a4 f   libxlsxwriter:worksheet.obj
 0001:00022478       _set_custom_table_columns  0000000180023478 f   libxlsxwriter:worksheet.obj
 0001:0002261c       _write_column_function     000000018002361c f   libxlsxwriter:worksheet.obj
 0001:0002271c       _write_column_formula      000000018002371c f   libxlsxwriter:worksheet.obj
 0001:00022790       _write_table_column_data   0000000180023790 f   libxlsxwriter:worksheet.obj
 0001:000228b0       _check_table_rows          00000001800238b0 f   libxlsxwriter:worksheet.obj
 0001:000228f4       _check_table_name          00000001800238f4 f   libxlsxwriter:worksheet.obj
 0001:00022a14       _get_comment_params        0000000180023a14 f   libxlsxwriter:worksheet.obj
 0001:00022c64       _get_button_params         0000000180023c64 f   libxlsxwriter:worksheet.obj
 0001:00022f14       _worksheet_position_vml_object 0000000180023f14 f   libxlsxwriter:worksheet.obj
 0001:00022fcc       _store_conditional_format_object 0000000180023fcc f   libxlsxwriter:worksheet.obj
 0001:00023130       _worksheet_set_header_footer_image 0000000180024130 f   libxlsxwriter:worksheet.obj
 0001:000232b4       _validate_conditional_icons 00000001800242b4 f   libxlsxwriter:worksheet.obj
 0001:000232f8       _validate_conditional_data_bar 00000001800242f8 f   libxlsxwriter:worksheet.obj
 0001:00023474       _validate_conditional_scale 0000000180024474 f   libxlsxwriter:worksheet.obj
 0001:00023598       _validate_conditional_top  0000000180024598 f   libxlsxwriter:worksheet.obj
 0001:0002363c       _validate_conditional_average 000000018002463c f   libxlsxwriter:worksheet.obj
 0001:00023680       _validate_conditional_time_period 0000000180024680 f   libxlsxwriter:worksheet.obj
 0001:000236c4       _validate_conditional_text 00000001800246c4 f   libxlsxwriter:worksheet.obj
 0001:00023788       _validate_conditional_formula 0000000180024788 f   libxlsxwriter:worksheet.obj
 0001:000237d4       _validate_conditional_cell 00000001800247d4 f   libxlsxwriter:worksheet.obj
 0001:00023844       _store_array_formula       0000000180024844 f   libxlsxwriter:worksheet.obj
 0001:0002e918       chartsheet_set_chart       000000018002f918 f   libxlsxwriter:chartsheet.obj
 0001:0002e928       chartsheet_set_chart_opt   000000018002f928 f   libxlsxwriter:chartsheet.obj
 0001:0002eaf8       chartsheet_activate        000000018002faf8 f   libxlsxwriter:chartsheet.obj
 0001:0002eb2c       chartsheet_select          000000018002fb2c f   libxlsxwriter:chartsheet.obj
 0001:0002eb3c       chartsheet_hide            000000018002fb3c f   libxlsxwriter:chartsheet.obj
 0001:0002eb70       chartsheet_set_first_sheet 000000018002fb70 f   libxlsxwriter:chartsheet.obj
 0001:0002eb88       chartsheet_set_tab_color   000000018002fb88 f   libxlsxwriter:chartsheet.obj
 0001:0002eb9c       chartsheet_protect         000000018002fb9c f   libxlsxwriter:chartsheet.obj
 0001:0002ec20       chartsheet_set_zoom        000000018002fc20 f   libxlsxwriter:chartsheet.obj
 0001:0002ec68       chartsheet_set_landscape   000000018002fc68 f   libxlsxwriter:chartsheet.obj
 0001:0002ec78       chartsheet_set_portrait    000000018002fc78 f   libxlsxwriter:chartsheet.obj
 0001:0002ec88       chartsheet_set_paper       000000018002fc88 f   libxlsxwriter:chartsheet.obj
 0001:0002ec98       chartsheet_set_margins     000000018002fc98 f   libxlsxwriter:chartsheet.obj
 0001:0002eca8       chartsheet_set_header      000000018002fca8 f   libxlsxwriter:chartsheet.obj
 0001:0002ecb8       chartsheet_set_footer      000000018002fcb8 f   libxlsxwriter:chartsheet.obj
 0001:0002ecc8       chartsheet_set_header_opt  000000018002fcc8 f   libxlsxwriter:chartsheet.obj
 0001:0002ecd8       chartsheet_set_footer_opt  000000018002fcd8 f   libxlsxwriter:chartsheet.obj
 0001:0002ece8       lxw_chartsheet_new         000000018002fce8 f   libxlsxwriter:chartsheet.obj
 0001:0002edc0       lxw_chartsheet_free        000000018002fdc0 f   libxlsxwriter:chartsheet.obj
 0001:0002edfc       lxw_chartsheet_assemble_xml_file 000000018002fdfc f   libxlsxwriter:chartsheet.obj
 0001:0002efec       workbook_new               000000018002ffec f   libxlsxwriter:workbook.obj
 0001:0002effc       workbook_new_opt           000000018002fffc f   libxlsxwriter:workbook.obj
 0001:0002f384       workbook_add_worksheet     0000000180030384 f   libxlsxwriter:workbook.obj
 0001:0002f60c       workbook_add_chartsheet    000000018003060c f   libxlsxwriter:workbook.obj
 0001:0002f87c       workbook_add_format        000000018003087c f   libxlsxwriter:workbook.obj
 0001:0002f908       workbook_add_chart         0000000180030908 f   libxlsxwriter:workbook.obj
 0001:0002f948       workbook_close             0000000180030948 f   libxlsxwriter:workbook.obj
 0001:0002fc40       workbook_set_properties    0000000180030c40 f   libxlsxwriter:workbook.obj
 0001:0002fe0c       workbook_set_custom_property_string 0000000180030e0c f   libxlsxwriter:workbook.obj
 0001:0002ff50       workbook_set_custom_property_number 0000000180030f50 f   libxlsxwriter:workbook.obj
 0001:00030050       workbook_set_custom_property_integer 0000000180031050 f   libxlsxwriter:workbook.obj
 0001:0003014c       workbook_set_custom_property_boolean 000000018003114c f   libxlsxwriter:workbook.obj
 0001:0003024c       workbook_set_custom_property_datetime 000000018003124c f   libxlsxwriter:workbook.obj
 0001:00030364       workbook_define_name       0000000180031364 f   libxlsxwriter:workbook.obj
 0001:0003038c       workbook_get_default_url_format 000000018003138c f   libxlsxwriter:workbook.obj
 0001:0003039c       workbook_get_worksheet_by_name 000000018003139c f   libxlsxwriter:workbook.obj
 0001:000303d0       workbook_get_chartsheet_by_name 00000001800313d0 f   libxlsxwriter:workbook.obj
 0001:00030404       workbook_validate_sheet_name 0000000180031404 f   libxlsxwriter:workbook.obj
 0001:0003049c       workbook_add_vba_project   000000018003149c f   libxlsxwriter:workbook.obj
 0001:0003052c       workbook_set_vba_name      000000018003152c f   libxlsxwriter:workbook.obj
 0001:00030578       workbook_read_only_recommended 0000000180031578 f   libxlsxwriter:workbook.obj
 0001:00030588       lxw_workbook_free          0000000180031588 f   libxlsxwriter:workbook.obj
 0001:00030904       lxw_workbook_assemble_xml_file 0000000180031904 f   libxlsxwriter:workbook.obj
 0001:00030974       lxw_workbook_set_default_xf_indices 0000000180031974 f   libxlsxwriter:workbook.obj
 0001:000309b8       workbook_unset_default_url_format 00000001800319b8 f   libxlsxwriter:workbook.obj
 0001:00030a30       new_workbook               0000000180031a30 f   libxlsxwriter:workbook.obj
 0001:00030a40       new_workbook_opt           0000000180031a40 f   libxlsxwriter:workbook.obj
 0001:00032f7c       lxw_hash_key_exists        0000000180033f7c f   libxlsxwriter:hash_table.obj
 0001:00032fec       lxw_insert_hash_element    0000000180033fec f   libxlsxwriter:hash_table.obj
 0001:000331ac       lxw_hash_new               00000001800341ac f   libxlsxwriter:hash_table.obj
 0001:000332a0       lxw_hash_free              00000001800342a0 f   libxlsxwriter:hash_table.obj
 0001:0003337c       lxw_new_attribute_str      000000018003437c f   libxlsxwriter:xmlwriter.obj
 0001:000333ec       lxw_new_attribute_int      00000001800343ec f   libxlsxwriter:xmlwriter.obj
 0001:0003345c       lxw_new_attribute_dbl      000000018003445c f   libxlsxwriter:xmlwriter.obj
 0001:000334d0       lxw_xml_declaration        00000001800344d0 f   libxlsxwriter:xmlwriter.obj
 0001:000334e4       lxw_xml_start_tag          00000001800344e4 f   libxlsxwriter:xmlwriter.obj
 0001:00033530       lxw_xml_start_tag_unencoded 0000000180034530 f   libxlsxwriter:xmlwriter.obj
 0001:000335a0       lxw_xml_end_tag            00000001800345a0 f   libxlsxwriter:xmlwriter.obj
 0001:000335b8       lxw_xml_empty_tag          00000001800345b8 f   libxlsxwriter:xmlwriter.obj
 0001:00033604       lxw_xml_empty_tag_unencoded 0000000180034604 f   libxlsxwriter:xmlwriter.obj
 0001:00033674       lxw_xml_data_element       0000000180034674 f   libxlsxwriter:xmlwriter.obj
 0001:000336f4       lxw_xml_rich_si_element    00000001800346f4 f   libxlsxwriter:xmlwriter.obj
 0001:0003370c       lxw_has_control_characters 000000018003470c f   libxlsxwriter:xmlwriter.obj
 0001:00033730       lxw_escape_control_characters 0000000180034730 f   libxlsxwriter:xmlwriter.obj
 0001:00033808       lxw_escape_url_characters  0000000180034808 f   libxlsxwriter:xmlwriter.obj
 0001:0003392c       lxw_escape_data            000000018003492c f   libxlsxwriter:xmlwriter.obj
 0001:00033be0       lxw_sst_new                0000000180034be0 f   libxlsxwriter:shared_strings.obj
 0001:00033cb0       lxw_sst_free               0000000180034cb0 f   libxlsxwriter:shared_strings.obj
 0001:00033d2c       lxw_get_sst_index          0000000180034d2c f   libxlsxwriter:shared_strings.obj
 0001:00033de0       lxw_sst_assemble_xml_file  0000000180034de0 f   libxlsxwriter:shared_strings.obj
 0001:00034330       lxw_drawing_new            0000000180035330 f   libxlsxwriter:drawing.obj
 0001:000343c0       lxw_drawing_free           00000001800353c0 f   libxlsxwriter:drawing.obj
 0001:0003441c       lxw_drawing_assemble_xml_file 000000018003541c f   libxlsxwriter:drawing.obj
 0001:0003449c       lxw_free_drawing_object    000000018003549c f   libxlsxwriter:drawing.obj
 0001:000344d0       lxw_add_drawing_object     00000001800354d0 f   libxlsxwriter:drawing.obj
 0001:00035d8c       lxw_styles_new             0000000180036d8c f   libxlsxwriter:styles.obj
 0001:00035e44       lxw_styles_free            0000000180036e44 f   libxlsxwriter:styles.obj
 0001:00035ee4       lxw_styles_assemble_xml_file 0000000180036ee4 f   libxlsxwriter:styles.obj
 0001:00035f5c       lxw_styles_write_string_fragment 0000000180036f5c f   libxlsxwriter:styles.obj
 0001:00036024       lxw_styles_write_rich_font 0000000180037024 f   libxlsxwriter:styles.obj
 0001:00038a0c       lxw_packager_new           0000000180039a0c f   libxlsxwriter:packager.obj
 0001:00038b24       lxw_packager_free          0000000180039b24 f   libxlsxwriter:packager.obj
 0001:00038b58       lxw_create_package         0000000180039b58 f   libxlsxwriter:packager.obj
 0001:00038d48       _open_zipfile_win32        0000000180039d48 f   libxlsxwriter:packager.obj
 0001:00038e00       _get_chart_count           0000000180039e00 f   libxlsxwriter:packager.obj
 0001:00038e24       _get_drawing_count         0000000180039e24 f   libxlsxwriter:packager.obj
 0001:00038e64       _get_table_count           0000000180039e64 f   libxlsxwriter:packager.obj
 0001:0003ae08       lxw_relationships_new      000000018003be08 f   libxlsxwriter:relationships.obj
 0001:0003ae98       lxw_free_relationships     000000018003be98 f   libxlsxwriter:relationships.obj
 0001:0003af18       lxw_relationships_assemble_xml_file 000000018003bf18 f   libxlsxwriter:relationships.obj
 0001:0003af48       lxw_add_document_relationship 000000018003bf48 f   libxlsxwriter:relationships.obj
 0001:0003af70       lxw_add_package_relationship 000000018003bf70 f   libxlsxwriter:relationships.obj
 0001:0003af98       lxw_add_ms_package_relationship 000000018003bf98 f   libxlsxwriter:relationships.obj
 0001:0003afc0       lxw_add_worksheet_relationship 000000018003bfc0 f   libxlsxwriter:relationships.obj
 0001:0003b364       lxw_app_new                000000018003c364 f   libxlsxwriter:app.obj
 0001:0003b41c       lxw_app_free               000000018003c41c f   libxlsxwriter:app.obj
 0001:0003b4d8       lxw_app_assemble_xml_file  000000018003c4d8 f   libxlsxwriter:app.obj
 0001:0003b568       lxw_app_add_part_name      000000018003c568 f   libxlsxwriter:app.obj
 0001:0003b628       lxw_app_add_heading_pair   000000018003c628 f   libxlsxwriter:app.obj
 0001:0003bcb0       lxw_core_new               000000018003ccb0 f   libxlsxwriter:core.obj
 0001:0003bd00       lxw_core_free              000000018003cd00 f   libxlsxwriter:core.obj
 0001:0003bd1c       lxw_core_assemble_xml_file 000000018003cd1c f   libxlsxwriter:core.obj
 0001:0003c1c0       lxw_custom_new             000000018003d1c0 f   libxlsxwriter:custom.obj
 0001:0003c210       lxw_custom_free            000000018003d210 f   libxlsxwriter:custom.obj
 0001:0003c22c       lxw_custom_assemble_xml_file 000000018003d22c f   libxlsxwriter:custom.obj
 0001:0003c664       lxw_table_new              000000018003d664 f   libxlsxwriter:table.obj
 0001:0003c6b4       lxw_table_free             000000018003d6b4 f   libxlsxwriter:table.obj
 0001:0003c6d0       lxw_table_assemble_xml_file 000000018003d6d0 f   libxlsxwriter:table.obj
 0001:0003cf20       lxw_theme_new              000000018003df20 f   libxlsxwriter:theme.obj
 0001:0003cf70       lxw_theme_free             000000018003df70 f   libxlsxwriter:theme.obj
 0001:0003cf8c       lxw_theme_assemble_xml_file 000000018003df8c f   libxlsxwriter:theme.obj
 0001:0003d000       lxw_content_types_new      000000018003e000 f   libxlsxwriter:content_types.obj
 0001:0003d13c       lxw_content_types_free     000000018003e13c f   libxlsxwriter:content_types.obj
 0001:0003d200       lxw_content_types_assemble_xml_file 000000018003e200 f   libxlsxwriter:content_types.obj
 0001:0003d240       lxw_ct_add_default         000000018003e240 f   libxlsxwriter:content_types.obj
 0001:0003d334       lxw_ct_add_override        000000018003e334 f   libxlsxwriter:content_types.obj
 0001:0003d428       lxw_ct_add_worksheet_name  000000018003e428 f   libxlsxwriter:content_types.obj
 0001:0003d43c       lxw_ct_add_chartsheet_name 000000018003e43c f   libxlsxwriter:content_types.obj
 0001:0003d450       lxw_ct_add_chart_name      000000018003e450 f   libxlsxwriter:content_types.obj
 0001:0003d464       lxw_ct_add_drawing_name    000000018003e464 f   libxlsxwriter:content_types.obj
 0001:0003d478       lxw_ct_add_table_name      000000018003e478 f   libxlsxwriter:content_types.obj
 0001:0003d48c       lxw_ct_add_comment_name    000000018003e48c f   libxlsxwriter:content_types.obj
 0001:0003d4a0       lxw_ct_add_vml_name        000000018003e4a0 f   libxlsxwriter:content_types.obj
 0001:0003d4bc       lxw_ct_add_shared_strings  000000018003e4bc f   libxlsxwriter:content_types.obj
 0001:0003d4d8       lxw_ct_add_calc_chain      000000018003e4d8 f   libxlsxwriter:content_types.obj
 0001:0003d4f4       lxw_ct_add_custom_properties 000000018003e4f4 f   libxlsxwriter:content_types.obj
 0001:0003d510       lxw_ct_add_metadata        000000018003e510 f   libxlsxwriter:content_types.obj
 0001:0003d7a4       lxw_vml_new                000000018003e7a4 f   libxlsxwriter:vml.obj
 0001:0003d7f4       lxw_vml_free               000000018003e7f4 f   libxlsxwriter:vml.obj
 0001:0003d810       lxw_vml_assemble_xml_file  000000018003e810 f   libxlsxwriter:vml.obj
 0001:0003fb3c       lxw_comment_new            0000000180040b3c f   libxlsxwriter:comment.obj
 0001:0003fbc4       lxw_comment_free           0000000180040bc4 f   libxlsxwriter:comment.obj
 0001:0003fc4c       lxw_comment_assemble_xml_file 0000000180040c4c f   libxlsxwriter:comment.obj
 0001:00040498       lxw_metadata_new           0000000180041498 f   libxlsxwriter:metadata.obj
 0001:000404e8       lxw_metadata_free          00000001800414e8 f   libxlsxwriter:metadata.obj
 0001:00040504       lxw_metadata_assemble_xml_file 0000000180041504 f   libxlsxwriter:metadata.obj
 0001:00040d58       zipOpen                    0000000180041d58 f   minizip:zip.obj
 0001:00040d6c       zipOpen64                  0000000180041d6c f   minizip:zip.obj
 0001:00040d80       zipOpen2                   0000000180041d80 f   minizip:zip.obj
 0001:00040ddc       zipOpen2_64                0000000180041ddc f   minizip:zip.obj
 0001:00040e30       zipOpenNewFileInZip        0000000180041e30 f   minizip:zip.obj
 0001:00040ec0       zipOpenNewFileInZip64      0000000180041ec0 f   minizip:zip.obj
 0001:00040f58       zipOpenNewFileInZip2       0000000180041f58 f   minizip:zip.obj
 0001:00040ff0       zipOpenNewFileInZip2_64    0000000180041ff0 f   minizip:zip.obj
 0001:00041090       zipOpenNewFileInZip3       0000000180042090 f   minizip:zip.obj
 0001:00041144       zipOpenNewFileInZip3_64    0000000180042144 f   minizip:zip.obj
 0001:00041200       zipOpenNewFileInZip4       0000000180042200 f   minizip:zip.obj
 0001:000412c0       zipOpenNewFileInZip4_64    00000001800422c0 f   minizip:zip.obj
 0001:000417e0       zipWriteInFileInZip        00000001800427e0 f   minizip:zip.obj
 0001:00041934       zipCloseFileInZip          0000000180042934 f   minizip:zip.obj
 0001:00041944       zipCloseFileInZipRaw       0000000180042944 f   minizip:zip.obj
 0001:00041954       zipCloseFileInZipRaw64     0000000180042954 f   minizip:zip.obj
 0001:00041de8       zipClose                   0000000180042de8 f   minizip:zip.obj
 0001:00041f50       zipRemoveExtraInfoBlock    0000000180042f50 f   minizip:zip.obj
 0001:00042044       LoadCentralDirectoryRecord 0000000180043044 f   minizip:zip.obj
 0001:000423c0       zipOpen3                   00000001800433c0 f   minizip:zip.obj
 0001:0004256c       Write_LocalFileHeader      000000018004356c f   minizip:zip.obj
 0001:000427c8       Write_Zip64EndOfCentralDirectoryLocator 00000001800437c8 f   minizip:zip.obj
 0001:0004284c       Write_Zip64EndOfCentralDirectoryRecord 000000018004384c f   minizip:zip.obj
 0001:00042988       Write_EndOfCentralDirectoryRecord 0000000180043988 f   minizip:zip.obj
 0001:00042ac8       Write_GlobalComment        0000000180043ac8 f   minizip:zip.obj
 0001:000433ec       fill_win32_filefunc        00000001800443ec f   minizip:iowin32.obj
 0001:00043444       fill_win32_filefunc64      0000000180044444 f   minizip:iowin32.obj
 0001:0004349c       fill_win32_filefunc64A     000000018004449c f   minizip:iowin32.obj
 0001:000434f4       fill_win32_filefunc64W     00000001800444f4 f   minizip:iowin32.obj
 0001:0004354c       win32_open_file_func       000000018004454c f   minizip:iowin32.obj
 0001:000435c4       win32_read_file_func       00000001800445c4 f   minizip:iowin32.obj
 0001:00043628       win32_write_file_func      0000000180044628 f   minizip:iowin32.obj
 0001:0004368c       win32_tell64_file_func     000000018004468c f   minizip:iowin32.obj
 0001:000436e8       win32_seek64_file_func     00000001800446e8 f   minizip:iowin32.obj
 0001:00043760       win32_close_file_func      0000000180044760 f   minizip:iowin32.obj
 0001:000437a0       win32_error_file_func      00000001800447a0 f   minizip:iowin32.obj
 0001:000437b4       win32_open64_file_func     00000001800447b4 f   minizip:iowin32.obj
 0001:0004382c       win32_open64_file_funcA    000000018004482c f   minizip:iowin32.obj
 0001:000438a4       win32_open64_file_funcW    00000001800448a4 f   minizip:iowin32.obj
 0001:0004391c       win32_tell_file_func       000000018004491c f   minizip:iowin32.obj
 0001:00043978       win32_seek_file_func       0000000180044978 f   minizip:iowin32.obj
 0001:00043b00       fill_fopen64_filefunc      0000000180044b00 f   minizip:ioapi.obj
 0001:00043b58       fill_fopen_filefunc        0000000180044b58 f   minizip:ioapi.obj
 0001:00043bb0       call_zopen64               0000000180044bb0 f   minizip:ioapi.obj
 0001:00043bcc       call_zseek64               0000000180044bcc f   minizip:ioapi.obj
 0001:00043bfc       call_ztell64               0000000180044bfc f   minizip:ioapi.obj
 0001:00043c34       fill_zlib_filefunc64_32_def_from_filefunc32 0000000180044c34 f   minizip:ioapi.obj
 0001:00043e54       tmpfileplus                0000000180044e54 f   tmpfileplus:tmpfileplus.obj
 0001:00043f84       tmpfileplus_f              0000000180044f84 f   tmpfileplus:tmpfileplus.obj
 0001:000442b8       MD5_Init                   00000001800452b8 f   md5:md5.obj
 0001:000442e4       MD5_Update                 00000001800452e4 f   md5:md5.obj
 0001:000443b4       MD5_Final                  00000001800453b4 f   md5:md5.obj
 0001:00044f98       calloc                     0000000180045f98 f   toroC64:Calloc.obj
 0001:00044fd8       isupper                    0000000180045fd8 f   toroC64:isupper.obj
 0001:00044fe4       isdigit                    0000000180045fe4 f   toroC64:isdigit.obj
 0001:00044ff8       isalnum                    0000000180045ff8 f   toroC64:isalnum.obj
 0001:00045020       tolower                    0000000180046020 f   toroC64:tolower.obj
 0001:00045040       _wfopen                    0000000180046040 f   toroC64:_Wfopen.obj
 0001:000450e4       atoi                       00000001800460e4 f   toroC64:atoi.obj
 0001:00045108       feof                       0000000180046108 f   toroC64:Feof.obj
 0001:00045128       fseek                      0000000180046128 f   toroC64:Fseek.obj
 0001:00045130       ftell                      0000000180046130 f   toroC64:Ftell.obj
 0001:00045138       rewind                     0000000180046138 f   toroC64:Rewind.obj
 0001:00045154       memmove                    0000000180046154 f   toroC64:MemMove.obj
 0001:000451b4       strchr                     00000001800461b4 f   toroC64:StrChr.obj
 0001:000451e4       strrchr                    00000001800461e4 f   toroC64:StrRChr.obj
 0001:00045234       strstr                     0000000180046234 f   toroC64:StrStr.obj
 0001:00045278       strcat                     0000000180046278 f   toroC64:StrCat.obj
 0001:000452a8       strpbrk                    00000001800462a8 f   toroC64:StrPbrk.obj
 0001:000452e8       isspace                    00000001800462e8 f   toroC64:isspace.obj
 0001:00045300       __chkstk                   0000000180046300 f   toroC64:__chkstk64.obj
 0001:00045314       isxdigit                   0000000180046314 f   toroC64:isxdigit.obj
 0001:00045340       _gmtime64                  0000000180046340 f   toroC64:gmtime.obj
 0001:0004534c       gmtime                     000000018004634c f   toroC64:gmtime.obj
 0001:00045370       ferror                     0000000180046370 f   toroC64:Ferror.obj
 0001:00045390       _ftelli64                  0000000180046390 f   toroC64:_Ftelli64.obj
 0001:000453b8       _fdopen                    00000001800463b8 f   toroC64:_Fdopen.obj
 0001:00045478       srand                      0000000180046478 f   toroC64:srand.obj
 0001:00045490       rand                       0000000180046490 f   toroC64:rand.obj
 0001:000454bc       getenv                     00000001800464bc f   toroC64:getenv.obj
 0001:000454e8       _stat64i32                 00000001800464e8 f   toroC64:_stat64i32.obj
 0001:0004559c       _open                      000000018004659c f   toroC64:_Open.obj
 0001:000456ac       isalpha                    00000001800466ac f   toroC64:isalpha.obj
 0001:000456d4       wcstombs                   00000001800466d4 f   toroC64:wcstombs.obj
 0001:00045724       wcslen                     0000000180046724 f   toroC64:WcsLen.obj
 0001:00045738       fsetpos                    0000000180046738 f   toroC64:Fsetpos.obj
 0001:0004576c       fgetpos                    000000018004676c f   toroC64:Fgetpos.obj
 0001:000457cc       _fileno                    00000001800467cc f   toroC64:_Fileno.obj
 0001:00045830       islower                    0000000180046830 f   toroC64:islower.obj
 0001:00045844       __cdeIsIOBuffer            0000000180046844 f   toroC64:__cdeIsIOBuffer.obj
 0001:000458a0       _w4uUEFIMultiByteToWideChar 00000001800468a0 f   LibWin324UEFI:MultiByteToWideChar.obj
 0001:00045930       _w4uCreateFileA            0000000180046930 f   LibWin324UEFI:CreateFileA.obj
 0001:00045ab8       _w4uCreateFileW            0000000180046ab8 f   LibWin324UEFI:CreateFileW.obj
 0001:00045d00       _w4uCloseHandle            0000000180046d00 f   LibWin324UEFI:CloseHandle.obj
 0001:00045d58       deflate                    0000000180046d58 f   zlibstat:deflate.obj
 0001:000466b8       deflateEnd                 00000001800476b8 f   zlibstat:deflate.obj
 0001:0004678c       deflateSetDictionary       000000018004778c f   zlibstat:deflate.obj
 0001:00046968       deflateGetDictionary       0000000180047968 f   zlibstat:deflate.obj
 0001:000469e4       deflateCopy                00000001800479e4 f   zlibstat:deflate.obj
 0001:00046ba0       deflateReset               0000000180047ba0 f   zlibstat:deflate.obj
 0001:00046bd4       deflateParams              0000000180047bd4 f   zlibstat:deflate.obj
 0001:00046d50       deflateTune                0000000180047d50 f   zlibstat:deflate.obj
 0001:00046d9c       deflateBound               0000000180047d9c f   zlibstat:deflate.obj
 0001:00046ea0       deflatePending             0000000180047ea0 f   zlibstat:deflate.obj
 0001:00046ee8       deflatePrime               0000000180047ee8 f   zlibstat:deflate.obj
 0001:00046fac       deflateSetHeader           0000000180047fac f   zlibstat:deflate.obj
 0001:00046fe4       deflateInit_               0000000180047fe4 f   zlibstat:deflate.obj
 0001:00047018       deflateInit2_              0000000180048018 f   zlibstat:deflate.obj
 0001:00047294       deflateResetKeep           0000000180048294 f   zlibstat:deflate.obj
 0001:00048c94       crc32                      0000000180049c94 f   zlibstat:crc32.obj
 0001:00048ca4       crc32_z                    0000000180049ca4 f   zlibstat:crc32.obj
 0001:00048f70       crc32_combine_op           0000000180049f70 f   zlibstat:crc32.obj
 0001:00048f90       crc32_combine              0000000180049f90 f   zlibstat:crc32.obj
 0001:00048f9c       crc32_combine_gen          0000000180049f9c f   zlibstat:crc32.obj
 0001:00048fa8       get_crc_table              0000000180049fa8 f   zlibstat:crc32.obj
 0001:00048fb8       crc32_combine64            0000000180049fb8 f   zlibstat:crc32.obj
 0001:00048ff0       crc32_combine_gen64        0000000180049ff0 f   zlibstat:crc32.obj
 0001:000490a8       _tr_init                   000000018004a0a8 f   zlibstat:trees.obj
 0001:00049118       _tr_tally                  000000018004a118 f   zlibstat:trees.obj
 0001:000491f0       _tr_flush_block            000000018004a1f0 f   zlibstat:trees.obj
 0001:00049438       _tr_flush_bits             000000018004a438 f   zlibstat:trees.obj
 0001:00049444       _tr_align                  000000018004a444 f   zlibstat:trees.obj
 0001:0004952c       _tr_stored_block           000000018004a52c f   zlibstat:trees.obj
 0001:0004aa28       adler32                    000000018004ba28 f   zlibstat:adler32.obj
 0001:0004aa38       adler32_z                  000000018004ba38 f   zlibstat:adler32.obj
 0001:0004ad24       adler32_combine            000000018004bd24 f   zlibstat:adler32.obj
 0001:0004ad34       adler32_combine64          000000018004bd34 f   zlibstat:adler32.obj
 0001:0004ae0c       zlibVersion                000000018004be0c f   zlibstat:zutil.obj
 0001:0004ae1c       zlibCompileFlags           000000018004be1c f   zlibstat:zutil.obj
 0001:0004ae28       zError                     000000018004be28 f   zlibstat:zutil.obj
 0001:0004ae44       zcalloc                    000000018004be44 f   zlibstat:zutil.obj
 0001:0004ae58       zcfree                     000000018004be58 f   zlibstat:zutil.obj
 0002:00000000       __xc_a                     000000018004c000     toroC64:osifUefiShellEntryPoint.obj
 0002:00000010       __xc_z                     000000018004c010     toroC64:osifUefiShellEntryPoint.obj
 0002:00000018       __xi_a                     000000018004c018     toroC64:osifUefiShellEntryPoint.obj
 0002:00000020       __xi_z                     000000018004c020     toroC64:osifUefiShellEntryPoint.obj
 0002:00000028       __xp_a                     000000018004c028     toroC64:osifUefiShellEntryPoint.obj
 0002:00000030       __xp_z                     000000018004c030     toroC64:osifUefiShellEntryPoint.obj
 0002:00000038       __xt_a                     000000018004c038     toroC64:osifUefiShellEntryPoint.obj
[...]
 0002:000131f0       $unwind$lxw_table_new      000000018005f1f0     libxlsxwriter:table.obj
 0002:000131f8       $unwind$lxw_table_free     000000018005f1f8     libxlsxwriter:table.obj
 0002:00013200       $unwind$lxw_table_assemble_xml_file 000000018005f200     libxlsxwriter:table.obj
 0002:00013208       $unwind$_table_write_table 000000018005f208     libxlsxwriter:table.obj
 0002:0001321c       $unwind$lxw_theme_new      000000018005f21c     libxlsxwriter:theme.obj
 0002:00013224       $unwind$lxw_theme_free     000000018005f224     libxlsxwriter:theme.obj
 0002:0001322c       $unwind$lxw_theme_assemble_xml_file 000000018005f22c     libxlsxwriter:theme.obj
 0002:00013240       $unwind$lxw_content_types_new 000000018005f240     libxlsxwriter:content_types.obj
 0002:0001324c       $unwind$lxw_content_types_free 000000018005f24c     libxlsxwriter:content_types.obj
 0002:00013258       $unwind$lxw_content_types_assemble_xml_file 000000018005f258     libxlsxwriter:content_types.obj
 0002:00013260       $unwind$lxw_ct_add_default 000000018005f260     libxlsxwriter:content_types.obj
 0002:00013274       $unwind$lxw_ct_add_override 000000018005f274     libxlsxwriter:content_types.obj
 0002:00013288       $unwind$lxw_vml_new        000000018005f288     libxlsxwriter:vml.obj
 0002:00013290       $unwind$lxw_vml_free       000000018005f290     libxlsxwriter:vml.obj
 0002:00013298       $unwind$lxw_vml_assemble_xml_file 000000018005f298     libxlsxwriter:vml.obj
 0002:000132a8       $unwind$_vml_write_anchor  000000018005f2a8     libxlsxwriter:vml.obj
 0002:000132b4       $unwind$_vml_write_image_shape 000000018005f2b4     libxlsxwriter:vml.obj
 0002:000132d4       $unwind$_vml_write_image_shapetype 000000018005f2d4     libxlsxwriter:vml.obj
 0002:000132e0       $unwind$_vml_write_button_shape 000000018005f2e0     libxlsxwriter:vml.obj
 0002:000132f8       $unwind$_vml_write_button_shapetype 000000018005f2f8     libxlsxwriter:vml.obj
 0002:000132f8       $unwind$_vml_write_comment_shapetype 000000018005f2f8     libxlsxwriter:vml.obj
 0002:00013304       $unwind$_vml_write_comment_shape 000000018005f304     libxlsxwriter:vml.obj
 0002:00013320       $unwind$_vml_write_xml_namespace 000000018005f320     libxlsxwriter:vml.obj
 0002:00013330       $unwind$lxw_comment_new    000000018005f330     libxlsxwriter:comment.obj
 0002:0001333c       $unwind$lxw_comment_free   000000018005f33c     libxlsxwriter:comment.obj
 0002:0001334c       $unwind$lxw_comment_assemble_xml_file 000000018005f34c     libxlsxwriter:comment.obj
 0002:00013354       $unwind$_get_author_index  000000018005f354     libxlsxwriter:comment.obj
 0002:00013364       $unwind$_comment_write_color 000000018005f364     libxlsxwriter:comment.obj
 0002:00013370       $unwind$lxw_metadata_new   000000018005f370     libxlsxwriter:metadata.obj
 0002:00013378       $unwind$lxw_metadata_free  000000018005f378     libxlsxwriter:metadata.obj
 0002:00013380       $unwind$lxw_metadata_assemble_xml_file 000000018005f380     libxlsxwriter:metadata.obj
 0002:00013388       $unwind$zipOpen2           000000018005f388     minizip:zip.obj
 0002:00013398       $unwind$zipOpen2_64        000000018005f398     minizip:zip.obj
 0002:000133a0       $unwind$zipOpenNewFileInZip 000000018005f3a0     minizip:zip.obj
 0002:000133a8       $unwind$zipOpenNewFileInZip64 000000018005f3a8     minizip:zip.obj
 0002:000133b0       $unwind$zipOpenNewFileInZip2 000000018005f3b0     minizip:zip.obj
 0002:000133b8       $unwind$zipOpenNewFileInZip2_64 000000018005f3b8     minizip:zip.obj
 0002:000133c0       $unwind$zipOpenNewFileInZip3 000000018005f3c0     minizip:zip.obj
 0002:000133c8       $unwind$zipOpenNewFileInZip3_64 000000018005f3c8     minizip:zip.obj
 0002:000133d0       $unwind$zipOpenNewFileInZip4 000000018005f3d0     minizip:zip.obj
 0002:000133d8       $unwind$zipOpenNewFileInZip4_64 000000018005f3d8     minizip:zip.obj
 0002:000133f0       $unwind$zipWriteInFileInZip 000000018005f3f0     minizip:zip.obj
 0002:00013408       $unwind$zipCloseFileInZipRaw64 000000018005f408     minizip:zip.obj
 0002:00013420       $unwind$zipClose           000000018005f420     minizip:zip.obj
 0002:0001343c       $unwind$zipRemoveExtraInfoBlock 000000018005f43c     minizip:zip.obj
 0002:00013458       $unwind$LoadCentralDirectoryRecord 000000018005f458     minizip:zip.obj
 0002:00013470       $unwind$zipOpen3           000000018005f470     minizip:zip.obj
 0002:0001348c       $unwind$Write_LocalFileHeader 000000018005f48c     minizip:zip.obj
 0002:000134a8       $unwind$Write_Zip64EndOfCentralDirectoryLocator 000000018005f4a8     minizip:zip.obj
 0002:000134b4       $unwind$Write_Zip64EndOfCentralDirectoryRecord 000000018005f4b4     minizip:zip.obj
 0002:000134c8       $unwind$Write_EndOfCentralDirectoryRecord 000000018005f4c8     minizip:zip.obj
 0002:000134e4       $unwind$Write_GlobalComment 000000018005f4e4     minizip:zip.obj
 0002:000134f8       $unwind$zip64local_getLong 000000018005f4f8     minizip:zip.obj
 0002:000134f8       $unwind$zip64local_getShort 000000018005f4f8     minizip:zip.obj
 0002:0001350c       $unwind$zip64local_getLong64 000000018005f50c     minizip:zip.obj
 0002:00013524       $unwind$zip64local_SearchCentralDir 000000018005f524     minizip:zip.obj
 0002:00013540       $unwind$win32_open_file_func 000000018005f540     minizip:iowin32.obj
 0002:00013548       $unwind$win32_read_file_func 000000018005f548     minizip:iowin32.obj
 0002:00013554       $unwind$win32_write_file_func 000000018005f554     minizip:iowin32.obj
 0002:00013560       $unwind$win32_tell64_file_func 000000018005f560     minizip:iowin32.obj
 0002:0001356c       $unwind$win32_seek64_file_func 000000018005f56c     minizip:iowin32.obj
 0002:00013578       $unwind$win32_close_file_func 000000018005f578     minizip:iowin32.obj
 0002:00013584       $unwind$win32_open64_file_func 000000018005f584     minizip:iowin32.obj
 0002:0001358c       $unwind$win32_open64_file_funcA 000000018005f58c     minizip:iowin32.obj
 0002:00013594       $unwind$win32_open64_file_funcW 000000018005f594     minizip:iowin32.obj
 0002:0001359c       $unwind$win32_tell_file_func 000000018005f59c     minizip:iowin32.obj
 0002:000135a8       $unwind$win32_seek_file_func 000000018005f5a8     minizip:iowin32.obj
 0002:000135b4       $unwind$MySetFilePointerEx 000000018005f5b4     minizip:iowin32.obj
 0002:000135c8       $unwind$call_ztell64       000000018005f5c8     minizip:ioapi.obj
 0002:000135d0       $unwind$fopen_file_func    000000018005f5d0     minizip:ioapi.obj
 0002:000135d8       $unwind$fseek64_file_func  000000018005f5d8     minizip:ioapi.obj
 0002:000135e0       $unwind$fopen64_file_func  000000018005f5e0     minizip:ioapi.obj
 0002:000135e8       $unwind$fseek_file_func    000000018005f5e8     minizip:ioapi.obj
 0002:000135f0       $unwind$tmpfileplus        000000018005f5f0     tmpfileplus:tmpfileplus.obj
 0002:0001360c       $unwind$tmpfileplus_f      000000018005f60c     tmpfileplus:tmpfileplus.obj
 0002:0001361c       $unwind$mktempfile_internal 000000018005f61c     tmpfileplus:tmpfileplus.obj
 0002:00013634       $unwind$MD5_Update         000000018005f634     md5:md5.obj
 0002:0001364c       $unwind$MD5_Final          000000018005f64c     md5:md5.obj
 0002:0001365c       $unwind$body               000000018005f65c     md5:md5.obj
 0002:00013674       $unwind$calloc             000000018005f674     toroC64:Calloc.obj
 0002:00013680       $unwind$isalnum            000000018005f680     toroC64:isalnum.obj
 0002:0001368c       $unwind$tolower            000000018005f68c     toroC64:tolower.obj
 0002:00013694       $unwind$_wfopen            000000018005f694     toroC64:_Wfopen.obj
 0002:000136ac       $unwind$atoi               000000018005f6ac     toroC64:atoi.obj
 0002:000136b4       $unwind$feof               000000018005f6b4     toroC64:Feof.obj
 0002:000136bc       $unwind$rewind             000000018005f6bc     toroC64:Rewind.obj
 0002:000136c4       $unwind$memmove            000000018005f6c4     toroC64:MemMove.obj
 0002:000136d4       $unwind$strchr             000000018005f6d4     toroC64:StrChr.obj
 0002:000136dc       $unwind$strrchr            000000018005f6dc     toroC64:StrRChr.obj
 0002:000136e8       $unwind$strcat             000000018005f6e8     toroC64:StrCat.obj
 0002:000136f4       $unwind$strpbrk            000000018005f6f4     toroC64:StrPbrk.obj
 0002:00013700       $unwind$isxdigit           000000018005f700     toroC64:isxdigit.obj
 0002:00013708       $unwind$gmtime             000000018005f708     toroC64:gmtime.obj
 0002:00013710       $unwind$ferror             000000018005f710     toroC64:Ferror.obj
 0002:00013718       $unwind$_ftelli64          000000018005f718     toroC64:_Ftelli64.obj
 0002:00013720       $unwind$_fdopen            000000018005f720     toroC64:_Fdopen.obj
 0002:00013734       $unwind$srand              000000018005f734     toroC64:srand.obj
 0002:0001373c       $unwind$rand               000000018005f73c     toroC64:rand.obj
 0002:00013744       $unwind$getenv             000000018005f744     toroC64:getenv.obj
 0002:0001374c       $unwind$_stat64i32         000000018005f74c     toroC64:_stat64i32.obj
 0002:00013764       $unwind$_open              000000018005f764     toroC64:_Open.obj
 0002:00013774       $unwind$isalpha            000000018005f774     toroC64:isalpha.obj
 0002:00013780       $unwind$wcstombs           000000018005f780     toroC64:wcstombs.obj
 0002:00013788       $unwind$fsetpos            000000018005f788     toroC64:Fsetpos.obj
 0002:00013794       $unwind$fgetpos            000000018005f794     toroC64:Fgetpos.obj
 0002:000137a8       $unwind$_fileno            000000018005f7a8     toroC64:_Fileno.obj
 0002:000137b8       $unwind$__cdeIsIOBuffer    000000018005f7b8     toroC64:__cdeIsIOBuffer.obj
 0002:000137cc       $unwind$_w4uUEFIMultiByteToWideChar 000000018005f7cc     LibWin324UEFI:MultiByteToWideChar.obj
 0002:000137dc       $unwind$_w4uCreateFileA    000000018005f7dc     LibWin324UEFI:CreateFileA.obj
 0002:000137f8       $unwind$_w4uCreateFileW    000000018005f7f8     LibWin324UEFI:CreateFileW.obj
 0002:00013814       $unwind$_w4uReadFile       000000018005f814     LibWin324UEFI:ReadFile.obj
 0002:00013820       $unwind$_w4uUEFISetFilePointer 000000018005f820     LibWin324UEFI:SetFilePointer.obj
 0002:00013838       $unwind$_w4uWriteFile      000000018005f838     LibWin324UEFI:WriteFile.obj
 0002:00013844       $unwind$_w4uCloseHandle    000000018005f844     LibWin324UEFI:CloseHandle.obj
 0002:00013850       $unwind$deflate            000000018005f850     zlibstat:deflate.obj
 0002:0001386c       $unwind$deflateEnd         000000018005f86c     zlibstat:deflate.obj
 0002:00013888       $unwind$deflateSetDictionary 000000018005f888     zlibstat:deflate.obj
 0002:000138a4       $unwind$deflateGetDictionary 000000018005f8a4     zlibstat:deflate.obj
 0002:000138b0       $unwind$deflateCopy        000000018005f8b0     zlibstat:deflate.obj
 0002:000138c0       $unwind$deflateReset       000000018005f8c0     zlibstat:deflate.obj
 0002:000138cc       $unwind$deflateParams      000000018005f8cc     zlibstat:deflate.obj
 0002:000138e4       $unwind$deflateTune        000000018005f8e4     zlibstat:deflate.obj
 0002:000138ec       $unwind$deflateBound       000000018005f8ec     zlibstat:deflate.obj
 0002:000138f4       $unwind$deflatePending     000000018005f8f4     zlibstat:deflate.obj
 0002:000138fc       $unwind$deflatePrime       000000018005f8fc     zlibstat:deflate.obj
 0002:00013914       $unwind$deflateSetHeader   000000018005f914     zlibstat:deflate.obj
 0002:0001391c       $unwind$deflateInit_       000000018005f91c     zlibstat:deflate.obj
 0002:00013924       $unwind$deflateInit2_      000000018005f924     zlibstat:deflate.obj
 0002:00013940       $unwind$deflateResetKeep   000000018005f940     zlibstat:deflate.obj
 0002:0001394c       $unwind$deflate_stored     000000018005f94c     zlibstat:deflate.obj
 0002:00013968       $unwind$deflate_fast       000000018005f968     zlibstat:deflate.obj
 0002:00013980       $unwind$deflate_slow       000000018005f980     zlibstat:deflate.obj
 0002:0001399c       $unwind$longest_match      000000018005f99c     zlibstat:deflate.obj
 0002:000139b8       $unwind$crc32_z            000000018005f9b8     zlibstat:crc32.obj
 0002:000139d0       $unwind$crc32_combine_op   000000018005f9d0     zlibstat:crc32.obj
 0002:000139d8       $unwind$crc32_combine64    000000018005f9d8     zlibstat:crc32.obj
 0002:000139e4       $unwind$_tr_tally          000000018005f9e4     zlibstat:trees.obj
 0002:000139ec       $unwind$_tr_flush_block    000000018005f9ec     zlibstat:trees.obj
 0002:00013a04       $unwind$_tr_stored_block   000000018005fa04     zlibstat:trees.obj
 0002:00013a10       $unwind$gen_bitlen         000000018005fa10     zlibstat:trees.obj
 0002:00013a28       $unwind$build_tree         000000018005fa28     zlibstat:trees.obj
 0002:00013a28       $unwind$send_all_trees     000000018005fa28     zlibstat:trees.obj
 0002:00013a44       $unwind$send_tree          000000018005fa44     zlibstat:trees.obj
 0002:00013a60       $unwind$compress_block     000000018005fa60     zlibstat:trees.obj
 0003:000003e0       ?buildtimestamp@@3QBDB     00000001800603e0     main.obj
 0003:000003f0       ?parms@@3PAU<unnamed-type-parms>@@A 00000001800603f0     main.obj
 0003:00000878       ?wcsSeparator17@?MI@??main@@9@4PAGA 0000000180060878     main.obj
 0003:000008b0       ?rgstrProgress@?1??TextWindowUpdateProgress@CTextWindow@@QEAAXXZ@4PAPEBDA 00000001800608b0     TextWindow.obj
 0003:000008d0       gCdeSystemVolumes          00000001800608d0     toroC64:osifUefiShellEntryPoint.obj
 0003:000017e0       gCdeServicesShell          00000001800617e0     toroC64:osifUefiShellEntryPoint.obj
 0003:00001f90       _gEfiStatusCodeRuntimeProtocolGuid 0000000180061f90     toroC64:osifUefiShellEntryPoint.obj
 0003:00001fa0       ?EfiLoadedImageProtocolGuid@?1??_MainEntryPointShell@@9@9 0000000180061fa0     toroC64:osifUefiShellEntryPoint.obj
 0003:00001fb0       ?EfiShellParametersProtocolGuid@?L@??_MainEntryPointShell@@9@9 0000000180061fb0     toroC64:osifUefiShellEntryPoint.obj
 0003:00001fc0       ?EfiAcpi20TableGuid@?N@??_MainEntryPointShell@@9@9 0000000180061fc0     toroC64:osifUefiShellEntryPoint.obj
 0003:00001fd0       RomParm                    0000000180061fd0     toroC64:Vswprintf.obj
 0003:00001fd8       RomParm                    0000000180061fd8     toroC64:Sscanf.obj
 0003:00001ff0       rgszSysErrors              0000000180061ff0     toroC64:StrError.obj
 0003:00002148       ROMPARM                    0000000180062148     toroC64:_StrICmp.obj
 0003:00002150       ROMPARM                    0000000180062150     toroC64:StrNCmp.obj
 0003:00002158       ROMPARM                    0000000180062158     toroC64:_StrNICmp.obj
 0003:00002160       rgszEfiErrors              0000000180062160     toroC64:_StrEfiError.obj
 0003:00002260       ROMPARM                    0000000180062260     toroC64:StrCmp.obj
 0003:0000226c       RomParm                    000000018006226c     toroC64:Vsnwprintf.obj
 0003:00002274       ROMPARM                    0000000180062274     toroC64:WcsTok.obj
 0003:00002278       ?action@?4??_cdeCoreMemRealloc@@9@9 0000000180062278     toroC64:_cdeCoreMemRealloc.obj
 0003:00002280       tblMode                    0000000180062280     toroC64:osifUefiShellFileOpen.obj
 0003:00002480       ?wcsSHELL@?1??myConIOPutStr@@9@9 0000000180062480     toroC64:osifUefiShellCmdExec.obj
 0003:000024b8       ?wcsMAP@?1??myConIOPutStr@@9@9 00000001800624b8     toroC64:osifUefiShellCmdExec.obj
 0003:000024d8       ?wcsALIAS@?1??myConIOPutStr@@9@9 00000001800624d8     toroC64:osifUefiShellCmdExec.obj
 0003:000024f0       ?wcsBLK@?1??myConIOPutStr@@9@9 00000001800624f0     toroC64:osifUefiShellCmdExec.obj
 0003:00002508       ?wcsBLK2@?1??myConIOPutStr@@9@9 0000000180062508     toroC64:osifUefiShellCmdExec.obj
 0003:00002518       ?wcsFS@?1??myConIOPutStr@@9@9 0000000180062518     toroC64:osifUefiShellCmdExec.obj
 0003:00002530       ?wcsFS2@?1??myConIOPutStr@@9@9 0000000180062530     toroC64:osifUefiShellCmdExec.obj
 0003:00002600       ROMPARM                    0000000180062600     toroC64:MemCmpCDEINTRINABI.obj
 0003:00002640       ROMPARM                    0000000180062640     toroC64:StrTok.obj
 0003:00002648       RomParm                    0000000180062648     toroC64:Vfscanf.obj
 0003:00002654       RomParm                    0000000180062654     toroC64:Vsnprintf.obj
 0003:000027c0       ?RomParm@?1??_cdeCoreSprintf@@9@9 00000001800627c0     toroC64:_cdeCoreSprintf.obj
 0003:00002808       ROMPARM                    0000000180062808     toroC64:WcsNCmpCDEABI.obj
 0003:00002820       ROMPARM                    0000000180062820     toroC64:WcsTokCDEABI.obj
 0003:00002830       ROMPARM                    0000000180062830     toroC64:_WcsICmpCDEABI.obj
 0003:00002840       ROMPARM                    0000000180062840     toroC64:StrCmpCDEABI.obj
 0003:00002850       ROMPARM                    0000000180062850     toroC64:_StrICmpCDEABI.obj
 0003:000028e8       ROMPARM                    00000001800628e8     toroC64:StrNCmpCDEABI.obj
 0003:00002948       RomParm                    0000000180062948     toroC64:VsnprintfCDEABI.obj
 0003:00002958       ?sigorder@?1??_cdeSig2idx@@9@9 0000000180062958     toroC64:_cdeSig2idx.obj
 0003:00002970       ROMPARM                    0000000180062970     toroC64:StrTokCDEABI.obj
 0003:00002988       RomParm                    0000000180062988     toroC64:_cdeSscanf.obj
 0003:000029e0       ?EfiAcpi20TableGuid@?1??GetSystemFirmwareTable4UEFI@@9@9 00000001800629e0     LibWin324UEFI:GetSystemFirmwareTable.obj
 0003:00003310       tblMode                    0000000180063310     toroC64:_Fdopen.obj
 0003:00003ba0       ?statbuf4DiffTSC@@3PA_JA   0000000180063ba0     main.obj
 0003:0001c240       ?statbuf4DriftSecPerDay@@3PANA 000000018007c240     main.obj
 0003:0003492c       ?cntSamples@@3HA           000000018009492c     main.obj
 0003:00034940       ?PITB2BStat@@3PAGA         0000000180094940     main.obj
 0003:00035310       ?ACPIB2BStat@@3PAHA        0000000180095310     main.obj
 0003:00036698       ?endclk@?1??TextWindowUpdateProgress@CTextWindow@@QEAAXXZ@4JA 0000000180096698     TextWindow.obj
 0003:000366c0       _iob                       00000001800966c0     toroC64:osifUefiShellEntryPoint.obj
 0003:000386c0       ?DblData@?CA@??_cdeCoreVwxPrintf@@9@9 00000001800986c0     toroC64:_cdeCoreVwxPrintf.obj
 0003:00038c50       ?wcBuffer@?1??_osifUefiShellFileWrite@@9@9 0000000180098c50     toroC64:osifUefiShellFileWrite.obj
 0003:00039060       ?zBuf64k@?O@??_osifUefiShellFileWrite@@9@9 0000000180099060     toroC64:osifUefiShellFileWrite.obj
 0003:00049060       ?wcbuffer@?3??_osifUefiShellFileRead@@9@9 00000001800a9060     toroC64:osifUefiShellFileRead.obj
 0003:00049460       ?wcsFilePath@?5??_osifUefiShellFileOpen@@9@9 00000001800a9460     toroC64:osifUefiShellFileOpen.obj
 0003:00049670       ?wcsFileName@?5??_osifUefiShellFileOpen@@9@9 00000001800a9670     toroC64:osifUefiShellFileOpen.obj
 0003:00049878       ?wcsDrive@?5??_osifUefiShellFileOpen@@9@9 00000001800a9878     toroC64:osifUefiShellFileOpen.obj
 0003:00049898       ?wcsDrive2@?5??_osifUefiShellFileOpen@@9@9 00000001800a9898     toroC64:osifUefiShellFileOpen.obj
 0003:000498c0       state                      00000001800a98c0     toroC64:osifUefiShellCmdExec.obj
 0003:000498d0       ?wcsCommand@?1??_osifUefiShellCmdExec@@9@9 00000001800a98d0     toroC64:osifUefiShellCmdExec.obj
 0003:00049ae0       ?buffer@?1??_osifUefiShellGetEnv@@9@9 00000001800a9ae0     toroC64:osifUefiShellGetEnv.obj
 0003:00049ce4       ?seed@?1??set_randpart@@9@9 00000001800a9ce4     tmpfileplus:tmpfileplus.obj
 0003:00049cf0       _w4uiobuf                  00000001800a9cf0     LibWin324UEFI:CreateFileA.obj
