 TSCSync

 Timestamp is 660b232e (Mon Apr  1 23:12:14 2024)

 Preferred load address is 0000000180000000

 Start         Length     Name                   Class
 0001:00000000 00000020H .text$di                CODE
 0001:00000020 0004b448H .text$mn                CODE
 0002:00000000 00000008H .CRT$XCA                DATA
 0002:00000008 00000008H .CRT$XCU                DATA
 0002:00000010 00000008H .CRT$XCZ                DATA
 0002:00000018 00000008H .CRT$XIA                DATA
 0002:00000020 00000008H .CRT$XIZ                DATA
 0002:00000028 00000008H .CRT$XPA                DATA
 0002:00000030 00000008H .CRT$XPZ                DATA
 0002:00000038 00000008H .CRT$XTA                DATA
 0002:00000040 00000010H .CRT$XTZ                DATA
 0002:00000050 00010dfcH .rdata                  DATA
 0002:00010e4c 00000048H .rdata$voltmd           DATA
 0002:00010e94 00000160H .rdata$zzzdbg           DATA
 0002:00010ff4 00002cb8H .xdata                  DATA
 0002:00013cac 00000000H .edata                  DATA
 0003:00000000 00003460H .data                   DATA
 0003:00003460 00146f0cH .bss                    DATA
 0004:00000000 00003960H .pdata                  DATA

  Address         Publics by Value              Rva+Base               Lib:Object

 0000:00000000       __AbsoluteZero             0000000000000000     <absolute>
 0000:00000000       ___safe_se_handler_count   0000000000000000     <absolute>
 0000:00000000       ___safe_se_handler_table   0000000000000000     <absolute>
 0000:00000000       __arm64x_extra_rfe_table   0000000000000000     <absolute>
 0000:00000000       __arm64x_extra_rfe_table_size 0000000000000000     <absolute>
 0000:00000000       __arm64x_native_entrypoint 0000000000000000     <absolute>
 0000:00000000       __arm64x_redirection_metadata 0000000000000000     <absolute>
 0000:00000000       __arm64x_redirection_metadata_count 0000000000000000     <absolute>
 0000:00000000       __dynamic_value_reloc_table 0000000000000000     <absolute>
 0000:00000000       __enclave_config           0000000000000000     <absolute>
 0000:00000000       __guard_check_icall_a64n_fptr 0000000000000000     <absolute>
 0000:00000000       __guard_eh_cont_count      0000000000000000     <absolute>
 0000:00000000       __guard_eh_cont_table      0000000000000000     <absolute>
 0000:00000000       __guard_fids_count         0000000000000000     <absolute>
 0000:00000000       __guard_fids_table         0000000000000000     <absolute>
 0000:00000000       __guard_flags              0000000000000000     <absolute>
 0000:00000000       __guard_iat_count          0000000000000000     <absolute>
 0000:00000000       __guard_iat_table          0000000000000000     <absolute>
 0000:00000000       __guard_longjmp_count      0000000000000000     <absolute>
 0000:00000000       __guard_longjmp_table      0000000000000000     <absolute>
 0000:00000000       __hybrid_auxiliary_delayload_iat 0000000000000000     <absolute>
 0000:00000000       __hybrid_auxiliary_delayload_iat_copy 0000000000000000     <absolute>
 0000:00000000       __hybrid_auxiliary_iat     0000000000000000     <absolute>
 0000:00000000       __hybrid_auxiliary_iat_copy 0000000000000000     <absolute>
 0000:00000000       __hybrid_code_map          0000000000000000     <absolute>
 0000:00000000       __hybrid_code_map_count    0000000000000000     <absolute>
 0000:00000000       __hybrid_image_info_bitfield 0000000000000000     <absolute>
 0000:00000000       __x64_code_ranges_to_entry_points 0000000000000000     <absolute>
 0000:00000000       __x64_code_ranges_to_entry_points_count 0000000000000000     <absolute>
 0000:00000000       __ImageBase                0000000180000000     <linker-defined>
 0001:00000020       AcpiClkWait                0000000180001020 f   AcpiClkWait.obj
 0001:000000f0       GetACPICount               00000001800010f0 f   AcpiClkWait.obj
 0001:000000f8       InternalAcpiDelay          00000001800010f8 f   AcpiClkWait.obj
 0001:000001ac       PCIReset                   00000001800011ac f   AcpiClkWait.obj
 0001:000001b8       ?fnMnuItm_About_0@@YAHPEAVCTextWindow@@PEAX1@Z 00000001800011b8 f   main.obj
 0001:0000058c       ?fnMnuItm_About_1@@YAHPEAVCTextWindow@@PEAX1@Z 000000018000158c f   main.obj
 0001:0000062c       ?fnMnuItm_Config_ACPIDelaySelect1@@YAHPEAVCTextWindow@@PEAX1@Z 000000018000162c f   main.obj
 0001:000006c0       ?fnMnuItm_Config_ACPIDelaySelect2@@YAHPEAVCTextWindow@@PEAX1@Z 00000001800016c0 f   main.obj
 0001:00000754       ?fnMnuItm_Config_ACPIDelaySelect3@@YAHPEAVCTextWindow@@PEAX1@Z 0000000180001754 f   main.obj
 0001:000007e8       ?fnMnuItm_Config_ACPIDelaySelect4@@YAHPEAVCTextWindow@@PEAX1@Z 00000001800017e8 f   main.obj
 0001:0000087c       ?fnMnuItm_Config_ACPIDelaySelect5@@YAHPEAVCTextWindow@@PEAX1@Z 000000018000187c f   main.obj
 0001:00000910       ?fnMnuItm_Config_CalibMethodSelectTIANOACPI@@YAHPEAVCTextWindow@@PEAX1@Z 0000000180001910 f   main.obj
 0001:00000a38       ?fnMnuItm_Config_CalibMethodSelectTSCSYNCACPI@@YAHPEAVCTextWindow@@PEAX1@Z 0000000180001a38 f   main.obj
 0001:00000b60       ?fnMnuItm_Config_CalibMethodSelectTSCSYNCPIT@@YAHPEAVCTextWindow@@PEAX1@Z 0000000180001b60 f   main.obj
 0001:00000c98       ?fnMnuItm_Config_ErrorCorrection@@YAHPEAVCTextWindow@@PEAX1@Z 0000000180001c98 f   main.obj
 0001:00000d40       ?fnMnuItm_File_Exit@@YAHPEAVCTextWindow@@PEAX1@Z 0000000180001d40 f   main.obj
 0001:00000d8c       ?fnMnuItm_File_SaveAs@@YAHPEAVCTextWindow@@PEAX1@Z 0000000180001d8c f   main.obj
 0001:00002210       ?fnMnuItm_File_SaveExit@@YAHPEAVCTextWindow@@PEAX1@Z 0000000180003210 f   main.obj
 0001:0000223c       ?fnMnuItm_File_SwitchOff@@YAHPEAVCTextWindow@@PEAX1@Z 000000018000323c f   main.obj
 0001:00002290       ?fnMnuItm_NumSamples@@YAHPEAVCTextWindow@@PEAX1@Z 0000000180003290 f   main.obj
 0001:0000262c       ?fnMnuItm_RunConfig_0@@YAHPEAVCTextWindow@@PEAX1@Z 000000018000362c f   main.obj
 0001:00002654       ?fnMnuItm_RunDriftTest_0@@YAHPEAVCTextWindow@@PEAX1@Z 0000000180003654 f   main.obj
 0001:000026f8       ?fnMnuItm_View_Calendar@@YAHPEAVCTextWindow@@PEAX1@Z 00000001800036f8 f   main.obj
 0001:0000274c       ?fnMnuItm_View_Clock@@YAHPEAVCTextWindow@@PEAX1@Z 000000018000374c f   main.obj
 0001:000027a0       ?fnMnuItm_View_SysInfo@@YAHPEAVCTextWindow@@PEAX1@Z 00000001800037a0 f   main.obj
 0001:00002b7c       ?resetconsole@@YAXXZ       0000000180003b7c f   main.obj
 0001:00002bb0       ?rtcrd@@YAHH@Z             0000000180003bb0 f   main.obj
 0001:00002c00       ?swprintf@@YAHQEAGQEBGZZ   0000000180003c00 f i main.obj
 0001:00002c2c       main                       0000000180003c2c f   main.obj
 0001:00006214       PITClkWait                 0000000180007214 f   PITClkWait.obj
 0001:00006318       ??0CTextWindow@@QEAA@PEAV0@H@Z 0000000180007318 f   TextWindow.obj
 0001:000064a4       ??0CTextWindow@@QEAA@PEAV0@U_WINPOS@@U_WINDIM@@H@Z 00000001800074a4 f   TextWindow.obj
 0001:00006614       ??1CTextWindow@@QEAA@XZ    0000000180007614 f   TextWindow.obj
 0001:000066bc       ?TextBlockClear@CTextWindow@@QEAAXXZ 00000001800076bc f   TextWindow.obj
 0001:00006768       ?TextBlockDraw@CTextWindow@@QEAAXU_WINPOS@@H@Z 0000000180007768 f   TextWindow.obj
 0001:0000680c       ?TextBlockDraw@CTextWindow@@QEAAXU_WINPOS@@HPEBDZZ 000000018000780c f   TextWindow.obj
 0001:000068d4       ?TextBlockDraw@CTextWindow@@QEAAXU_WINPOS@@HPEBGZZ 00000001800078d4 f   TextWindow.obj
 0001:00006990       ?TextBlockRfrsh@CTextWindow@@QEAAXXZ 0000000180007990 f   TextWindow.obj
 0001:00006a14       ?TextBorder@CTextWindow@@QEAAHU_WINPOS@@U_WINDIM@@GGGGGGPEAG@Z 0000000180007a14 f   TextWindow.obj
 0001:00006c90       ?TextClearWindow@CTextWindow@@QEAAXH@Z 0000000180007c90 f   TextWindow.obj
 0001:00006cfc       ?TextGetKey@CTextWindow@@QEAA?AW4TEXT_KEY@@XZ 0000000180007cfc f   TextWindow.obj
 0001:00006e00       ?TextPrint@CTextWindow@@QEAAHPEBGZZ 0000000180007e00 f   TextWindow.obj
 0001:00006e24       ?TextPrint@CTextWindow@@QEAAHU_WINPOS@@HPEBDZZ 0000000180007e24 f   TextWindow.obj
 0001:00006e98       ?TextPrint@CTextWindow@@QEAAHU_WINPOS@@HPEBGZZ 0000000180007e98 f   TextWindow.obj
 0001:00006f04       ?TextPrint@CTextWindow@@QEAAHU_WINPOS@@PEBDZZ 0000000180007f04 f   TextWindow.obj
 0001:00006f64       ?TextPrint@CTextWindow@@QEAAHU_WINPOS@@PEBGZZ 0000000180007f64 f   TextWindow.obj
 0001:00006fbc       ?TextVPrint@CTextWindow@@QEAAHPEBGPEAD@Z 0000000180007fbc f   TextWindow.obj
 0001:00007058       ?TextWindowGetRoot@CTextWindow@@QEAAPEAV1@XZ 0000000180008058 f   TextWindow.obj
 0001:00007070       ?TextWindowUpdateProgress@CTextWindow@@QEAAXXZ 0000000180008070 f   TextWindow.obj
 0001:0000722c       ??0CUefiBase@@QEAA@XZ      000000018000822c f   UefiBase.obj
 0001:000072c0       ?ClrScr@CUefiBase@@QEAA_KH@Z 00000001800082c0 f   UefiBase.obj
 0001:00007328       ?ClrScr@CUefiBase@@QEAA_KXZ 0000000180008328 f   UefiBase.obj
 0001:00007358       ?GotoXY@CUefiBase@@QEAA_KU_WINPOS@@@Z 0000000180008358 f   UefiBase.obj
 0001:00007378       ?QueryMode@CUefiBase@@QEAA?AU_WINDIM@@H@Z 0000000180008378 f   UefiBase.obj
 0001:000073cc       ?ReadKeyStrokeEx@CUefiBase@@QEAA?AUEFI_KEY_DATA@@XZ 00000001800083cc f   UefiBase.obj
 0001:00007480       __cdeGetAppIf              0000000180008480 f   toroC64:osifUefiShellEntryPoint.obj
 0001:00007504       _MainEntryPointShell       0000000180008504 f   toroC64:osifUefiShellEntryPoint.obj
 0001:00007b94       _cdeCRT0UefiShell          0000000180008b94 f   toroC64:osifUefiShellEntryPoint.obj
 0001:00007bf8       printf                     0000000180008bf8 f   toroC64:Printf.obj
 0001:00007c34       ??2@YAPEAX_K@Z             0000000180008c34 f   toroC64:new.obj
 0001:00007c50       ??3@YAXPEAX_K@Z            0000000180008c50 f   toroC64:delete.obj
 0001:00007c58       ??_U@YAPEAX_K@Z            0000000180008c58 f   toroC64:newa.obj
 0001:00007c74       atexit                     0000000180008c74 f   toroC64:atexit.obj
 0001:00007cc0       __acrt_iob_func            0000000180008cc0 f   toroC64:__acrt_iob_func.obj
 0001:00007cfc       vswprintf                  0000000180008cfc f   toroC64:Vswprintf.obj
 0001:00007d9c       swprintf                   0000000180008d9c f   toroC64:Swprintf.obj
 0001:00007dbc       fclose                     0000000180008dbc f   toroC64:Fclose.obj
 0001:00007e88       fopen                      0000000180008e88 f   toroC64:Fopen.obj
 0001:000080b4       getchar                    00000001800090b4 f   toroC64:Getchar.obj
 0001:000080cc       remove                     00000001800090cc f   toroC64:Remove.obj
 0001:00008144       fprintf                    0000000180009144 f   toroC64:Fprintf.obj
 0001:00008168       fscanf                     0000000180009168 f   toroC64:Fscanf.obj
 0001:0000818c       sprintf                    000000018000918c f   toroC64:Sprintf.obj
 0001:000081b8       snprintf                   00000001800091b8 f   toroC64:Snprintf.obj
 0001:000081d8       sscanf                     00000001800091d8 f   toroC64:Sscanf.obj
 0001:00008240       malloc                     0000000180009240 f   toroC64:Malloc.obj
 0001:0000824c       _errno                     000000018000924c f   toroC64:errno.obj
 0001:00008270       exit                       0000000180009270 f   toroC64:exit.obj
 0001:00008294       strerror                   0000000180009294 f   toroC64:StrError.obj
 0001:000082b0       _stricmp                   00000001800092b0 f   toroC64:_StrICmp.obj
 0001:000082ec       strncmp                    00000001800092ec f   toroC64:StrNCmp.obj
 0001:00008334       _strnicmp                  0000000180009334 f   toroC64:_StrNICmp.obj
 0001:0000837c       clock                      000000018000937c f   toroC64:clock.obj
 0001:000083d0       _difftime64                00000001800093d0 f   toroC64:difftime.obj
 0001:000083e4       difftime                   00000001800093e4 f   toroC64:difftime.obj
 0001:000083ec       _localtime64               00000001800093ec f   toroC64:localtime.obj
 0001:00008414       localtime                  0000000180009414 f   toroC64:localtime.obj
 0001:0000841c       _mktime64                  000000018000941c f   toroC64:mktime.obj
 0001:000084ac       mktime                     00000001800094ac f   toroC64:mktime.obj
 0001:000084b4       _time64                    00000001800094b4 f   toroC64:time.obj
 0001:00008500       time                       0000000180009500 f   toroC64:time.obj
 0001:00008508       _strefierror               0000000180009508 f   toroC64:_StrEfiError.obj
 0001:00008528       memset                     0000000180009528 f   toroC64:MemSetCDEINTRINABI.obj
 0001:0000854c       strcmp                     000000018000954c f   toroC64:StrCmp.obj
 0001:00008588       _vsnwprintf                0000000180009588 f   toroC64:Vsnwprintf.obj
 0001:00008664       vfprintf                   0000000180009664 f   toroC64:Vfprintf.obj
 0001:00008784       vsprintf                   0000000180009784 f   toroC64:Vsprintf.obj
 0001:00008794       mbstowcs                   0000000180009794 f   toroC64:mbstowcs.obj
 0001:000087bc       wcstok                     00000001800097bc f   toroC64:WcsTok.obj
 0001:0000880c       strftime                   000000018000980c f   toroC64:strftime.obj
 0001:00008d78       FirstYday                  0000000180009d78 f   toroC64:strftime.obj
 0001:00008dd4       memcpy                     0000000180009dd4 f   toroC64:MemCpy.obj
 0001:00008df4       _CdeDbgPutChar             0000000180009df4 f   toroC64:_CdeDbgPutChar.obj
 0001:00008f88       _cdeCoreVwxPrintf          0000000180009f88 f   toroC64:_cdeCoreVwxPrintf.obj
 0001:0000a2f4       ComputeFieldSize           000000018000b2f4 f   toroC64:_cdeCoreVwxPrintf.obj
 0001:0000a330       ydes                       000000018000b330 f   toroC64:_cdeCoreVwxPrintf.obj
 0001:0000ad04       _cdeCoreVwxScanf           000000018000bd04 f   toroC64:_cdeCoreVwxScanf.obj
 0001:0000c10c       _cdeCoreWcsStrTok          000000018000d10c f   toroC64:_cdeCoreWcsStrTok.obj
 0001:0000c208       _cdeWcsStrPbrkSpn          000000018000d208 f   toroC64:_cdeWcsStrPbrkSpn.obj
 0001:0000c348       _cdeCoreMemRealloc         000000018000d348 f   toroC64:_cdeCoreMemRealloc.obj
 0001:0000c718       _cdeMemStrxCpy             000000018000d718 f   toroC64:_cdeMemStrxCpy.obj
 0001:0000c80c       _cdeMemStrxCmp             000000018000d80c f   toroC64:_cdeMemStrxCmp.obj
 0001:0000c94c       _osifIbmAtGetTime          000000018000d94c f   toroC64:osifIbmAtGetTime.obj
 0001:0000cb04       _osifUefiShellGetTscPerSec 000000018000db04 f   toroC64:osifUefiShellGetTscPerSec.obj
 0001:0000cba4       _osifIbmAtGetTsc           000000018000dba4 f   toroC64:osifIbmAtGetTsc.obj
 0001:0000cbb0       _osifUefiShellMemAlloc     000000018000dbb0 f   toroC64:osifUefiShellMemAlloc.obj
 0001:0000cbf4       _osifUefiShellMemFree      000000018000dbf4 f   toroC64:osifUefiShellMemFree.obj
 0001:0000cc0c       _osifUefiShellFileWrite    000000018000dc0c f   toroC64:osifUefiShellFileWrite.obj
 0001:0000cd94       _osifUefiShellFileRead     000000018000dd94 f   toroC64:osifUefiShellFileRead.obj
 0001:0000cfc0       _osifUefiShellFileSetPos   000000018000dfc0 f   toroC64:osifUefiShellFileSetPos.obj
 0001:0000d0cc       _osifUefiShellFileOpen     000000018000e0cc f   toroC64:osifUefiShellFileOpen.obj
 0001:0000d770       _osifUefiShellFileClose    000000018000e770 f   toroC64:osifUefiShellFileClose.obj
 0001:0000d7d0       _osifUefiShellFileDelete   000000018000e7d0 f   toroC64:osifUefiShellFileDelete.obj
 0001:0000d7f8       _osifUefiShellFileRename   000000018000e7f8 f   toroC64:osifUefiShellFileRename.obj
 0001:0000d958       _osifUefiShellFileFindAll  000000018000e958 f   toroC64:osifUefiShellFileFindAll.obj
 0001:0000dd88       _osifUefiShellFileGetStatus 000000018000ed88 f   toroC64:osifUefiShellFileGetStatus.obj
 0001:0000ded8       _osifUefiShellDirectoryCreate 000000018000eed8 f   toroC64:osifUefiShellDirectoryCreate.obj
 0001:0000e17c       _osifUefiShellCmdExec      000000018000f17c f   toroC64:osifUefiShellCmdExec.obj
 0001:0000e270       _osifUefiShellGetEnv       000000018000f270 f   toroC64:osifUefiShellGetEnv.obj
 0001:0000e320       _osifUefiShellGetDrvCwd    000000018000f320 f   toroC64:osifUefiShellGetDrvCwd.obj
 0001:0000e36c       _cdeCoreFread              000000018000f36c f   toroC64:_cdeCoreFread.obj
 0001:0000e644       _cdeCoreFwrite             000000018000f644 f   toroC64:_cdeCoreFwrite.obj
 0001:0000e8c0       _cdeCoreFsetpos            000000018000f8c0 f   toroC64:_cdeCoreFsetpos.obj
 0001:0000ea38       _cdeCoreFflush             000000018000fa38 f   toroC64:_cdeCoreFflush.obj
 0001:0000eac0       _cdeSigDflt                000000018000fac0 f   toroC64:_cdeSigDfl.obj
 0001:0000eac8       __cdeGetIOBuffer           000000018000fac8 f   toroC64:__cdsGetIOBuffer.obj
 0001:0000ead0       _setjmp                    000000018000fad0 f   toroC64:setjmp64CDEINTRINABI.obj
 0001:0000eb75       __imp_setjmp               000000018000fb75     toroC64:setjmp64CDEINTRINABI.obj
 0001:0000eb7d       __cdeSETJMPCDEINTRINABIAnchor 000000018000fb7d     toroC64:setjmp64CDEINTRINABI.obj
 0001:0000eb80       _CdeLocateProtocol         000000018000fb80 f   toroC64:_CdeLocateProtocol.obj
 0001:0000ebb0       _cdeStr2Argcv              000000018000fbb0 f   toroC64:_cdeStr2Argcv.obj
 0001:0000ede0       __cdeGetCurrentPrivilegeLevel 000000018000fde0 f   toroC64:CdeGetCurrentPrivilegeLevel64.obj
 0001:0000edf0       memcmp                     000000018000fdf0 f   toroC64:MemCmpCDEINTRINABI.obj
 0001:0000f064       abort                      0000000180010064 f   toroC64:abort.obj
 0001:0000f0cc       free                       00000001800100cc f   toroC64:Free.obj
 0001:0000f0e4       _CdeMemPutWChar            00000001800100e4 f   toroC64:_CdeMemPutWChar.obj
 0001:0000f0f4       _CdeMemPutNada             00000001800100f4 f   toroC64:_CdeMemPutNada.obj
 0001:0000f0f8       fflush                     00000001800100f8 f   toroC64:Fflush.obj
 0001:0000f11c       __cdeIsFilePointer         000000018001011c f   toroC64:__cdeIsFilePointer.obj
 0001:0000f18c       strcpy                     000000018001018c f   toroC64:StrCpy.obj
 0001:0000f1c4       strlen                     00000001800101c4 f   toroC64:StrLen.obj
 0001:0000f1d8       strncpy                    00000001800101d8 f   toroC64:StrNCpy.obj
 0001:0000f21c       strtok                     000000018001021c f   toroC64:StrTok.obj
 0001:0000f260       fgetc                      0000000180010260 f   toroC64:Fgetc.obj
 0001:0000f2ac       vfscanf                    00000001800102ac f   toroC64:Vfscanf.obj
 0001:0000f360       vsnprintf                  0000000180010360 f   toroC64:Vsnprintf.obj
 0001:0000f42c       _cdeMemGetChar             000000018001042c f   toroC64:_cdeMemGetChar.obj
 0001:0000f43c       _cdeMemUngetChar           000000018001043c f   toroC64:_cdeMemUngetChar.obj
 0001:0000f444       realloc                    0000000180010444 f   toroC64:Realloc.obj
 0001:0000f480       longjmp                    0000000180010480 f   toroC64:longjmp64CDEINTRINABI.obj
 0001:0000f529       __imp_longjmp              0000000180010529     toroC64:longjmp64CDEINTRINABI.obj
 0001:0000f531       __cdeLONGJMPCDEINTRINABIAnchor 0000000180010531     toroC64:longjmp64CDEINTRINABI.obj
 0001:0000f534       _cdeGmltime                0000000180010534 f   toroC64:_cdeGmltime.obj
 0001:0000f64c       _cdeGreg2Day               000000018001064c f   toroC64:_cdeGreg2Day.obj
 0001:0000f6c8       fputc                      00000001800106c8 f   toroC64:Fputc.obj
 0001:0000f700       _CdeDbgCOMInit             0000000180010700 f   toroC64:_CdeDbgCOMInit.obj
 0001:0000f81c       _CdeDbgCOMReady2Send       000000018001081c f   toroC64:_CdeDbgCOMReady2Send.obj
 0001:0000f84c       _CdeDbgCOMSend             000000018001084c f   toroC64:_CdeDbgCOMSend.obj
 0001:0000f89c       _cdeCoreSprintf            000000018001089c f   toroC64:_cdeCoreSprintf.obj
 0001:0000f944       _cdeUMUL128                0000000180010944 f   toroC64:_cdeUMUL128.obj
 0001:0000fa48       __cdeOnErrSet_status       0000000180010a48 f   toroC64:__cdeOnErrSet_status.obj
 0001:0000fa68       __cdeOffsetCdeFposType     0000000180010a68 f   toroC64:__cdeGetOffsetCdeFposType.obj
 0001:0000faa8       __cdeBiasCdeFposType       0000000180010aa8 f   toroC64:__cdeGetBiasCdeFposType.obj
 0001:0000fd0c       _CdeLocateHandleBuffer     0000000180010d0c f   toroC64:_CdeLocateHandleBuffer.obj
 0001:0000fd98       _cdeConvertDevicePathToText 0000000180010d98 f   toroC64:_cdeConvertDevicePathToText.obj
 0001:0000fdb4       _CdeGetMapFromDevicePath   0000000180010db4 f   toroC64:_CdeGetMapFromDevicePath.obj
 0001:0000fdd4       _CdeGetCurDir              0000000180010dd4 f   toroC64:_CdeGetCurDir.obj
 0001:000103f8       _cdeEfiTime2TimeT          00000001800113f8 f   toroC64:_cdeEfiTime2TimeT.obj
 0001:00010494       __cdeIsFilePointerCORE     0000000180011494 f   toroC64:__cdeIsFilePointerCORE.obj
 0001:00010518       __cdereallocCORE           0000000180011518 f   toroC64:__cdereallocCORE.obj
 0001:00010528       __cderewindCORE            0000000180011528 f   toroC64:__cderewindCORE.obj
 0001:00010544       __cdeGetIOBufferCORE       0000000180011544 f   toroC64:__cdsGetIOBufferCORE.obj
 0001:0001054c       _cdeAbort                  000000018001154c f   toroC64:_cdeAbort.obj
 0001:00010790       _cdeSig2idx                0000000180011790 f   toroC64:_cdeSig2idx.obj
 0001:000107b8       _cdeSigIgn                 00000001800117b8 f   toroC64:_cdeSigIgn.obj
 0001:000107bc       raise                      00000001800117bc f   toroC64:raise.obj
 0001:0001084c       __cdeOnErrSet_errno        000000018001184c f   toroC64:__cdeOnErrSet_errno.obj
 0001:0001086c       fread                      000000018001186c f   toroC64:Fread.obj
 0001:00010934       ungetc                     0000000180011934 f   toroC64:Ungetc.obj
 0001:000109c8       _CdeMemPutChar             00000001800119c8 f   toroC64:_CdeMemPutChar.obj
 0001:000109d4       _cdeDay2Greg               00000001800119d4 f   toroC64:_cdeDay2Greg.obj
 0001:00010ad8       fwrite                     0000000180011ad8 f   toroC64:Fwrite.obj
 0001:00010b30       _efierrno                  0000000180011b30 f   toroC64:_efierrno.obj
 0001:00010b54       __cdeIsCdeFposType         0000000180011b54 f   toroC64:__cdeIsCdeFposType.obj
 0001:00010bcc       _cdePoolWcs2AppWcs         0000000180011bcc f   toroC64:_CdePoolWcs2AppWcs.obj
 0001:00010c84       _fseeki64                  0000000180011c84 f   toroC64:_Fseeki64.obj
 0001:00010d7c       _cdeSscanf                 0000000180011d7c f   toroC64:_cdeSscanf.obj
 0001:00010dec       __cdeOnErrSet_errnoCORE    0000000180011dec f   toroC64:__cdeOnErrSet_errnoCORE.obj
 0001:00010e0c       __acrt_iob_funcCORE        0000000180011e0c f   toroC64:__acrt_iob_funcCORE.obj
 0001:00010eec       fsetposCDEABI              0000000180011eec f   toroC64:FsetposCDEABI.obj
 0001:00010f20       _errnoCORE                 0000000180011f20 f   toroC64:errnoCORE.obj
 0001:00011090       GetSystemFirmwareTable4UEFI 0000000180012090 f   LibWin324UEFI:GetSystemFirmwareTable.obj
 0001:000111dc       _w4uGetSystemFirmwareTable 00000001800121dc f   LibWin324UEFI:GetSystemFirmwareTable.obj
 0001:000111f8       Sleep4UEFI                 00000001800121f8 f   LibWin324UEFI:Sleep.obj
 0001:00011228       _w4uSleep                  0000000180012228 f   LibWin324UEFI:Sleep.obj
 0001:00011230       lxw_format_new             0000000180012230 f   libxlsxwriter:format.obj
 0001:00011364       lxw_format_free            0000000180012364 f   libxlsxwriter:format.obj
 0001:00011380       lxw_format_get_xf_index    0000000180012380 f   libxlsxwriter:format.obj
 0001:00011414       lxw_format_get_dxf_index   0000000180012414 f   libxlsxwriter:format.obj
 0001:000114a8       lxw_format_get_font_key    00000001800124a8 f   libxlsxwriter:format.obj
 0001:000115d0       lxw_format_get_border_key  00000001800125d0 f   libxlsxwriter:format.obj
 0001:00011688       lxw_format_get_fill_key    0000000180012688 f   libxlsxwriter:format.obj
 0001:000116f8       format_set_font_name       00000001800126f8 f   libxlsxwriter:format.obj
 0001:00011728       format_set_font_size       0000000180012728 f   libxlsxwriter:format.obj
 0001:00011750       format_set_font_color      0000000180012750 f   libxlsxwriter:format.obj
 0001:00011760       format_set_bold            0000000180012760 f   libxlsxwriter:format.obj
 0001:00011770       format_set_italic          0000000180012770 f   libxlsxwriter:format.obj
 0001:00011780       format_set_underline       0000000180012780 f   libxlsxwriter:format.obj
 0001:00011794       format_set_font_strikeout  0000000180012794 f   libxlsxwriter:format.obj
 0001:000117a4       format_set_font_script     00000001800127a4 f   libxlsxwriter:format.obj
 0001:000117b8       format_set_num_format      00000001800127b8 f   libxlsxwriter:format.obj
 0001:000117e4       format_set_num_format_index 00000001800127e4 f   libxlsxwriter:format.obj
 0001:000117f8       format_set_unlocked        00000001800127f8 f   libxlsxwriter:format.obj
 0001:00011808       format_set_hidden          0000000180012808 f   libxlsxwriter:format.obj
 0001:00011818       format_set_align           0000000180012818 f   libxlsxwriter:format.obj
 0001:0001183c       format_set_text_wrap       000000018001283c f   libxlsxwriter:format.obj
 0001:0001184c       format_set_rotation        000000018001284c f   libxlsxwriter:format.obj
 0001:000118b4       format_set_indent          00000001800128b4 f   libxlsxwriter:format.obj
 0001:000118c4       format_set_shrink          00000001800128c4 f   libxlsxwriter:format.obj
 0001:000118d4       format_set_pattern         00000001800128d4 f   libxlsxwriter:format.obj
 0001:000118e4       format_set_bg_color        00000001800128e4 f   libxlsxwriter:format.obj
 0001:000118f4       format_set_fg_color        00000001800128f4 f   libxlsxwriter:format.obj
 0001:00011904       format_set_border          0000000180012904 f   libxlsxwriter:format.obj
 0001:0001193c       format_set_bottom          000000018001293c f   libxlsxwriter:format.obj
 0001:0001195c       format_set_top             000000018001295c f   libxlsxwriter:format.obj
 0001:0001197c       format_set_left            000000018001297c f   libxlsxwriter:format.obj
 0001:0001199c       format_set_right           000000018001299c f   libxlsxwriter:format.obj
 0001:000119bc       format_set_border_color    00000001800129bc f   libxlsxwriter:format.obj
 0001:000119dc       format_set_bottom_color    00000001800129dc f   libxlsxwriter:format.obj
 0001:000119ec       format_set_top_color       00000001800129ec f   libxlsxwriter:format.obj
 0001:000119fc       format_set_left_color      00000001800129fc f   libxlsxwriter:format.obj
 0001:00011a0c       format_set_right_color     0000000180012a0c f   libxlsxwriter:format.obj
 0001:00011a1c       format_set_diag_type       0000000180012a1c f   libxlsxwriter:format.obj
 0001:00011a30       format_set_diag_border     0000000180012a30 f   libxlsxwriter:format.obj
 0001:00011a40       format_set_diag_color      0000000180012a40 f   libxlsxwriter:format.obj
 0001:00011a50       format_set_font_outline    0000000180012a50 f   libxlsxwriter:format.obj
 0001:00011a60       format_set_font_shadow     0000000180012a60 f   libxlsxwriter:format.obj
 0001:00011a70       format_set_font_family     0000000180012a70 f   libxlsxwriter:format.obj
 0001:00011a80       format_set_font_charset    0000000180012a80 f   libxlsxwriter:format.obj
 0001:00011a90       format_set_font_scheme     0000000180012a90 f   libxlsxwriter:format.obj
 0001:00011ac0       format_set_font_condense   0000000180012ac0 f   libxlsxwriter:format.obj
 0001:00011ad0       format_set_font_extend     0000000180012ad0 f   libxlsxwriter:format.obj
 0001:00011ae0       format_set_reading_order   0000000180012ae0 f   libxlsxwriter:format.obj
 0001:00011af0       format_set_theme           0000000180012af0 f   libxlsxwriter:format.obj
 0001:00011b00       format_set_hyperlink       0000000180012b00 f   libxlsxwriter:format.obj
 0001:00011b20       format_set_color_indexed   0000000180012b20 f   libxlsxwriter:format.obj
 0001:00011b30       format_set_font_only       0000000180012b30 f   libxlsxwriter:format.obj
 0001:00011b40       format_set_text_justlast   0000000180012b40 f   libxlsxwriter:format.obj
 0001:00011b50       format_set_valign          0000000180012b50 f   libxlsxwriter:format.obj
 0001:00011bec       lxw_chart_new              0000000180012bec f   libxlsxwriter:chart.obj
 0001:00011e48       lxw_chart_free             0000000180012e48 f   libxlsxwriter:chart.obj
 0001:000120ec       lxw_chart_assemble_xml_file 00000001800130ec f   libxlsxwriter:chart.obj
 0001:00012184       chart_add_series           0000000180013184 f   libxlsxwriter:chart.obj
 0001:000123f4       chart_series_set_categories 00000001800133f4 f   libxlsxwriter:chart.obj
 0001:00012434       chart_series_set_values    0000000180013434 f   libxlsxwriter:chart.obj
 0001:00012478       chart_series_set_name      0000000180013478 f   libxlsxwriter:chart.obj
 0001:000124b4       chart_series_set_name_range 00000001800134b4 f   libxlsxwriter:chart.obj
 0001:000124f8       chart_series_set_line      00000001800134f8 f   libxlsxwriter:chart.obj
 0001:00012534       chart_series_set_fill      0000000180013534 f   libxlsxwriter:chart.obj
 0001:00012570       chart_series_set_invert_if_negative 0000000180013570 f   libxlsxwriter:chart.obj
 0001:00012580       chart_series_set_pattern   0000000180013580 f   libxlsxwriter:chart.obj
 0001:000125bc       chart_series_set_marker_type 00000001800135bc f   libxlsxwriter:chart.obj
 0001:00012624       chart_series_set_marker_size 0000000180013624 f   libxlsxwriter:chart.obj
 0001:0001268c       chart_series_set_marker_line 000000018001368c f   libxlsxwriter:chart.obj
 0001:00012710       chart_series_set_marker_fill 0000000180013710 f   libxlsxwriter:chart.obj
 0001:00012794       chart_series_set_marker_pattern 0000000180013794 f   libxlsxwriter:chart.obj
 0001:00012818       chart_series_set_points    0000000180013818 f   libxlsxwriter:chart.obj
 0001:0001292c       chart_series_set_smooth    000000018001392c f   libxlsxwriter:chart.obj
 0001:0001293c       chart_series_set_labels    000000018001393c f   libxlsxwriter:chart.obj
 0001:0001294c       chart_series_set_labels_options 000000018001394c f   libxlsxwriter:chart.obj
 0001:00012970       chart_series_set_labels_custom 0000000180013970 f   libxlsxwriter:chart.obj
 0001:00012b5c       chart_series_set_labels_separator 0000000180013b5c f   libxlsxwriter:chart.obj
 0001:00012b70       chart_series_set_labels_position 0000000180013b70 f   libxlsxwriter:chart.obj
 0001:00012b90       chart_series_set_labels_leader_line 0000000180013b90 f   libxlsxwriter:chart.obj
 0001:00012ba8       chart_series_set_labels_legend 0000000180013ba8 f   libxlsxwriter:chart.obj
 0001:00012bc0       chart_series_set_labels_percentage 0000000180013bc0 f   libxlsxwriter:chart.obj
 0001:00012bd8       chart_series_set_labels_num_format 0000000180013bd8 f   libxlsxwriter:chart.obj
 0001:00012c1c       chart_series_set_labels_font 0000000180013c1c f   libxlsxwriter:chart.obj
 0001:00012c60       chart_series_set_labels_line 0000000180013c60 f   libxlsxwriter:chart.obj
 0001:00012ca4       chart_series_set_labels_fill 0000000180013ca4 f   libxlsxwriter:chart.obj
 0001:00012ce8       chart_series_set_labels_pattern 0000000180013ce8 f   libxlsxwriter:chart.obj
 0001:00012d2c       chart_series_set_trendline 0000000180013d2c f   libxlsxwriter:chart.obj
 0001:00012d84       chart_series_set_trendline_forecast 0000000180013d84 f   libxlsxwriter:chart.obj
 0001:00012dec       chart_series_set_trendline_equation 0000000180013dec f   libxlsxwriter:chart.obj
 0001:00012e44       chart_series_set_trendline_r_squared 0000000180013e44 f   libxlsxwriter:chart.obj
 0001:00012e9c       chart_series_set_trendline_intercept 0000000180013e9c f   libxlsxwriter:chart.obj
 0001:00012f04       chart_series_set_trendline_name 0000000180013f04 f   libxlsxwriter:chart.obj
 0001:00012f48       chart_series_set_trendline_line 0000000180013f48 f   libxlsxwriter:chart.obj
 0001:00012f8c       chart_series_get_error_bars 0000000180013f8c f   libxlsxwriter:chart.obj
 0001:00012fb4       chart_series_set_error_bars 0000000180013fb4 f   libxlsxwriter:chart.obj
 0001:0001300c       chart_series_set_error_bars_direction 000000018001400c f   libxlsxwriter:chart.obj
 0001:00013044       chart_series_set_error_bars_endcap 0000000180014044 f   libxlsxwriter:chart.obj
 0001:0001307c       chart_series_set_error_bars_line 000000018001407c f   libxlsxwriter:chart.obj
 0001:000130c8       chart_axis_get             00000001800140c8 f   libxlsxwriter:chart.obj
 0001:000130ec       chart_axis_set_name        00000001800140ec f   libxlsxwriter:chart.obj
 0001:00013128       chart_axis_set_name_range  0000000180014128 f   libxlsxwriter:chart.obj
 0001:0001316c       chart_axis_set_name_font   000000018001416c f   libxlsxwriter:chart.obj
 0001:000131a8       chart_axis_set_num_font    00000001800141a8 f   libxlsxwriter:chart.obj
 0001:000131ec       chart_axis_set_num_format  00000001800141ec f   libxlsxwriter:chart.obj
 0001:00013228       chart_axis_set_line        0000000180014228 f   libxlsxwriter:chart.obj
 0001:0001326c       chart_axis_set_fill        000000018001426c f   libxlsxwriter:chart.obj
 0001:000132b0       chart_axis_set_pattern     00000001800142b0 f   libxlsxwriter:chart.obj
 0001:000132f4       chart_axis_set_reverse     00000001800142f4 f   libxlsxwriter:chart.obj
 0001:00013304       chart_axis_set_crossing    0000000180014304 f   libxlsxwriter:chart.obj
 0001:0001331c       chart_axis_set_crossing_max 000000018001431c f   libxlsxwriter:chart.obj
 0001:00013334       chart_axis_set_crossing_min 0000000180014334 f   libxlsxwriter:chart.obj
 0001:00013344       chart_axis_off             0000000180014344 f   libxlsxwriter:chart.obj
 0001:00013354       chart_axis_set_position    0000000180014354 f   libxlsxwriter:chart.obj
 0001:00013398       chart_axis_set_label_position 0000000180014398 f   libxlsxwriter:chart.obj
 0001:000133a8       chart_axis_set_label_align 00000001800143a8 f   libxlsxwriter:chart.obj
 0001:000133b8       chart_axis_set_min         00000001800143b8 f   libxlsxwriter:chart.obj
 0001:00013408       chart_axis_set_max         0000000180014408 f   libxlsxwriter:chart.obj
 0001:00013458       chart_axis_set_log_base    0000000180014458 f   libxlsxwriter:chart.obj
 0001:000134a4       chart_axis_set_major_tick_mark 00000001800144a4 f   libxlsxwriter:chart.obj
 0001:000134b0       chart_axis_set_minor_tick_mark 00000001800144b0 f   libxlsxwriter:chart.obj
 0001:000134bc       chart_axis_set_interval_unit 00000001800144bc f   libxlsxwriter:chart.obj
 0001:00013504       chart_axis_set_interval_tick 0000000180014504 f   libxlsxwriter:chart.obj
 0001:0001354c       chart_axis_set_major_unit  000000018001454c f   libxlsxwriter:chart.obj
 0001:0001359c       chart_axis_set_minor_unit  000000018001459c f   libxlsxwriter:chart.obj
 0001:000135ec       chart_axis_set_display_units 00000001800145ec f   libxlsxwriter:chart.obj
 0001:00013630       chart_axis_set_display_units_visible 0000000180014630 f   libxlsxwriter:chart.obj
 0001:0001366c       chart_axis_major_gridlines_set_visible 000000018001466c f   libxlsxwriter:chart.obj
 0001:00013678       chart_axis_minor_gridlines_set_visible 0000000180014678 f   libxlsxwriter:chart.obj
 0001:00013684       chart_axis_major_gridlines_set_line 0000000180014684 f   libxlsxwriter:chart.obj
 0001:000136c8       chart_axis_minor_gridlines_set_line 00000001800146c8 f   libxlsxwriter:chart.obj
 0001:00013714       chart_title_set_name       0000000180014714 f   libxlsxwriter:chart.obj
 0001:00013750       chart_title_set_name_range 0000000180014750 f   libxlsxwriter:chart.obj
 0001:00013794       chart_title_set_name_font  0000000180014794 f   libxlsxwriter:chart.obj
 0001:000137cc       chart_title_off            00000001800147cc f   libxlsxwriter:chart.obj
 0001:000137d8       chart_legend_set_position  00000001800147d8 f   libxlsxwriter:chart.obj
 0001:000137e8       chart_legend_set_font      00000001800147e8 f   libxlsxwriter:chart.obj
 0001:00013824       chart_legend_delete_series 0000000180014824 f   libxlsxwriter:chart.obj
 0001:00013904       chart_chartarea_set_line   0000000180014904 f   libxlsxwriter:chart.obj
 0001:00013948       chart_chartarea_set_fill   0000000180014948 f   libxlsxwriter:chart.obj
 0001:0001398c       chart_chartarea_set_pattern 000000018001498c f   libxlsxwriter:chart.obj
 0001:000139d0       chart_plotarea_set_line    00000001800149d0 f   libxlsxwriter:chart.obj
 0001:00013a14       chart_plotarea_set_fill    0000000180014a14 f   libxlsxwriter:chart.obj
 0001:00013a58       chart_plotarea_set_pattern 0000000180014a58 f   libxlsxwriter:chart.obj
 0001:00013a9c       chart_set_style            0000000180014a9c f   libxlsxwriter:chart.obj
 0001:00013abc       chart_set_table            0000000180014abc f   libxlsxwriter:chart.obj
 0001:00013ad4       chart_set_table_grid       0000000180014ad4 f   libxlsxwriter:chart.obj
 0001:00013b00       chart_set_table_font       0000000180014b00 f   libxlsxwriter:chart.obj
 0001:00013b44       chart_set_up_down_bars     0000000180014b44 f   libxlsxwriter:chart.obj
 0001:00013b54       chart_set_up_down_bars_format 0000000180014b54 f   libxlsxwriter:chart.obj
 0001:00013c04       chart_set_drop_lines       0000000180014c04 f   libxlsxwriter:chart.obj
 0001:00013c48       chart_set_high_low_lines   0000000180014c48 f   libxlsxwriter:chart.obj
 0001:00013c8c       chart_set_series_overlap   0000000180014c8c f   libxlsxwriter:chart.obj
 0001:00013cd0       chart_set_series_gap       0000000180014cd0 f   libxlsxwriter:chart.obj
 0001:00013d18       chart_show_blanks_as       0000000180014d18 f   libxlsxwriter:chart.obj
 0001:00013d28       chart_show_hidden_data     0000000180014d28 f   libxlsxwriter:chart.obj
 0001:00013d38       chart_set_rotation         0000000180014d38 f   libxlsxwriter:chart.obj
 0001:00013d80       chart_set_hole_size        0000000180014d80 f   libxlsxwriter:chart.obj
 0001:00013dc8       lxw_chart_add_data_cache   0000000180014dc8 f   libxlsxwriter:chart.obj
 0001:00013ebc       _chart_check_error_bars    0000000180014ebc f   libxlsxwriter:chart.obj
 0001:0001b5e4       lxw_version                000000018001c5e4 f   libxlsxwriter:utility.obj
 0001:0001b5f4       lxw_version_id             000000018001c5f4 f   libxlsxwriter:utility.obj
 0001:0001b600       lxw_strerror               000000018001c600 f   libxlsxwriter:utility.obj
 0001:0001b620       lxw_quote_sheetname        000000018001c620 f   libxlsxwriter:utility.obj
 0001:0001b748       lxw_col_to_name            000000018001c748 f   libxlsxwriter:utility.obj
 0001:0001b800       lxw_rowcol_to_cell         000000018001c800 f   libxlsxwriter:utility.obj
 0001:0001b850       lxw_rowcol_to_cell_abs     000000018001c850 f   libxlsxwriter:utility.obj
 0001:0001b8bc       lxw_rowcol_to_range        000000018001c8bc f   libxlsxwriter:utility.obj
 0001:0001b928       lxw_rowcol_to_range_abs    000000018001c928 f   libxlsxwriter:utility.obj
 0001:0001b9a4       lxw_rowcol_to_formula_abs  000000018001c9a4 f   libxlsxwriter:utility.obj
 0001:0001ba60       lxw_name_to_row            000000018001ca60 f   libxlsxwriter:utility.obj
 0001:0001baa4       lxw_name_to_col            000000018001caa4 f   libxlsxwriter:utility.obj
 0001:0001bb18       lxw_name_to_row_2          000000018001cb18 f   libxlsxwriter:utility.obj
 0001:0001bb40       lxw_name_to_col_2          000000018001cb40 f   libxlsxwriter:utility.obj
 0001:0001bb68       lxw_datetime_to_excel_datetime 000000018001cb68 f   libxlsxwriter:utility.obj
 0001:0001bb78       lxw_datetime_to_excel_date_epoch 000000018001cb78 f   libxlsxwriter:utility.obj
 0001:0001bd98       lxw_unixtime_to_excel_date 000000018001cd98 f   libxlsxwriter:utility.obj
 0001:0001bda8       lxw_unixtime_to_excel_date_epoch 000000018001cda8 f   libxlsxwriter:utility.obj
 0001:0001bdf0       lxw_strdup                 000000018001cdf0 f   libxlsxwriter:utility.obj
 0001:0001be4c       lxw_strdup_formula         000000018001ce4c f   libxlsxwriter:utility.obj
 0001:0001be68       lxw_utf8_strlen            000000018001ce68 f   libxlsxwriter:utility.obj
 0001:0001be94       lxw_str_tolower            000000018001ce94 f   libxlsxwriter:utility.obj
 0001:0001bec0       lxw_tmpfile                000000018001cec0 f   libxlsxwriter:utility.obj
 0001:0001bed4       lxw_fopen                  000000018001ced4 f   libxlsxwriter:utility.obj
 0001:0001bff4       lxw_hash_password          000000018001cff4 f   libxlsxwriter:utility.obj
 0001:0001c054       worksheet_write_number     000000018001d054 f   libxlsxwriter:worksheet.obj
 0001:0001c0b8       worksheet_write_string     000000018001d0b8 f   libxlsxwriter:worksheet.obj
 0001:0001c1cc       worksheet_write_formula    000000018001d1cc f   libxlsxwriter:worksheet.obj
 0001:0001c1f4       worksheet_write_array_formula 000000018001d1f4 f   libxlsxwriter:worksheet.obj
 0001:0001c240       worksheet_write_dynamic_array_formula 000000018001d240 f   libxlsxwriter:worksheet.obj
 0001:0001c28c       worksheet_write_dynamic_formula 000000018001d28c f   libxlsxwriter:worksheet.obj
 0001:0001c2cc       worksheet_write_array_formula_num 000000018001d2cc f   libxlsxwriter:worksheet.obj
 0001:0001c31c       worksheet_write_dynamic_array_formula_num 000000018001d31c f   libxlsxwriter:worksheet.obj
 0001:0001c36c       worksheet_write_dynamic_formula_num 000000018001d36c f   libxlsxwriter:worksheet.obj
 0001:0001c3b0       worksheet_write_datetime   000000018001d3b0 f   libxlsxwriter:worksheet.obj
 0001:0001c424       worksheet_write_unixtime   000000018001d424 f   libxlsxwriter:worksheet.obj
 0001:0001c498       worksheet_write_url        000000018001d498 f   libxlsxwriter:worksheet.obj
 0001:0001c4c4       worksheet_write_url_opt    000000018001d4c4 f   libxlsxwriter:worksheet.obj
 0001:0001c9e0       worksheet_write_boolean    000000018001d9e0 f   libxlsxwriter:worksheet.obj
 0001:0001ca48       worksheet_write_blank      000000018001da48 f   libxlsxwriter:worksheet.obj
 0001:0001cab0       worksheet_write_formula_num 000000018001dab0 f   libxlsxwriter:worksheet.obj
 0001:0001cb40       worksheet_write_formula_str 000000018001db40 f   libxlsxwriter:worksheet.obj
 0001:0001cbe0       worksheet_write_rich_string 000000018001dbe0 f   libxlsxwriter:worksheet.obj
 0001:0001cec8       worksheet_write_comment    000000018001dec8 f   libxlsxwriter:worksheet.obj
 0001:0001cee4       worksheet_write_comment_opt 000000018001dee4 f   libxlsxwriter:worksheet.obj
 0001:0001d02c       worksheet_set_row          000000018001e02c f   libxlsxwriter:worksheet.obj
 0001:0001d048       worksheet_set_row_opt      000000018001e048 f   libxlsxwriter:worksheet.obj
 0001:0001d144       worksheet_set_row_pixels   000000018001e144 f   libxlsxwriter:worksheet.obj
 0001:0001d174       worksheet_set_row_pixels_opt 000000018001e174 f   libxlsxwriter:worksheet.obj
 0001:0001d19c       worksheet_set_column       000000018001e19c f   libxlsxwriter:worksheet.obj
 0001:0001d1c0       worksheet_set_column_opt   000000018001e1c0 f   libxlsxwriter:worksheet.obj
 0001:0001d44c       worksheet_set_column_pixels 000000018001e44c f   libxlsxwriter:worksheet.obj
 0001:0001d484       worksheet_set_column_pixels_opt 000000018001e484 f   libxlsxwriter:worksheet.obj
 0001:0001d4ac       worksheet_insert_image     000000018001e4ac f   libxlsxwriter:worksheet.obj
 0001:0001d4c8       worksheet_insert_image_opt 000000018001e4c8 f   libxlsxwriter:worksheet.obj
 0001:0001d6b4       worksheet_insert_image_buffer 000000018001e6b4 f   libxlsxwriter:worksheet.obj
 0001:0001d6d8       worksheet_insert_image_buffer_opt 000000018001e6d8 f   libxlsxwriter:worksheet.obj
 0001:0001d8d0       worksheet_set_background   000000018001e8d0 f   libxlsxwriter:worksheet.obj
 0001:0001d9dc       worksheet_set_background_buffer 000000018001e9dc f   libxlsxwriter:worksheet.obj
 0001:0001db30       worksheet_insert_chart     000000018001eb30 f   libxlsxwriter:worksheet.obj
 0001:0001db4c       worksheet_insert_chart_opt 000000018001eb4c f   libxlsxwriter:worksheet.obj
 0001:0001dd4c       worksheet_merge_range      000000018001ed4c f   libxlsxwriter:worksheet.obj
 0001:0001dec8       worksheet_autofilter       000000018001eec8 f   libxlsxwriter:worksheet.obj
 0001:0001dfe8       worksheet_filter_column    000000018001efe8 f   libxlsxwriter:worksheet.obj
 0001:0001e174       worksheet_filter_column2   000000018001f174 f   libxlsxwriter:worksheet.obj
 0001:0001e34c       worksheet_filter_list      000000018001f34c f   libxlsxwriter:worksheet.obj
 0001:0001e5e4       worksheet_data_validation_cell 000000018001f5e4 f   libxlsxwriter:worksheet.obj
 0001:0001e608       worksheet_data_validation_range 000000018001f608 f   libxlsxwriter:worksheet.obj
 0001:0001eb30       worksheet_conditional_format_cell 000000018001fb30 f   libxlsxwriter:worksheet.obj
 0001:0001eb54       worksheet_conditional_format_range 000000018001fb54 f   libxlsxwriter:worksheet.obj
 0001:0001ef2c       worksheet_insert_button    000000018001ff2c f   libxlsxwriter:worksheet.obj
 0001:0001f038       worksheet_add_table        0000000180020038 f   libxlsxwriter:worksheet.obj
 0001:0001f300       worksheet_activate         0000000180020300 f   libxlsxwriter:worksheet.obj
 0001:0001f328       worksheet_select           0000000180020328 f   libxlsxwriter:worksheet.obj
 0001:0001f338       worksheet_hide             0000000180020338 f   libxlsxwriter:worksheet.obj
 0001:0001f37c       worksheet_set_first_sheet  000000018002037c f   libxlsxwriter:worksheet.obj
 0001:0001f39c       worksheet_freeze_panes     000000018002039c f   libxlsxwriter:worksheet.obj
 0001:0001f3c0       worksheet_split_panes      00000001800203c0 f   libxlsxwriter:worksheet.obj
 0001:0001f3e0       worksheet_freeze_panes_opt 00000001800203e0 f   libxlsxwriter:worksheet.obj
 0001:0001f428       worksheet_split_panes_opt  0000000180020428 f   libxlsxwriter:worksheet.obj
 0001:0001f468       worksheet_set_selection    0000000180020468 f   libxlsxwriter:worksheet.obj
 0001:0001f5d8       worksheet_set_top_left_cell 00000001800205d8 f   libxlsxwriter:worksheet.obj
 0001:0001f600       worksheet_set_landscape    0000000180020600 f   libxlsxwriter:worksheet.obj
 0001:0001f618       worksheet_set_portrait     0000000180020618 f   libxlsxwriter:worksheet.obj
 0001:0001f630       worksheet_set_page_view    0000000180020630 f   libxlsxwriter:worksheet.obj
 0001:0001f640       worksheet_set_paper        0000000180020640 f   libxlsxwriter:worksheet.obj
 0001:0001f654       worksheet_set_margins      0000000180020654 f   libxlsxwriter:worksheet.obj
 0001:0001f69c       worksheet_set_header       000000018002069c f   libxlsxwriter:worksheet.obj
 0001:0001f6ac       worksheet_set_footer       00000001800206ac f   libxlsxwriter:worksheet.obj
 0001:0001f6bc       worksheet_set_header_opt   00000001800206bc f   libxlsxwriter:worksheet.obj
 0001:0001f918       worksheet_set_footer_opt   0000000180020918 f   libxlsxwriter:worksheet.obj
 0001:0001fb74       worksheet_set_h_pagebreaks 0000000180020b74 f   libxlsxwriter:worksheet.obj
 0001:0001fc4c       worksheet_set_v_pagebreaks 0000000180020c4c f   libxlsxwriter:worksheet.obj
 0001:0001fd20       worksheet_print_across     0000000180020d20 f   libxlsxwriter:worksheet.obj
 0001:0001fd30       worksheet_set_zoom         0000000180020d30 f   libxlsxwriter:worksheet.obj
 0001:0001fd74       worksheet_gridlines        0000000180020d74 f   libxlsxwriter:worksheet.obj
 0001:0001fdac       worksheet_center_horizontally 0000000180020dac f   libxlsxwriter:worksheet.obj
 0001:0001fdc4       worksheet_center_vertically 0000000180020dc4 f   libxlsxwriter:worksheet.obj
 0001:0001fddc       worksheet_print_row_col_headers 0000000180020ddc f   libxlsxwriter:worksheet.obj
 0001:0001fdec       worksheet_repeat_rows      0000000180020dec f   libxlsxwriter:worksheet.obj
 0001:0001fe3c       worksheet_repeat_columns   0000000180020e3c f   libxlsxwriter:worksheet.obj
 0001:0001fe98       worksheet_print_area       0000000180020e98 f   libxlsxwriter:worksheet.obj
 0001:0001ff24       worksheet_fit_to_pages     0000000180020f24 f   libxlsxwriter:worksheet.obj
 0001:0001ff48       worksheet_set_start_page   0000000180020f48 f   libxlsxwriter:worksheet.obj
 0001:0001ff58       worksheet_set_print_scale  0000000180020f58 f   libxlsxwriter:worksheet.obj
 0001:0001ff84       worksheet_print_black_and_white 0000000180020f84 f   libxlsxwriter:worksheet.obj
 0001:0001ff9c       worksheet_right_to_left    0000000180020f9c f   libxlsxwriter:worksheet.obj
 0001:0001ffac       worksheet_hide_zero        0000000180020fac f   libxlsxwriter:worksheet.obj
 0001:0001ffbc       worksheet_set_tab_color    0000000180020fbc f   libxlsxwriter:worksheet.obj
 0001:0001ffcc       worksheet_protect          0000000180020fcc f   libxlsxwriter:worksheet.obj
 0001:000200b8       worksheet_outline_settings 00000001800210b8 f   libxlsxwriter:worksheet.obj
 0001:000200e4       worksheet_set_default_row  00000001800210e4 f   libxlsxwriter:worksheet.obj
 0001:00020128       worksheet_set_vba_name     0000000180021128 f   libxlsxwriter:worksheet.obj
 0001:00020174       worksheet_show_comments    0000000180021174 f   libxlsxwriter:worksheet.obj
 0001:00020184       worksheet_set_comments_author 0000000180021184 f   libxlsxwriter:worksheet.obj
 0001:000201a8       worksheet_ignore_errors    00000001800211a8 f   libxlsxwriter:worksheet.obj
 0001:00020358       lxw_worksheet_new          0000000180021358 f   libxlsxwriter:worksheet.obj
 0001:000209a4       lxw_worksheet_free         00000001800219a4 f   libxlsxwriter:worksheet.obj
 0001:000210b8       lxw_worksheet_assemble_xml_file 00000001800220b8 f   libxlsxwriter:worksheet.obj
 0001:000211c8       lxw_worksheet_write_single_row 00000001800221c8 f   libxlsxwriter:worksheet.obj
 0001:000212a0       lxw_worksheet_prepare_image 00000001800222a0 f   libxlsxwriter:worksheet.obj
 0001:0002189c       lxw_worksheet_prepare_header_image 000000018002289c f   libxlsxwriter:worksheet.obj
 0001:00021ac8       lxw_worksheet_prepare_background 0000000180022ac8 f   libxlsxwriter:worksheet.obj
 0001:00021c08       lxw_worksheet_prepare_chart 0000000180022c08 f   libxlsxwriter:worksheet.obj
 0001:00021f18       lxw_worksheet_prepare_vml_objects 0000000180022f18 f   libxlsxwriter:worksheet.obj
 0001:000221d4       lxw_worksheet_prepare_header_vml_objects 00000001800231d4 f   libxlsxwriter:worksheet.obj
 0001:00022320       lxw_worksheet_prepare_tables 0000000180023320 f   libxlsxwriter:worksheet.obj
 0001:00022494       lxw_worksheet_find_row     0000000180023494 f   libxlsxwriter:worksheet.obj
 0001:000224b8       lxw_worksheet_find_cell_in_row 00000001800234b8 f   libxlsxwriter:worksheet.obj
 0001:000224ec       lxw_worksheet_write_sheet_views 00000001800234ec f   libxlsxwriter:worksheet.obj
 0001:000224f8       lxw_worksheet_write_page_margins 00000001800234f8 f   libxlsxwriter:worksheet.obj
 0001:00022504       lxw_worksheet_write_drawings 0000000180023504 f   libxlsxwriter:worksheet.obj
 0001:00022510       lxw_worksheet_write_sheet_protection 0000000180023510 f   libxlsxwriter:worksheet.obj
 0001:0002251c       lxw_worksheet_write_sheet_pr 000000018002351c f   libxlsxwriter:worksheet.obj
 0001:00022528       lxw_worksheet_write_page_setup 0000000180023528 f   libxlsxwriter:worksheet.obj
 0001:00022534       lxw_worksheet_write_header_footer 0000000180023534 f   libxlsxwriter:worksheet.obj
 0001:00022594       lxw_basename               0000000180023594 f   libxlsxwriter:worksheet.obj
 0001:000225f4       _validation_list_length    00000001800235f4 f   libxlsxwriter:worksheet.obj
 0001:00022660       _validation_list_to_csv    0000000180023660 f   libxlsxwriter:worksheet.obj
 0001:00022708       _set_custom_filter         0000000180023708 f   libxlsxwriter:worksheet.obj
 0001:00022788       _check_and_copy_table_style 0000000180023788 f   libxlsxwriter:worksheet.obj
 0001:0002289c       _set_default_table_columns 000000018002389c f   libxlsxwriter:worksheet.obj
 0001:00022998       _expand_table_formula      0000000180023998 f   libxlsxwriter:worksheet.obj
 0001:00022a6c       _set_custom_table_columns  0000000180023a6c f   libxlsxwriter:worksheet.obj
 0001:00022c10       _write_column_function     0000000180023c10 f   libxlsxwriter:worksheet.obj
 0001:00022d10       _write_column_formula      0000000180023d10 f   libxlsxwriter:worksheet.obj
 0001:00022d84       _write_table_column_data   0000000180023d84 f   libxlsxwriter:worksheet.obj
 0001:00022ea4       _check_table_rows          0000000180023ea4 f   libxlsxwriter:worksheet.obj
 0001:00022ee8       _check_table_name          0000000180023ee8 f   libxlsxwriter:worksheet.obj
 0001:00023008       _get_comment_params        0000000180024008 f   libxlsxwriter:worksheet.obj
 0001:00023258       _get_button_params         0000000180024258 f   libxlsxwriter:worksheet.obj
 0001:00023508       _worksheet_position_vml_object 0000000180024508 f   libxlsxwriter:worksheet.obj
 0001:000235c0       _store_conditional_format_object 00000001800245c0 f   libxlsxwriter:worksheet.obj
 0001:00023724       _worksheet_set_header_footer_image 0000000180024724 f   libxlsxwriter:worksheet.obj
 0001:000238a8       _validate_conditional_icons 00000001800248a8 f   libxlsxwriter:worksheet.obj
 0001:000238ec       _validate_conditional_data_bar 00000001800248ec f   libxlsxwriter:worksheet.obj
 0001:00023a68       _validate_conditional_scale 0000000180024a68 f   libxlsxwriter:worksheet.obj
 0001:00023b8c       _validate_conditional_top  0000000180024b8c f   libxlsxwriter:worksheet.obj
 0001:00023c30       _validate_conditional_average 0000000180024c30 f   libxlsxwriter:worksheet.obj
 0001:00023c74       _validate_conditional_time_period 0000000180024c74 f   libxlsxwriter:worksheet.obj
 0001:00023cb8       _validate_conditional_text 0000000180024cb8 f   libxlsxwriter:worksheet.obj
 0001:00023d7c       _validate_conditional_formula 0000000180024d7c f   libxlsxwriter:worksheet.obj
 0001:00023dc8       _validate_conditional_cell 0000000180024dc8 f   libxlsxwriter:worksheet.obj
 0001:00023e38       _store_array_formula       0000000180024e38 f   libxlsxwriter:worksheet.obj
 0001:0002ef0c       chartsheet_set_chart       000000018002ff0c f   libxlsxwriter:chartsheet.obj
 0001:0002ef1c       chartsheet_set_chart_opt   000000018002ff1c f   libxlsxwriter:chartsheet.obj
 0001:0002f0ec       chartsheet_activate        00000001800300ec f   libxlsxwriter:chartsheet.obj
 0001:0002f120       chartsheet_select          0000000180030120 f   libxlsxwriter:chartsheet.obj
 0001:0002f130       chartsheet_hide            0000000180030130 f   libxlsxwriter:chartsheet.obj
 0001:0002f164       chartsheet_set_first_sheet 0000000180030164 f   libxlsxwriter:chartsheet.obj
 0001:0002f17c       chartsheet_set_tab_color   000000018003017c f   libxlsxwriter:chartsheet.obj
 0001:0002f190       chartsheet_protect         0000000180030190 f   libxlsxwriter:chartsheet.obj
 0001:0002f214       chartsheet_set_zoom        0000000180030214 f   libxlsxwriter:chartsheet.obj
 0001:0002f25c       chartsheet_set_landscape   000000018003025c f   libxlsxwriter:chartsheet.obj
 0001:0002f26c       chartsheet_set_portrait    000000018003026c f   libxlsxwriter:chartsheet.obj
 0001:0002f27c       chartsheet_set_paper       000000018003027c f   libxlsxwriter:chartsheet.obj
 0001:0002f28c       chartsheet_set_margins     000000018003028c f   libxlsxwriter:chartsheet.obj
 0001:0002f29c       chartsheet_set_header      000000018003029c f   libxlsxwriter:chartsheet.obj
 0001:0002f2ac       chartsheet_set_footer      00000001800302ac f   libxlsxwriter:chartsheet.obj
 0001:0002f2bc       chartsheet_set_header_opt  00000001800302bc f   libxlsxwriter:chartsheet.obj
 0001:0002f2cc       chartsheet_set_footer_opt  00000001800302cc f   libxlsxwriter:chartsheet.obj
 0001:0002f2dc       lxw_chartsheet_new         00000001800302dc f   libxlsxwriter:chartsheet.obj
 0001:0002f3b4       lxw_chartsheet_free        00000001800303b4 f   libxlsxwriter:chartsheet.obj
 0001:0002f3f0       lxw_chartsheet_assemble_xml_file 00000001800303f0 f   libxlsxwriter:chartsheet.obj
 0001:0002f5e0       workbook_new               00000001800305e0 f   libxlsxwriter:workbook.obj
 0001:0002f5f0       workbook_new_opt           00000001800305f0 f   libxlsxwriter:workbook.obj
 0001:0002f978       workbook_add_worksheet     0000000180030978 f   libxlsxwriter:workbook.obj
 0001:0002fc00       workbook_add_chartsheet    0000000180030c00 f   libxlsxwriter:workbook.obj
 0001:0002fe70       workbook_add_format        0000000180030e70 f   libxlsxwriter:workbook.obj
 0001:0002fefc       workbook_add_chart         0000000180030efc f   libxlsxwriter:workbook.obj
 0001:0002ff3c       workbook_close             0000000180030f3c f   libxlsxwriter:workbook.obj
 0001:00030234       workbook_set_properties    0000000180031234 f   libxlsxwriter:workbook.obj
 0001:00030400       workbook_set_custom_property_string 0000000180031400 f   libxlsxwriter:workbook.obj
 0001:00030544       workbook_set_custom_property_number 0000000180031544 f   libxlsxwriter:workbook.obj
 0001:00030644       workbook_set_custom_property_integer 0000000180031644 f   libxlsxwriter:workbook.obj
 0001:00030740       workbook_set_custom_property_boolean 0000000180031740 f   libxlsxwriter:workbook.obj
 0001:00030840       workbook_set_custom_property_datetime 0000000180031840 f   libxlsxwriter:workbook.obj
 0001:00030958       workbook_define_name       0000000180031958 f   libxlsxwriter:workbook.obj
 0001:00030980       workbook_get_default_url_format 0000000180031980 f   libxlsxwriter:workbook.obj
 0001:00030990       workbook_get_worksheet_by_name 0000000180031990 f   libxlsxwriter:workbook.obj
 0001:000309c4       workbook_get_chartsheet_by_name 00000001800319c4 f   libxlsxwriter:workbook.obj
 0001:000309f8       workbook_validate_sheet_name 00000001800319f8 f   libxlsxwriter:workbook.obj
 0001:00030a90       workbook_add_vba_project   0000000180031a90 f   libxlsxwriter:workbook.obj
 0001:00030b20       workbook_set_vba_name      0000000180031b20 f   libxlsxwriter:workbook.obj
 0001:00030b6c       workbook_read_only_recommended 0000000180031b6c f   libxlsxwriter:workbook.obj
 0001:00030b7c       lxw_workbook_free          0000000180031b7c f   libxlsxwriter:workbook.obj
 0001:00030ef8       lxw_workbook_assemble_xml_file 0000000180031ef8 f   libxlsxwriter:workbook.obj
 0001:00030f68       lxw_workbook_set_default_xf_indices 0000000180031f68 f   libxlsxwriter:workbook.obj
 0001:00030fac       workbook_unset_default_url_format 0000000180031fac f   libxlsxwriter:workbook.obj
 0001:00031024       new_workbook               0000000180032024 f   libxlsxwriter:workbook.obj
 0001:00031034       new_workbook_opt           0000000180032034 f   libxlsxwriter:workbook.obj
 0001:00033570       lxw_hash_key_exists        0000000180034570 f   libxlsxwriter:hash_table.obj
 0001:000335e0       lxw_insert_hash_element    00000001800345e0 f   libxlsxwriter:hash_table.obj
 0001:000337a0       lxw_hash_new               00000001800347a0 f   libxlsxwriter:hash_table.obj
 0001:00033894       lxw_hash_free              0000000180034894 f   libxlsxwriter:hash_table.obj
 0001:00033970       lxw_new_attribute_str      0000000180034970 f   libxlsxwriter:xmlwriter.obj
 0001:000339e0       lxw_new_attribute_int      00000001800349e0 f   libxlsxwriter:xmlwriter.obj
 0001:00033a50       lxw_new_attribute_dbl      0000000180034a50 f   libxlsxwriter:xmlwriter.obj
 0001:00033ac4       lxw_xml_declaration        0000000180034ac4 f   libxlsxwriter:xmlwriter.obj
 0001:00033ad8       lxw_xml_start_tag          0000000180034ad8 f   libxlsxwriter:xmlwriter.obj
 0001:00033b24       lxw_xml_start_tag_unencoded 0000000180034b24 f   libxlsxwriter:xmlwriter.obj
 0001:00033b94       lxw_xml_end_tag            0000000180034b94 f   libxlsxwriter:xmlwriter.obj
 0001:00033bac       lxw_xml_empty_tag          0000000180034bac f   libxlsxwriter:xmlwriter.obj
 0001:00033bf8       lxw_xml_empty_tag_unencoded 0000000180034bf8 f   libxlsxwriter:xmlwriter.obj
 0001:00033c68       lxw_xml_data_element       0000000180034c68 f   libxlsxwriter:xmlwriter.obj
 0001:00033ce8       lxw_xml_rich_si_element    0000000180034ce8 f   libxlsxwriter:xmlwriter.obj
 0001:00033d00       lxw_has_control_characters 0000000180034d00 f   libxlsxwriter:xmlwriter.obj
 0001:00033d24       lxw_escape_control_characters 0000000180034d24 f   libxlsxwriter:xmlwriter.obj
 0001:00033dfc       lxw_escape_url_characters  0000000180034dfc f   libxlsxwriter:xmlwriter.obj
 0001:00033f20       lxw_escape_data            0000000180034f20 f   libxlsxwriter:xmlwriter.obj
 0001:000341d4       lxw_sst_new                00000001800351d4 f   libxlsxwriter:shared_strings.obj
 0001:000342a4       lxw_sst_free               00000001800352a4 f   libxlsxwriter:shared_strings.obj
 0001:00034320       lxw_get_sst_index          0000000180035320 f   libxlsxwriter:shared_strings.obj
 0001:000343d4       lxw_sst_assemble_xml_file  00000001800353d4 f   libxlsxwriter:shared_strings.obj
 0001:00034924       lxw_drawing_new            0000000180035924 f   libxlsxwriter:drawing.obj
 0001:000349b4       lxw_drawing_free           00000001800359b4 f   libxlsxwriter:drawing.obj
 0001:00034a10       lxw_drawing_assemble_xml_file 0000000180035a10 f   libxlsxwriter:drawing.obj
 0001:00034a90       lxw_free_drawing_object    0000000180035a90 f   libxlsxwriter:drawing.obj
 0001:00034ac4       lxw_add_drawing_object     0000000180035ac4 f   libxlsxwriter:drawing.obj
 0001:00036380       lxw_styles_new             0000000180037380 f   libxlsxwriter:styles.obj
 0001:00036438       lxw_styles_free            0000000180037438 f   libxlsxwriter:styles.obj
 0001:000364d8       lxw_styles_assemble_xml_file 00000001800374d8 f   libxlsxwriter:styles.obj
 0001:00036550       lxw_styles_write_string_fragment 0000000180037550 f   libxlsxwriter:styles.obj
 0001:00036618       lxw_styles_write_rich_font 0000000180037618 f   libxlsxwriter:styles.obj
 0001:00039000       lxw_packager_new           000000018003a000 f   libxlsxwriter:packager.obj
 0001:00039118       lxw_packager_free          000000018003a118 f   libxlsxwriter:packager.obj
 0001:0003914c       lxw_create_package         000000018003a14c f   libxlsxwriter:packager.obj
 0001:0003933c       _open_zipfile_win32        000000018003a33c f   libxlsxwriter:packager.obj
 0001:000393f4       _get_chart_count           000000018003a3f4 f   libxlsxwriter:packager.obj
 0001:00039418       _get_drawing_count         000000018003a418 f   libxlsxwriter:packager.obj
 0001:00039458       _get_table_count           000000018003a458 f   libxlsxwriter:packager.obj
 0001:0003b3fc       lxw_relationships_new      000000018003c3fc f   libxlsxwriter:relationships.obj
 0001:0003b48c       lxw_free_relationships     000000018003c48c f   libxlsxwriter:relationships.obj
 0001:0003b50c       lxw_relationships_assemble_xml_file 000000018003c50c f   libxlsxwriter:relationships.obj
 0001:0003b53c       lxw_add_document_relationship 000000018003c53c f   libxlsxwriter:relationships.obj
 0001:0003b564       lxw_add_package_relationship 000000018003c564 f   libxlsxwriter:relationships.obj
 0001:0003b58c       lxw_add_ms_package_relationship 000000018003c58c f   libxlsxwriter:relationships.obj
 0001:0003b5b4       lxw_add_worksheet_relationship 000000018003c5b4 f   libxlsxwriter:relationships.obj
 0001:0003b958       lxw_app_new                000000018003c958 f   libxlsxwriter:app.obj
 0001:0003ba10       lxw_app_free               000000018003ca10 f   libxlsxwriter:app.obj
 0001:0003bacc       lxw_app_assemble_xml_file  000000018003cacc f   libxlsxwriter:app.obj
 0001:0003bb5c       lxw_app_add_part_name      000000018003cb5c f   libxlsxwriter:app.obj
 0001:0003bc1c       lxw_app_add_heading_pair   000000018003cc1c f   libxlsxwriter:app.obj
 0001:0003c2a4       lxw_core_new               000000018003d2a4 f   libxlsxwriter:core.obj
 0001:0003c2f4       lxw_core_free              000000018003d2f4 f   libxlsxwriter:core.obj
 0001:0003c310       lxw_core_assemble_xml_file 000000018003d310 f   libxlsxwriter:core.obj
 0001:0003c7b4       lxw_custom_new             000000018003d7b4 f   libxlsxwriter:custom.obj
 0001:0003c804       lxw_custom_free            000000018003d804 f   libxlsxwriter:custom.obj
 0001:0003c820       lxw_custom_assemble_xml_file 000000018003d820 f   libxlsxwriter:custom.obj
 0001:0003cc58       lxw_table_new              000000018003dc58 f   libxlsxwriter:table.obj
 0001:0003cca8       lxw_table_free             000000018003dca8 f   libxlsxwriter:table.obj
 0001:0003ccc4       lxw_table_assemble_xml_file 000000018003dcc4 f   libxlsxwriter:table.obj
 0001:0003d514       lxw_theme_new              000000018003e514 f   libxlsxwriter:theme.obj
 0001:0003d564       lxw_theme_free             000000018003e564 f   libxlsxwriter:theme.obj
 0001:0003d580       lxw_theme_assemble_xml_file 000000018003e580 f   libxlsxwriter:theme.obj
 0001:0003d5f4       lxw_content_types_new      000000018003e5f4 f   libxlsxwriter:content_types.obj
 0001:0003d730       lxw_content_types_free     000000018003e730 f   libxlsxwriter:content_types.obj
 0001:0003d7f4       lxw_content_types_assemble_xml_file 000000018003e7f4 f   libxlsxwriter:content_types.obj
 0001:0003d834       lxw_ct_add_default         000000018003e834 f   libxlsxwriter:content_types.obj
 0001:0003d928       lxw_ct_add_override        000000018003e928 f   libxlsxwriter:content_types.obj
 0001:0003da1c       lxw_ct_add_worksheet_name  000000018003ea1c f   libxlsxwriter:content_types.obj
 0001:0003da30       lxw_ct_add_chartsheet_name 000000018003ea30 f   libxlsxwriter:content_types.obj
 0001:0003da44       lxw_ct_add_chart_name      000000018003ea44 f   libxlsxwriter:content_types.obj
 0001:0003da58       lxw_ct_add_drawing_name    000000018003ea58 f   libxlsxwriter:content_types.obj
 0001:0003da6c       lxw_ct_add_table_name      000000018003ea6c f   libxlsxwriter:content_types.obj
 0001:0003da80       lxw_ct_add_comment_name    000000018003ea80 f   libxlsxwriter:content_types.obj
 0001:0003da94       lxw_ct_add_vml_name        000000018003ea94 f   libxlsxwriter:content_types.obj
 0001:0003dab0       lxw_ct_add_shared_strings  000000018003eab0 f   libxlsxwriter:content_types.obj
 0001:0003dacc       lxw_ct_add_calc_chain      000000018003eacc f   libxlsxwriter:content_types.obj
 0001:0003dae8       lxw_ct_add_custom_properties 000000018003eae8 f   libxlsxwriter:content_types.obj
 0001:0003db04       lxw_ct_add_metadata        000000018003eb04 f   libxlsxwriter:content_types.obj
 0001:0003dd98       lxw_vml_new                000000018003ed98 f   libxlsxwriter:vml.obj
 0001:0003dde8       lxw_vml_free               000000018003ede8 f   libxlsxwriter:vml.obj
 0001:0003de04       lxw_vml_assemble_xml_file  000000018003ee04 f   libxlsxwriter:vml.obj
 0001:00040130       lxw_comment_new            0000000180041130 f   libxlsxwriter:comment.obj
 0001:000401b8       lxw_comment_free           00000001800411b8 f   libxlsxwriter:comment.obj
 0001:00040240       lxw_comment_assemble_xml_file 0000000180041240 f   libxlsxwriter:comment.obj
 0001:00040a8c       lxw_metadata_new           0000000180041a8c f   libxlsxwriter:metadata.obj
 0001:00040adc       lxw_metadata_free          0000000180041adc f   libxlsxwriter:metadata.obj
 0001:00040af8       lxw_metadata_assemble_xml_file 0000000180041af8 f   libxlsxwriter:metadata.obj
 0001:0004134c       zipOpen                    000000018004234c f   minizip:zip.obj
 0001:00041360       zipOpen64                  0000000180042360 f   minizip:zip.obj
 0001:00041374       zipOpen2                   0000000180042374 f   minizip:zip.obj
 0001:000413d0       zipOpen2_64                00000001800423d0 f   minizip:zip.obj
 0001:00041424       zipOpenNewFileInZip        0000000180042424 f   minizip:zip.obj
 0001:000414b4       zipOpenNewFileInZip64      00000001800424b4 f   minizip:zip.obj
 0001:0004154c       zipOpenNewFileInZip2       000000018004254c f   minizip:zip.obj
 0001:000415e4       zipOpenNewFileInZip2_64    00000001800425e4 f   minizip:zip.obj
 0001:00041684       zipOpenNewFileInZip3       0000000180042684 f   minizip:zip.obj
 0001:00041738       zipOpenNewFileInZip3_64    0000000180042738 f   minizip:zip.obj
 0001:000417f4       zipOpenNewFileInZip4       00000001800427f4 f   minizip:zip.obj
 0001:000418b4       zipOpenNewFileInZip4_64    00000001800428b4 f   minizip:zip.obj
 0001:00041dd4       zipWriteInFileInZip        0000000180042dd4 f   minizip:zip.obj
 0001:00041f28       zipCloseFileInZip          0000000180042f28 f   minizip:zip.obj
 0001:00041f38       zipCloseFileInZipRaw       0000000180042f38 f   minizip:zip.obj
 0001:00041f48       zipCloseFileInZipRaw64     0000000180042f48 f   minizip:zip.obj
 0001:000423dc       zipClose                   00000001800433dc f   minizip:zip.obj
 0001:00042544       zipRemoveExtraInfoBlock    0000000180043544 f   minizip:zip.obj
 0001:00042638       LoadCentralDirectoryRecord 0000000180043638 f   minizip:zip.obj
 0001:000429b4       zipOpen3                   00000001800439b4 f   minizip:zip.obj
 0001:00042b60       Write_LocalFileHeader      0000000180043b60 f   minizip:zip.obj
 0001:00042dbc       Write_Zip64EndOfCentralDirectoryLocator 0000000180043dbc f   minizip:zip.obj
 0001:00042e40       Write_Zip64EndOfCentralDirectoryRecord 0000000180043e40 f   minizip:zip.obj
 0001:00042f7c       Write_EndOfCentralDirectoryRecord 0000000180043f7c f   minizip:zip.obj
 0001:000430bc       Write_GlobalComment        00000001800440bc f   minizip:zip.obj
 0001:000439e0       fill_win32_filefunc        00000001800449e0 f   minizip:iowin32.obj
 0001:00043a38       fill_win32_filefunc64      0000000180044a38 f   minizip:iowin32.obj
 0001:00043a90       fill_win32_filefunc64A     0000000180044a90 f   minizip:iowin32.obj
 0001:00043ae8       fill_win32_filefunc64W     0000000180044ae8 f   minizip:iowin32.obj
 0001:00043b40       win32_open_file_func       0000000180044b40 f   minizip:iowin32.obj
 0001:00043bb8       win32_read_file_func       0000000180044bb8 f   minizip:iowin32.obj
 0001:00043c1c       win32_write_file_func      0000000180044c1c f   minizip:iowin32.obj
 0001:00043c80       win32_tell64_file_func     0000000180044c80 f   minizip:iowin32.obj
 0001:00043cdc       win32_seek64_file_func     0000000180044cdc f   minizip:iowin32.obj
 0001:00043d54       win32_close_file_func      0000000180044d54 f   minizip:iowin32.obj
 0001:00043d94       win32_error_file_func      0000000180044d94 f   minizip:iowin32.obj
 0001:00043da8       win32_open64_file_func     0000000180044da8 f   minizip:iowin32.obj
 0001:00043e20       win32_open64_file_funcA    0000000180044e20 f   minizip:iowin32.obj
 0001:00043e98       win32_open64_file_funcW    0000000180044e98 f   minizip:iowin32.obj
 0001:00043f10       win32_tell_file_func       0000000180044f10 f   minizip:iowin32.obj
 0001:00043f6c       win32_seek_file_func       0000000180044f6c f   minizip:iowin32.obj
 0001:000440f4       fill_fopen64_filefunc      00000001800450f4 f   minizip:ioapi.obj
 0001:0004414c       fill_fopen_filefunc        000000018004514c f   minizip:ioapi.obj
 0001:000441a4       call_zopen64               00000001800451a4 f   minizip:ioapi.obj
 0001:000441c0       call_zseek64               00000001800451c0 f   minizip:ioapi.obj
 0001:000441f0       call_ztell64               00000001800451f0 f   minizip:ioapi.obj
 0001:00044228       fill_zlib_filefunc64_32_def_from_filefunc32 0000000180045228 f   minizip:ioapi.obj
 0001:00044448       tmpfileplus                0000000180045448 f   tmpfileplus:tmpfileplus.obj
 0001:00044578       tmpfileplus_f              0000000180045578 f   tmpfileplus:tmpfileplus.obj
 0001:000448ac       MD5_Init                   00000001800458ac f   md5:md5.obj
 0001:000448d8       MD5_Update                 00000001800458d8 f   md5:md5.obj
 0001:000449a8       MD5_Final                  00000001800459a8 f   md5:md5.obj
 0001:0004558c       calloc                     000000018004658c f   toroC64:Calloc.obj
 0001:000455cc       isupper                    00000001800465cc f   toroC64:isupper.obj
 0001:000455d8       isdigit                    00000001800465d8 f   toroC64:isdigit.obj
 0001:000455ec       isalnum                    00000001800465ec f   toroC64:isalnum.obj
 0001:00045614       tolower                    0000000180046614 f   toroC64:tolower.obj
 0001:00045634       _wfopen                    0000000180046634 f   toroC64:_Wfopen.obj
 0001:000456d8       atoi                       00000001800466d8 f   toroC64:atoi.obj
 0001:000456fc       feof                       00000001800466fc f   toroC64:Feof.obj
 0001:0004571c       fseek                      000000018004671c f   toroC64:Fseek.obj
 0001:00045724       ftell                      0000000180046724 f   toroC64:Ftell.obj
 0001:0004572c       rewind                     000000018004672c f   toroC64:Rewind.obj
 0001:00045748       memmove                    0000000180046748 f   toroC64:MemMove.obj
 0001:000457a8       strchr                     00000001800467a8 f   toroC64:StrChr.obj
 0001:000457d8       strrchr                    00000001800467d8 f   toroC64:StrRChr.obj
 0001:00045828       strstr                     0000000180046828 f   toroC64:StrStr.obj
 0001:0004586c       strcat                     000000018004686c f   toroC64:StrCat.obj
 0001:0004589c       strpbrk                    000000018004689c f   toroC64:StrPbrk.obj
 0001:000458dc       isspace                    00000001800468dc f   toroC64:isspace.obj
 0001:00045900       __chkstk                   0000000180046900 f   toroC64:__chkstk64.obj
 0001:00045914       isxdigit                   0000000180046914 f   toroC64:isxdigit.obj
 0001:00045940       _gmtime64                  0000000180046940 f   toroC64:gmtime.obj
 0001:0004594c       gmtime                     000000018004694c f   toroC64:gmtime.obj
 0001:00045970       ferror                     0000000180046970 f   toroC64:Ferror.obj
 0001:00045990       _ftelli64                  0000000180046990 f   toroC64:_Ftelli64.obj
 0001:000459b8       _fdopen                    00000001800469b8 f   toroC64:_Fdopen.obj
 0001:00045a78       srand                      0000000180046a78 f   toroC64:srand.obj
 0001:00045a90       rand                       0000000180046a90 f   toroC64:rand.obj
 0001:00045abc       getenv                     0000000180046abc f   toroC64:getenv.obj
 0001:00045ae8       _stat64i32                 0000000180046ae8 f   toroC64:_stat64i32.obj
 0001:00045b9c       _open                      0000000180046b9c f   toroC64:_Open.obj
 0001:00045cac       isalpha                    0000000180046cac f   toroC64:isalpha.obj
 0001:00045cd4       wcstombs                   0000000180046cd4 f   toroC64:wcstombs.obj
 0001:00045d24       wcslen                     0000000180046d24 f   toroC64:WcsLen.obj
 0001:00045d38       fsetpos                    0000000180046d38 f   toroC64:Fsetpos.obj
 0001:00045d6c       fgetpos                    0000000180046d6c f   toroC64:Fgetpos.obj
 0001:00045dcc       _fileno                    0000000180046dcc f   toroC64:_Fileno.obj
 0001:00045e30       islower                    0000000180046e30 f   toroC64:islower.obj
 0001:00045e44       __cdeIsIOBuffer            0000000180046e44 f   toroC64:__cdeIsIOBuffer.obj
 0001:00045ea0       _w4uUEFIMultiByteToWideChar 0000000180046ea0 f   LibWin324UEFI:MultiByteToWideChar.obj
 0001:00045f2c       _w4uCreateFileA            0000000180046f2c f   LibWin324UEFI:CreateFileA.obj
 0001:000460b4       _w4uCreateFileW            00000001800470b4 f   LibWin324UEFI:CreateFileW.obj
 0001:000462fc       _w4uCloseHandle            00000001800472fc f   LibWin324UEFI:CloseHandle.obj
 0001:00046354       deflate                    0000000180047354 f   zlibstat:deflate.obj
 0001:00046cb4       deflateEnd                 0000000180047cb4 f   zlibstat:deflate.obj
 0001:00046d88       deflateSetDictionary       0000000180047d88 f   zlibstat:deflate.obj
 0001:00046f64       deflateGetDictionary       0000000180047f64 f   zlibstat:deflate.obj
 0001:00046fe0       deflateCopy                0000000180047fe0 f   zlibstat:deflate.obj
 0001:0004719c       deflateReset               000000018004819c f   zlibstat:deflate.obj
 0001:000471d0       deflateParams              00000001800481d0 f   zlibstat:deflate.obj
 0001:0004734c       deflateTune                000000018004834c f   zlibstat:deflate.obj
 0001:00047398       deflateBound               0000000180048398 f   zlibstat:deflate.obj
 0001:0004749c       deflatePending             000000018004849c f   zlibstat:deflate.obj
 0001:000474e4       deflatePrime               00000001800484e4 f   zlibstat:deflate.obj
 0001:000475a8       deflateSetHeader           00000001800485a8 f   zlibstat:deflate.obj
 0001:000475e0       deflateInit_               00000001800485e0 f   zlibstat:deflate.obj
 0001:00047614       deflateInit2_              0000000180048614 f   zlibstat:deflate.obj
 0001:00047890       deflateResetKeep           0000000180048890 f   zlibstat:deflate.obj
 0001:00049290       crc32                      000000018004a290 f   zlibstat:crc32.obj
 0001:000492a0       crc32_z                    000000018004a2a0 f   zlibstat:crc32.obj
 0001:0004956c       crc32_combine_op           000000018004a56c f   zlibstat:crc32.obj
 0001:0004958c       crc32_combine              000000018004a58c f   zlibstat:crc32.obj
 0001:00049598       crc32_combine_gen          000000018004a598 f   zlibstat:crc32.obj
 0001:000495a4       get_crc_table              000000018004a5a4 f   zlibstat:crc32.obj
 0001:000495b4       crc32_combine64            000000018004a5b4 f   zlibstat:crc32.obj
 0001:000495ec       crc32_combine_gen64        000000018004a5ec f   zlibstat:crc32.obj
 0001:000496a4       _tr_init                   000000018004a6a4 f   zlibstat:trees.obj
 0001:00049714       _tr_tally                  000000018004a714 f   zlibstat:trees.obj
 0001:000497ec       _tr_flush_block            000000018004a7ec f   zlibstat:trees.obj
 0001:00049a34       _tr_flush_bits             000000018004aa34 f   zlibstat:trees.obj
 0001:00049a40       _tr_align                  000000018004aa40 f   zlibstat:trees.obj
 0001:00049b28       _tr_stored_block           000000018004ab28 f   zlibstat:trees.obj
 0001:0004b030       adler32                    000000018004c030 f   zlibstat:adler32.obj
 0001:0004b040       adler32_z                  000000018004c040 f   zlibstat:adler32.obj
 0001:0004b32c       adler32_combine            000000018004c32c f   zlibstat:adler32.obj
 0001:0004b33c       adler32_combine64          000000018004c33c f   zlibstat:adler32.obj
 0001:0004b414       zlibVersion                000000018004c414 f   zlibstat:zutil.obj
 0001:0004b424       zlibCompileFlags           000000018004c424 f   zlibstat:zutil.obj
 0001:0004b430       zError                     000000018004c430 f   zlibstat:zutil.obj
 0001:0004b44c       zcalloc                    000000018004c44c f   zlibstat:zutil.obj
 0001:0004b460       zcfree                     000000018004c460 f   zlibstat:zutil.obj
 0002:00000000       __xc_a                     000000018004d000     toroC64:osifUefiShellEntryPoint.obj
 0002:00000010       __xc_z                     000000018004d010     toroC64:osifUefiShellEntryPoint.obj
[...]
 0002:00013434       $unwind$lxw_table_assemble_xml_file 0000000180060434     libxlsxwriter:table.obj
 0002:0001343c       $unwind$_table_write_table 000000018006043c     libxlsxwriter:table.obj
 0002:00013450       $unwind$lxw_theme_new      0000000180060450     libxlsxwriter:theme.obj
 0002:00013458       $unwind$lxw_theme_free     0000000180060458     libxlsxwriter:theme.obj
 0002:00013460       $unwind$lxw_theme_assemble_xml_file 0000000180060460     libxlsxwriter:theme.obj
 0002:00013474       $unwind$lxw_content_types_new 0000000180060474     libxlsxwriter:content_types.obj
 0002:00013480       $unwind$lxw_content_types_free 0000000180060480     libxlsxwriter:content_types.obj
 0002:0001348c       $unwind$lxw_content_types_assemble_xml_file 000000018006048c     libxlsxwriter:content_types.obj
 0002:00013494       $unwind$lxw_ct_add_default 0000000180060494     libxlsxwriter:content_types.obj
 0002:000134a8       $unwind$lxw_ct_add_override 00000001800604a8     libxlsxwriter:content_types.obj
 0002:000134bc       $unwind$lxw_vml_new        00000001800604bc     libxlsxwriter:vml.obj
 0002:000134c4       $unwind$lxw_vml_free       00000001800604c4     libxlsxwriter:vml.obj
 0002:000134cc       $unwind$lxw_vml_assemble_xml_file 00000001800604cc     libxlsxwriter:vml.obj
 0002:000134dc       $unwind$_vml_write_anchor  00000001800604dc     libxlsxwriter:vml.obj
 0002:000134e8       $unwind$_vml_write_image_shape 00000001800604e8     libxlsxwriter:vml.obj
 0002:00013508       $unwind$_vml_write_image_shapetype 0000000180060508     libxlsxwriter:vml.obj
 0002:00013514       $unwind$_vml_write_button_shape 0000000180060514     libxlsxwriter:vml.obj
 0002:0001352c       $unwind$_vml_write_button_shapetype 000000018006052c     libxlsxwriter:vml.obj
 0002:0001352c       $unwind$_vml_write_comment_shapetype 000000018006052c     libxlsxwriter:vml.obj
 0002:00013538       $unwind$_vml_write_comment_shape 0000000180060538     libxlsxwriter:vml.obj
 0002:00013554       $unwind$_vml_write_xml_namespace 0000000180060554     libxlsxwriter:vml.obj
 0002:00013564       $unwind$lxw_comment_new    0000000180060564     libxlsxwriter:comment.obj
 0002:00013570       $unwind$lxw_comment_free   0000000180060570     libxlsxwriter:comment.obj
 0002:00013580       $unwind$lxw_comment_assemble_xml_file 0000000180060580     libxlsxwriter:comment.obj
 0002:00013588       $unwind$_get_author_index  0000000180060588     libxlsxwriter:comment.obj
 0002:00013598       $unwind$_comment_write_color 0000000180060598     libxlsxwriter:comment.obj
 0002:000135a4       $unwind$lxw_metadata_new   00000001800605a4     libxlsxwriter:metadata.obj
 0002:000135ac       $unwind$lxw_metadata_free  00000001800605ac     libxlsxwriter:metadata.obj
 0002:000135b4       $unwind$lxw_metadata_assemble_xml_file 00000001800605b4     libxlsxwriter:metadata.obj
 0002:000135bc       $unwind$zipOpen2           00000001800605bc     minizip:zip.obj
 0002:000135cc       $unwind$zipOpen2_64        00000001800605cc     minizip:zip.obj
 0002:000135d4       $unwind$zipOpenNewFileInZip 00000001800605d4     minizip:zip.obj
 0002:000135dc       $unwind$zipOpenNewFileInZip64 00000001800605dc     minizip:zip.obj
 0002:000135e4       $unwind$zipOpenNewFileInZip2 00000001800605e4     minizip:zip.obj
 0002:000135ec       $unwind$zipOpenNewFileInZip2_64 00000001800605ec     minizip:zip.obj
 0002:000135f4       $unwind$zipOpenNewFileInZip3 00000001800605f4     minizip:zip.obj
 0002:000135fc       $unwind$zipOpenNewFileInZip3_64 00000001800605fc     minizip:zip.obj
 0002:00013604       $unwind$zipOpenNewFileInZip4 0000000180060604     minizip:zip.obj
 0002:0001360c       $unwind$zipOpenNewFileInZip4_64 000000018006060c     minizip:zip.obj
 0002:00013624       $unwind$zipWriteInFileInZip 0000000180060624     minizip:zip.obj
 0002:0001363c       $unwind$zipCloseFileInZipRaw64 000000018006063c     minizip:zip.obj
 0002:00013654       $unwind$zipClose           0000000180060654     minizip:zip.obj
 0002:00013670       $unwind$zipRemoveExtraInfoBlock 0000000180060670     minizip:zip.obj
 0002:0001368c       $unwind$LoadCentralDirectoryRecord 000000018006068c     minizip:zip.obj
 0002:000136a4       $unwind$zipOpen3           00000001800606a4     minizip:zip.obj
 0002:000136c0       $unwind$Write_LocalFileHeader 00000001800606c0     minizip:zip.obj
 0002:000136dc       $unwind$Write_Zip64EndOfCentralDirectoryLocator 00000001800606dc     minizip:zip.obj
 0002:000136e8       $unwind$Write_Zip64EndOfCentralDirectoryRecord 00000001800606e8     minizip:zip.obj
 0002:000136fc       $unwind$Write_EndOfCentralDirectoryRecord 00000001800606fc     minizip:zip.obj
 0002:00013718       $unwind$Write_GlobalComment 0000000180060718     minizip:zip.obj
 0002:0001372c       $unwind$zip64local_getLong 000000018006072c     minizip:zip.obj
 0002:0001372c       $unwind$zip64local_getShort 000000018006072c     minizip:zip.obj
 0002:00013740       $unwind$zip64local_getLong64 0000000180060740     minizip:zip.obj
 0002:00013758       $unwind$zip64local_SearchCentralDir 0000000180060758     minizip:zip.obj
 0002:00013774       $unwind$win32_open_file_func 0000000180060774     minizip:iowin32.obj
 0002:0001377c       $unwind$win32_read_file_func 000000018006077c     minizip:iowin32.obj
 0002:00013788       $unwind$win32_write_file_func 0000000180060788     minizip:iowin32.obj
 0002:00013794       $unwind$win32_tell64_file_func 0000000180060794     minizip:iowin32.obj
 0002:000137a0       $unwind$win32_seek64_file_func 00000001800607a0     minizip:iowin32.obj
 0002:000137ac       $unwind$win32_close_file_func 00000001800607ac     minizip:iowin32.obj
 0002:000137b8       $unwind$win32_open64_file_func 00000001800607b8     minizip:iowin32.obj
 0002:000137c0       $unwind$win32_open64_file_funcA 00000001800607c0     minizip:iowin32.obj
 0002:000137c8       $unwind$win32_open64_file_funcW 00000001800607c8     minizip:iowin32.obj
 0002:000137d0       $unwind$win32_tell_file_func 00000001800607d0     minizip:iowin32.obj
 0002:000137dc       $unwind$win32_seek_file_func 00000001800607dc     minizip:iowin32.obj
 0002:000137e8       $unwind$MySetFilePointerEx 00000001800607e8     minizip:iowin32.obj
 0002:000137fc       $unwind$call_ztell64       00000001800607fc     minizip:ioapi.obj
 0002:00013804       $unwind$fopen_file_func    0000000180060804     minizip:ioapi.obj
 0002:0001380c       $unwind$fseek64_file_func  000000018006080c     minizip:ioapi.obj
 0002:00013814       $unwind$fopen64_file_func  0000000180060814     minizip:ioapi.obj
 0002:0001381c       $unwind$fseek_file_func    000000018006081c     minizip:ioapi.obj
 0002:00013824       $unwind$tmpfileplus        0000000180060824     tmpfileplus:tmpfileplus.obj
 0002:00013840       $unwind$tmpfileplus_f      0000000180060840     tmpfileplus:tmpfileplus.obj
 0002:00013850       $unwind$mktempfile_internal 0000000180060850     tmpfileplus:tmpfileplus.obj
 0002:00013868       $unwind$MD5_Update         0000000180060868     md5:md5.obj
 0002:00013880       $unwind$MD5_Final          0000000180060880     md5:md5.obj
 0002:00013890       $unwind$body               0000000180060890     md5:md5.obj
 0002:000138a8       $unwind$calloc             00000001800608a8     toroC64:Calloc.obj
 0002:000138b4       $unwind$isalnum            00000001800608b4     toroC64:isalnum.obj
 0002:000138c0       $unwind$tolower            00000001800608c0     toroC64:tolower.obj
 0002:000138c8       $unwind$_wfopen            00000001800608c8     toroC64:_Wfopen.obj
 0002:000138e0       $unwind$atoi               00000001800608e0     toroC64:atoi.obj
 0002:000138e8       $unwind$feof               00000001800608e8     toroC64:Feof.obj
 0002:000138f0       $unwind$rewind             00000001800608f0     toroC64:Rewind.obj
 0002:000138f8       $unwind$memmove            00000001800608f8     toroC64:MemMove.obj
 0002:00013908       $unwind$strchr             0000000180060908     toroC64:StrChr.obj
 0002:00013910       $unwind$strrchr            0000000180060910     toroC64:StrRChr.obj
 0002:0001391c       $unwind$strcat             000000018006091c     toroC64:StrCat.obj
 0002:00013928       $unwind$strpbrk            0000000180060928     toroC64:StrPbrk.obj
 0002:00013934       $unwind$isxdigit           0000000180060934     toroC64:isxdigit.obj
 0002:0001393c       $unwind$gmtime             000000018006093c     toroC64:gmtime.obj
 0002:00013944       $unwind$ferror             0000000180060944     toroC64:Ferror.obj
 0002:0001394c       $unwind$_ftelli64          000000018006094c     toroC64:_Ftelli64.obj
 0002:00013954       $unwind$_fdopen            0000000180060954     toroC64:_Fdopen.obj
 0002:00013968       $unwind$srand              0000000180060968     toroC64:srand.obj
 0002:00013970       $unwind$rand               0000000180060970     toroC64:rand.obj
 0002:00013978       $unwind$getenv             0000000180060978     toroC64:getenv.obj
 0002:00013980       $unwind$_stat64i32         0000000180060980     toroC64:_stat64i32.obj
 0002:00013998       $unwind$_open              0000000180060998     toroC64:_Open.obj
 0002:000139a8       $unwind$isalpha            00000001800609a8     toroC64:isalpha.obj
 0002:000139b4       $unwind$wcstombs           00000001800609b4     toroC64:wcstombs.obj
 0002:000139bc       $unwind$fsetpos            00000001800609bc     toroC64:Fsetpos.obj
 0002:000139c8       $unwind$fgetpos            00000001800609c8     toroC64:Fgetpos.obj
 0002:000139dc       $unwind$_fileno            00000001800609dc     toroC64:_Fileno.obj
 0002:000139ec       $unwind$__cdeIsIOBuffer    00000001800609ec     toroC64:__cdeIsIOBuffer.obj
 0002:00013a00       $unwind$_w4uUEFIMultiByteToWideChar 0000000180060a00     LibWin324UEFI:MultiByteToWideChar.obj
 0002:00013a10       $unwind$_w4uCreateFileA    0000000180060a10     LibWin324UEFI:CreateFileA.obj
 0002:00013a2c       $unwind$_w4uCreateFileW    0000000180060a2c     LibWin324UEFI:CreateFileW.obj
 0002:00013a48       $unwind$_w4uReadFile       0000000180060a48     LibWin324UEFI:ReadFile.obj
 0002:00013a54       $unwind$_w4uUEFISetFilePointer 0000000180060a54     LibWin324UEFI:SetFilePointer.obj
 0002:00013a6c       $unwind$_w4uWriteFile      0000000180060a6c     LibWin324UEFI:WriteFile.obj
 0002:00013a78       $unwind$_w4uCloseHandle    0000000180060a78     LibWin324UEFI:CloseHandle.obj
 0002:00013a84       $unwind$deflate            0000000180060a84     zlibstat:deflate.obj
 0002:00013aa0       $unwind$deflateEnd         0000000180060aa0     zlibstat:deflate.obj
 0002:00013abc       $unwind$deflateSetDictionary 0000000180060abc     zlibstat:deflate.obj
 0002:00013ad8       $unwind$deflateGetDictionary 0000000180060ad8     zlibstat:deflate.obj
 0002:00013ae4       $unwind$deflateCopy        0000000180060ae4     zlibstat:deflate.obj
 0002:00013af4       $unwind$deflateReset       0000000180060af4     zlibstat:deflate.obj
 0002:00013b00       $unwind$deflateParams      0000000180060b00     zlibstat:deflate.obj
 0002:00013b18       $unwind$deflateTune        0000000180060b18     zlibstat:deflate.obj
 0002:00013b20       $unwind$deflateBound       0000000180060b20     zlibstat:deflate.obj
 0002:00013b28       $unwind$deflatePending     0000000180060b28     zlibstat:deflate.obj
 0002:00013b30       $unwind$deflatePrime       0000000180060b30     zlibstat:deflate.obj
 0002:00013b48       $unwind$deflateSetHeader   0000000180060b48     zlibstat:deflate.obj
 0002:00013b50       $unwind$deflateInit_       0000000180060b50     zlibstat:deflate.obj
 0002:00013b58       $unwind$deflateInit2_      0000000180060b58     zlibstat:deflate.obj
 0002:00013b74       $unwind$deflateResetKeep   0000000180060b74     zlibstat:deflate.obj
 0002:00013b80       $unwind$deflate_stored     0000000180060b80     zlibstat:deflate.obj
 0002:00013b9c       $unwind$deflate_fast       0000000180060b9c     zlibstat:deflate.obj
 0002:00013bb4       $unwind$deflate_slow       0000000180060bb4     zlibstat:deflate.obj
 0002:00013bd0       $unwind$longest_match      0000000180060bd0     zlibstat:deflate.obj
 0002:00013bec       $unwind$crc32_z            0000000180060bec     zlibstat:crc32.obj
 0002:00013c04       $unwind$crc32_combine_op   0000000180060c04     zlibstat:crc32.obj
 0002:00013c0c       $unwind$crc32_combine64    0000000180060c0c     zlibstat:crc32.obj
 0002:00013c18       $unwind$_tr_tally          0000000180060c18     zlibstat:trees.obj
 0002:00013c20       $unwind$_tr_flush_block    0000000180060c20     zlibstat:trees.obj
 0002:00013c38       $unwind$_tr_stored_block   0000000180060c38     zlibstat:trees.obj
 0002:00013c44       $unwind$gen_bitlen         0000000180060c44     zlibstat:trees.obj
 0002:00013c5c       $unwind$build_tree         0000000180060c5c     zlibstat:trees.obj
 0002:00013c5c       $unwind$send_all_trees     0000000180060c5c     zlibstat:trees.obj
 0002:00013c78       $unwind$send_tree          0000000180060c78     zlibstat:trees.obj
 0002:00013c94       $unwind$compress_block     0000000180060c94     zlibstat:trees.obj
 0003:000003d8       ?buildtimestamp@@3QBDB     00000001800613d8     main.obj
 0003:000003f0       ?parms@@3PAU<unnamed-type-parms>@@A 00000001800613f0     main.obj
 0003:00000878       ?pStart@?9??main@@9@4PEAEEA 0000000180061878     main.obj
 0003:00000880       ?wcsSeparator17@?NA@??main@@9@4PAGA 0000000180061880     main.obj
 0003:000008b8       ?rgstrProgress@?1??TextWindowUpdateProgress@CTextWindow@@QEAAXXZ@4PAPEBDA 00000001800618b8     TextWindow.obj
 0003:000008e0       gCdeSystemVolumes          00000001800618e0     toroC64:osifUefiShellEntryPoint.obj
 0003:000017f0       gCdeServicesShell          00000001800627f0     toroC64:osifUefiShellEntryPoint.obj
 0003:00001fa0       _gEfiStatusCodeRuntimeProtocolGuid 0000000180062fa0     toroC64:osifUefiShellEntryPoint.obj
 0003:00001fb0       ?EfiLoadedImageProtocolGuid@?1??_MainEntryPointShell@@9@9 0000000180062fb0     toroC64:osifUefiShellEntryPoint.obj
 0003:00001fc0       ?EfiShellParametersProtocolGuid@?L@??_MainEntryPointShell@@9@9 0000000180062fc0     toroC64:osifUefiShellEntryPoint.obj
 0003:00001fd0       ?EfiAcpi20TableGuid@?N@??_MainEntryPointShell@@9@9 0000000180062fd0     toroC64:osifUefiShellEntryPoint.obj
 0003:00001fe0       RomParm                    0000000180062fe0     toroC64:Vswprintf.obj
 0003:00001fe8       RomParm                    0000000180062fe8     toroC64:Sscanf.obj
 0003:00002000       rgszSysErrors              0000000180063000     toroC64:StrError.obj
 0003:00002158       ROMPARM                    0000000180063158     toroC64:_StrICmp.obj
 0003:00002160       ROMPARM                    0000000180063160     toroC64:StrNCmp.obj
 0003:00002168       ROMPARM                    0000000180063168     toroC64:_StrNICmp.obj
 0003:00002170       rgszEfiErrors              0000000180063170     toroC64:_StrEfiError.obj
 0003:00002270       ROMPARM                    0000000180063270     toroC64:StrCmp.obj
 0003:0000227c       RomParm                    000000018006327c     toroC64:Vsnwprintf.obj
 0003:00002284       ROMPARM                    0000000180063284     toroC64:WcsTok.obj
 0003:00002288       ?action@?4??_cdeCoreMemRealloc@@9@9 0000000180063288     toroC64:_cdeCoreMemRealloc.obj
 0003:00002290       tblMode                    0000000180063290     toroC64:osifUefiShellFileOpen.obj
 0003:00002490       ?wcsSHELL@?1??myConIOPutStr@@9@9 0000000180063490     toroC64:osifUefiShellCmdExec.obj
 0003:000024c8       ?wcsMAP@?1??myConIOPutStr@@9@9 00000001800634c8     toroC64:osifUefiShellCmdExec.obj
 0003:000024e8       ?wcsALIAS@?1??myConIOPutStr@@9@9 00000001800634e8     toroC64:osifUefiShellCmdExec.obj
 0003:00002500       ?wcsBLK@?1??myConIOPutStr@@9@9 0000000180063500     toroC64:osifUefiShellCmdExec.obj
 0003:00002518       ?wcsBLK2@?1??myConIOPutStr@@9@9 0000000180063518     toroC64:osifUefiShellCmdExec.obj
 0003:00002528       ?wcsFS@?1??myConIOPutStr@@9@9 0000000180063528     toroC64:osifUefiShellCmdExec.obj
 0003:00002540       ?wcsFS2@?1??myConIOPutStr@@9@9 0000000180063540     toroC64:osifUefiShellCmdExec.obj
 0003:00002610       ROMPARM                    0000000180063610     toroC64:MemCmpCDEINTRINABI.obj
 0003:00002650       ROMPARM                    0000000180063650     toroC64:StrTok.obj
 0003:00002658       RomParm                    0000000180063658     toroC64:Vfscanf.obj
 0003:00002664       RomParm                    0000000180063664     toroC64:Vsnprintf.obj
 0003:000027d0       ?RomParm@?1??_cdeCoreSprintf@@9@9 00000001800637d0     toroC64:_cdeCoreSprintf.obj
 0003:00002818       ROMPARM                    0000000180063818     toroC64:WcsNCmpCDEABI.obj
 0003:00002830       ROMPARM                    0000000180063830     toroC64:WcsTokCDEABI.obj
 0003:00002840       ROMPARM                    0000000180063840     toroC64:_WcsICmpCDEABI.obj
 0003:00002850       ROMPARM                    0000000180063850     toroC64:StrCmpCDEABI.obj
 0003:00002860       ROMPARM                    0000000180063860     toroC64:_StrICmpCDEABI.obj
 0003:000028f8       ROMPARM                    00000001800638f8     toroC64:StrNCmpCDEABI.obj
 0003:00002958       RomParm                    0000000180063958     toroC64:VsnprintfCDEABI.obj
 0003:00002968       ?sigorder@?1??_cdeSig2idx@@9@9 0000000180063968     toroC64:_cdeSig2idx.obj
 0003:00002988       ROMPARM                    0000000180063988     toroC64:StrTokCDEABI.obj
 0003:000029a0       RomParm                    00000001800639a0     toroC64:_cdeSscanf.obj
 0003:000029f0       ?EfiAcpi20TableGuid@?1??GetSystemFirmwareTable4UEFI@@9@9 00000001800639f0     LibWin324UEFI:GetSystemFirmwareTable.obj
 0003:00003320       tblMode                    0000000180064320     toroC64:_Fdopen.obj
 0003:00003bc0       ?statbuf4DiffTSC@@3PA_JA   0000000180064bc0     main.obj
 0003:0001c260       ?statbuf4DriftSecPerDay@@3PANA 000000018007d260     main.obj
 0003:00034970       ?PITB2BStat@@3PAGA         0000000180095970     main.obj
 0003:00035334       ?cntSamples@@3HA           0000000180096334     main.obj
 0003:00035340       ?ACPIB2BStat@@3PAHA        0000000180096340     main.obj
 0003:000366d0       ?DSDT@?9??main@@9@4PAEA    00000001800976d0     main.obj
 0003:001366d0       ?endclk@?1??TextWindowUpdateProgress@CTextWindow@@QEAAXXZ@4JA 00000001801976d0     TextWindow.obj
 0003:001366f0       _iob                       00000001801976f0     toroC64:osifUefiShellEntryPoint.obj
 0003:001386f0       ?DblData@?CA@??_cdeCoreVwxPrintf@@9@9 00000001801996f0     toroC64:_cdeCoreVwxPrintf.obj
 0003:00138c80       ?wcBuffer@?1??_osifUefiShellFileWrite@@9@9 0000000180199c80     toroC64:osifUefiShellFileWrite.obj
 0003:00139090       ?zBuf64k@?O@??_osifUefiShellFileWrite@@9@9 000000018019a090     toroC64:osifUefiShellFileWrite.obj
 0003:00149090       ?wcbuffer@?3??_osifUefiShellFileRead@@9@9 00000001801aa090     toroC64:osifUefiShellFileRead.obj
 0003:00149490       ?wcsFilePath@?5??_osifUefiShellFileOpen@@9@9 00000001801aa490     toroC64:osifUefiShellFileOpen.obj
 0003:001496a0       ?wcsFileName@?5??_osifUefiShellFileOpen@@9@9 00000001801aa6a0     toroC64:osifUefiShellFileOpen.obj
 0003:001498a8       ?wcsDrive@?5??_osifUefiShellFileOpen@@9@9 00000001801aa8a8     toroC64:osifUefiShellFileOpen.obj
 0003:001498c8       ?wcsDrive2@?5??_osifUefiShellFileOpen@@9@9 00000001801aa8c8     toroC64:osifUefiShellFileOpen.obj
 0003:001498f0       state                      00000001801aa8f0     toroC64:osifUefiShellCmdExec.obj
 0003:00149900       ?wcsCommand@?1??_osifUefiShellCmdExec@@9@9 00000001801aa900     toroC64:osifUefiShellCmdExec.obj
 0003:00149b10       ?buffer@?1??_osifUefiShellGetEnv@@9@9 00000001801aab10     toroC64:osifUefiShellGetEnv.obj
 0003:00149d14       ?seed@?1??set_randpart@@9@9 00000001801aad14     tmpfileplus:tmpfileplus.obj
 0003:00149d20       _w4uiobuf                  00000001801aad20     LibWin324UEFI:CreateFileA.obj
